Archive member included to satisfy reference by file (symbol)

app/libapp.a(main.c.obj)      (--whole-archive)
zephyr/libzephyr.a(heap.c.obj)
                              (--whole-archive)
zephyr/libzephyr.a(cbprintf_packaged.c.obj)
                              (--whole-archive)
zephyr/libzephyr.a(clock.c.obj)
                              (--whole-archive)
zephyr/libzephyr.a(printk.c.obj)
                              (--whole-archive)
zephyr/libzephyr.a(sem.c.obj)
                              (--whole-archive)
zephyr/libzephyr.a(thread_entry.c.obj)
                              (--whole-archive)
zephyr/libzephyr.a(cbprintf_complete.c.obj)
                              (--whole-archive)
zephyr/libzephyr.a(assert.c.obj)
                              (--whole-archive)
zephyr/libzephyr.a(mpsc_pbuf.c.obj)
                              (--whole-archive)
zephyr/libzephyr.a(dec.c.obj)
                              (--whole-archive)
zephyr/libzephyr.a(hex.c.obj)
                              (--whole-archive)
zephyr/libzephyr.a(rb.c.obj)  (--whole-archive)
zephyr/libzephyr.a(timeutil.c.obj)
                              (--whole-archive)
zephyr/libzephyr.a(bitarray.c.obj)
                              (--whole-archive)
zephyr/libzephyr.a(ring_buffer.c.obj)
                              (--whole-archive)
zephyr/libzephyr.a(last_section_id.c.obj)
                              (--whole-archive)
zephyr/libzephyr.a(configs.c.obj)
                              (--whole-archive)
zephyr/libzephyr.a(soc.c.obj)
                              (--whole-archive)
zephyr/libzephyr.a(mcxw71_platform_init.S.obj)
                              (--whole-archive)
zephyr/libzephyr.a(log_core.c.obj)
                              (--whole-archive)
zephyr/libzephyr.a(log_mgmt.c.obj)
                              (--whole-archive)
zephyr/libzephyr.a(log_cache.c.obj)
                              (--whole-archive)
zephyr/libzephyr.a(log_msg.c.obj)
                              (--whole-archive)
zephyr/libzephyr.a(log_output.c.obj)
                              (--whole-archive)
zephyr/libzephyr.a(log_backend_uart.c.obj)
                              (--whole-archive)
zephyr/libzephyr.a(mem_attr.c.obj)
                              (--whole-archive)
zephyr/libzephyr.a(tracing_none.c.obj)
                              (--whole-archive)
zephyr/arch/common/libarch__common.a(sw_isr_common.c.obj)
                              (--whole-archive)
zephyr/arch/arch/arm/core/libarch__arm__core.a(fatal.c.obj)
                              (--whole-archive)
zephyr/arch/arch/arm/core/libarch__arm__core.a(nmi.c.obj)
                              (--whole-archive)
zephyr/arch/arch/arm/core/libarch__arm__core.a(nmi_on_reset.S.obj)
                              (--whole-archive)
zephyr/arch/arch/arm/core/libarch__arm__core.a(tls.c.obj)
                              (--whole-archive)
zephyr/arch/arch/arm/core/cortex_m/libarch__arm__core__cortex_m.a(exc_exit.c.obj)
                              (--whole-archive)
zephyr/arch/arch/arm/core/cortex_m/libarch__arm__core__cortex_m.a(fault.c.obj)
                              (--whole-archive)
zephyr/arch/arch/arm/core/cortex_m/libarch__arm__core__cortex_m.a(fault_s.S.obj)
                              (--whole-archive)
zephyr/arch/arch/arm/core/cortex_m/libarch__arm__core__cortex_m.a(fpu.c.obj)
                              (--whole-archive)
zephyr/arch/arch/arm/core/cortex_m/libarch__arm__core__cortex_m.a(reset.S.obj)
                              (--whole-archive)
zephyr/arch/arch/arm/core/cortex_m/libarch__arm__core__cortex_m.a(scb.c.obj)
                              (--whole-archive)
zephyr/arch/arch/arm/core/cortex_m/libarch__arm__core__cortex_m.a(thread_abort.c.obj)
                              (--whole-archive)
zephyr/arch/arch/arm/core/cortex_m/libarch__arm__core__cortex_m.a(vector_table.S.obj)
                              (--whole-archive)
zephyr/arch/arch/arm/core/cortex_m/libarch__arm__core__cortex_m.a(swap_helper.S.obj)
                              (--whole-archive)
zephyr/arch/arch/arm/core/cortex_m/libarch__arm__core__cortex_m.a(irq_manage.c.obj)
                              (--whole-archive)
zephyr/arch/arch/arm/core/cortex_m/libarch__arm__core__cortex_m.a(prep_c.c.obj)
                              (--whole-archive)
zephyr/arch/arch/arm/core/cortex_m/libarch__arm__core__cortex_m.a(thread.c.obj)
                              (--whole-archive)
zephyr/arch/arch/arm/core/cortex_m/libarch__arm__core__cortex_m.a(cpu_idle.c.obj)
                              (--whole-archive)
zephyr/arch/arch/arm/core/cortex_m/libarch__arm__core__cortex_m.a(irq_init.c.obj)
                              (--whole-archive)
zephyr/arch/arch/arm/core/cortex_m/libarch__arm__core__cortex_m.a(isr_wrapper.c.obj)
                              (--whole-archive)
zephyr/arch/arch/arm/core/cortex_m/libarch__arm__core__cortex_m.a(__aeabi_read_tp.S.obj)
                              (--whole-archive)
[...]
Memory Configuration

Name             Origin             Length             Attributes
FLASH            0x0000000010000000 0x0000000000100000 xr
RAM              0x0000000030000000 0x000000000001a000 xw
RetainedMem      0x000000003001a000 0x0000000000002000 rw
rpmsg_sh_mem     0x00000000589c8800 0x0000000000001800 rw
IDT_LIST         0x00000000ffff7fff 0x0000000000008000 xw
*default*        0x0000000000000000 0xffffffffffffffff

Linker script and memory map

                0x000000001000457c                vfprintf = __l_vfprintf
                0x0000000000000000                vfscanf = __l_vfscanf
LOAD zephyr/CMakeFiles/zephyr_pre0.dir/misc/empty_file.c.obj
LOAD zephyr/CMakeFiles/offsets.dir/./arch/arm/core/offsets/offsets.c.obj
LOAD app/libapp.a
LOAD zephyr/libzephyr.a
LOAD zephyr/arch/common/libarch__common.a
LOAD zephyr/arch/arch/arm/core/libarch__arm__core.a
LOAD zephyr/arch/arch/arm/core/cortex_m/libarch__arm__core__cortex_m.a
LOAD zephyr/arch/arch/arm/core/cortex_m/cmse/libarch__arm__core__cortex_m__cmse.a
LOAD zephyr/arch/arch/arm/core/mpu/libarch__arm__core__mpu.a
LOAD zephyr/lib/libc/picolibc/liblib__libc__picolibc.a
LOAD zephyr/lib/libc/common/liblib__libc__common.a
LOAD zephyr/drivers/clock_control/libdrivers__clock_control.a
LOAD zephyr/drivers/console/libdrivers__console.a
LOAD zephyr/drivers/gpio/libdrivers__gpio.a
LOAD zephyr/drivers/pinctrl/libdrivers__pinctrl.a
LOAD zephyr/drivers/pwm/libdrivers__pwm.a
LOAD zephyr/drivers/serial/libdrivers__serial.a
LOAD zephyr/drivers/timer/libdrivers__timer.a
LOAD modules/hal_nxp/libmodules__hal_nxp.a
LOAD zephyr/kernel/libkernel.a
LOAD zephyr/arch/common/libisr_tables.a
LOAD c:\users\cjwsa\zephyr-sdk-0.17.0\arm-zephyr-eabi\bin\../lib/gcc/../../picolibc/arm-zephyr-eabi/lib/thumb/v8-m.main/nofp\libc.a
LOAD c:/users/cjwsa/zephyr-sdk-0.17.0/arm-zephyr-eabi/bin/../lib/gcc/arm-zephyr-eabi/12.2.0/thumb/v8-m.main/nofp\libgcc.a
                0x0000000000002000                m_sector_size = 0x2000
                0x00000000000fffff                m_flash_end = 0xfffff
                0x0000000000002000                m_fsl_prodInfo_size = m_sector_size
                0x00000000000fe000                m_fsl_prodInfo_start = ((m_flash_end - m_fsl_prodInfo_size) + 0x1)
                0x00000000000fffff                m_fsl_prodInfo_end = m_flash_end
                0x00000000000fe000                PROD_DATA_BASE_ADDR = m_fsl_prodInfo_start
                0x0000000000000020                _region_min_align = 0x20

.rel.plt        0x0000000010000000        0x0
 *(SORT_BY_ALIGNMENT(.rel.plt))
                [!provide]                        PROVIDE (__rel_iplt_start = .)
 *(SORT_BY_ALIGNMENT(.rel.iplt))
 .rel.iplt      0x0000000010000000        0x0 app/libapp.a(main.c.obj)
                [!provide]                        PROVIDE (__rel_iplt_end = .)

.rela.plt       0x0000000000000000        0x0
 *(SORT_BY_ALIGNMENT(.rela.plt))
                [!provide]                        PROVIDE (__rela_iplt_start = .)
 *(SORT_BY_ALIGNMENT(.rela.iplt))
                [!provide]                        PROVIDE (__rela_iplt_end = .)

.rel.dyn
 *(SORT_BY_ALIGNMENT(.rel.*))

.rela.dyn
 *(SORT_BY_ALIGNMENT(.rela.*))

/DISCARD/
 *(SORT_BY_ALIGNMENT(.plt))

/DISCARD/
 *(SORT_BY_ALIGNMENT(.iplt))
                0x0000000010000000                __rom_region_start = 0x10000000

rom_start       0x0000000010000000      0x16c
                0x0000000010000000                __rom_start_address = .
 FILL mask 0x00
                0x0000000010000000                . = (. + (0x0 - (. - __rom_start_address)))
                0x0000000010000000                . = ALIGN (0x4)
                0x0000000010000000                . = ALIGN (0x80)
                0x0000000010000000                . = ALIGN (0x200)
                0x0000000010000000                _vector_start = .
 *(SORT_BY_ALIGNMENT(.exc_vector_table))
 *(SORT_BY_ALIGNMENT(.exc_vector_table.*))
 .exc_vector_table._vector_table_section
                0x0000000010000000       0x40 zephyr/arch/arch/arm/core/cortex_m/libarch__arm__core__cortex_m.a(vector_table.S.obj)
                0x0000000010000000                _vector_table
 *(SORT_BY_ALIGNMENT(.vectors))
                0x000000001000016c                _vector_end = .
                0x0000000010000040                . = ALIGN (0x4)
 *(SORT_BY_ALIGNMENT(.gnu.linkonce.irq_vector_table*))
 .gnu.linkonce.irq_vector_table
                0x0000000010000040      0x12c zephyr/arch/common/libisr_tables.a(isr_tables.c.obj)
                0x0000000010000040                _irq_vector_table
                0x000000001000016c                _vector_end = .

text            0x0000000010000170     0x5d18
                0x0000000010000170                __text_region_start = .
 *(SORT_BY_ALIGNMENT(.text))
 .text          0x0000000010000170       0x30 c:/users/cjwsa/zephyr-sdk-0.17.0/arm-zephyr-eabi/bin/../lib/gcc/arm-zephyr-eabi/12.2.0/thumb/v8-m.main/nofp\libgcc.a(_aeabi_uldivmod.o)
                0x0000000010000170                __aeabi_uldivmod
 .text          0x00000000100001a0        0x4 c:/users/cjwsa/zephyr-sdk-0.17.0/arm-zephyr-eabi/bin/../lib/gcc/arm-zephyr-eabi/12.2.0/thumb/v8-m.main/nofp\libgcc.a(_dvmd_tls.o)
                0x00000000100001a0                __aeabi_idiv0
                0x00000000100001a0                __aeabi_ldiv0
 .text          0x00000000100001a4       0x10 c:\users\cjwsa\zephyr-sdk-0.17.0\arm-zephyr-eabi\bin\../lib/gcc/../../picolibc/arm-zephyr-eabi/lib/thumb/v8-m.main/nofp\libc.a(strlen.S.o)
                0x00000000100001a4                strlen
 .text          0x00000000100001b4      0x29c c:/users/cjwsa/zephyr-sdk-0.17.0/arm-zephyr-eabi/bin/../lib/gcc/arm-zephyr-eabi/12.2.0/thumb/v8-m.main/nofp\libgcc.a(_udivmoddi4.o)
                0x00000000100001b4                __udivmoddi4
 *(SORT_BY_ALIGNMENT(.text.*))
 .text.pwm_set_pulse_dt
                0x0000000010000450       0xac app/libapp.a(main.c.obj)
 .text.main     0x00000000100004fc       0xd0 app/libapp.a(main.c.obj)
                0x00000000100004fc                main
 .text.cbvprintf_package
                0x00000000100005cc      0x3a4 zephyr/libzephyr.a(cbprintf_packaged.c.obj)
                0x00000000100005cc                cbvprintf_package
 .text.cbprintf_package_convert
                0x0000000010000970      0x3cc zephyr/libzephyr.a(cbprintf_packaged.c.obj)
                0x0000000010000970                cbprintf_package_convert
 .text.__printk_hook_install
                0x0000000010000d3c        0xc zephyr/libzephyr.a(printk.c.obj)
                0x0000000010000d3c                __printk_hook_install
 .text.z_thread_entry
                0x0000000010000d48       0x34 zephyr/libzephyr.a(thread_entry.c.obj)
                0x0000000010000d48                z_thread_entry
 .text.clock_init
                0x0000000010000d7c      0x1fc zephyr/libzephyr.a(soc.c.obj)
                0x0000000010000d7c                clock_init
 .text.soc_early_init_hook
                0x0000000010000f78       0x2c zephyr/libzephyr.a(soc.c.obj)
                0x0000000010000f78                soc_early_init_hook
 .text._reset_section
                0x0000000010000fa4       0x58 zephyr/libzephyr.a(mcxw71_platform_init.S.obj)
                0x0000000010000fa4                soc_reset_hook
 .text.activate_foreach_backend
                0x0000000010000ffc       0x64 zephyr/libzephyr.a(log_core.c.obj)
 .text.enable_logger
                0x0000000010001060       0x5c zephyr/libzephyr.a(log_core.c.obj)
 .text.log_process_thread_timer_expiry_fn
                0x00000000100010bc        0xc zephyr/libzephyr.a(log_core.c.obj)
 .text.z_log_init
                0x00000000100010c8       0x94 zephyr/libzephyr.a(log_core.c.obj)
 .text.log_format_func_t_get
                0x000000001000115c        0xc zephyr/libzephyr.a(log_core.c.obj)
                0x000000001000115c                log_format_func_t_get
 .text.log_set_timestamp_func
                0x0000000010001168       0x20 zephyr/libzephyr.a(log_core.c.obj)
                0x0000000010001168                log_set_timestamp_func
 .text.z_log_notify_backend_enabled
                0x0000000010001188       0x1c zephyr/libzephyr.a(log_core.c.obj)
                0x0000000010001188                z_log_notify_backend_enabled
 .text.z_log_dropped
                0x00000000100011a4       0x3c zephyr/libzephyr.a(log_core.c.obj)
                0x00000000100011a4                z_log_dropped
 .text.z_log_dropped_read_and_clear
                0x00000000100011e0       0x18 zephyr/libzephyr.a(log_core.c.obj)
                0x00000000100011e0                z_log_dropped_read_and_clear
 .text.dropped_notify
                0x00000000100011f8       0x30 zephyr/libzephyr.a(log_core.c.obj)
                0x00000000100011f8                dropped_notify
 .text.z_log_msg_init
                0x0000000010001228       0x20 zephyr/libzephyr.a(log_core.c.obj)
                0x0000000010001228                z_log_msg_init
 .text.log_core_init
                0x0000000010001248       0x50 zephyr/libzephyr.a(log_core.c.obj)
                0x0000000010001248                log_core_init
 .text.z_log_msg_alloc
                0x0000000010001298       0x10 zephyr/libzephyr.a(log_core.c.obj)
                0x0000000010001298                z_log_msg_alloc
 .text.z_log_msg_local_claim
                0x00000000100012a8        0xc zephyr/libzephyr.a(log_core.c.obj)
                0x00000000100012a8                z_log_msg_local_claim
 .text.z_log_msg_free
                0x00000000100012b4       0x10 zephyr/libzephyr.a(log_core.c.obj)
                0x00000000100012b4                z_log_msg_free
 .text.z_log_msg_pending
                0x00000000100012c4        0xc zephyr/libzephyr.a(log_core.c.obj)
                0x00000000100012c4                z_log_msg_pending
 .text.z_impl_log_process
                0x00000000100012d0       0xac zephyr/libzephyr.a(log_core.c.obj)
                0x00000000100012d0                z_impl_log_process
 .text.z_impl_log_panic
                0x000000001000137c       0x44 zephyr/libzephyr.a(log_core.c.obj)
                0x000000001000137c                z_impl_log_panic
 .text.log_process_thread_func
                0x00000000100013c0       0xa4 zephyr/libzephyr.a(log_core.c.obj)
 .text.z_log_msg_post_finalize
                0x0000000010001464       0x78 zephyr/libzephyr.a(log_core.c.obj)
 .text.z_log_msg_commit
                0x00000000100014dc       0x24 zephyr/libzephyr.a(log_core.c.obj)
                0x00000000100014dc                z_log_msg_commit
 .text.log_source_name_get
                0x0000000010001500       0x1c zephyr/libzephyr.a(log_mgmt.c.obj)
                0x0000000010001500                log_source_name_get
 .text.z_impl_z_log_msg_static_create
                0x000000001000151c      0x108 zephyr/libzephyr.a(log_msg.c.obj)
                0x000000001000151c                z_impl_z_log_msg_static_create
 .text.z_log_msg_runtime_vcreate
                0x0000000010001624       0xa0 zephyr/libzephyr.a(log_msg.c.obj)
                0x0000000010001624                z_log_msg_runtime_vcreate
 .text.log_msg_get_source_id
                0x00000000100016c4       0x18 zephyr/libzephyr.a(log_msg.c.obj)
                0x00000000100016c4                log_msg_get_source_id
 .text.print_formatted
                0x00000000100016dc       0x24 zephyr/libzephyr.a(log_output.c.obj)
 .text.newline_print
                0x0000000010001700       0x1c zephyr/libzephyr.a(log_output.c.obj)
 .text.log_output_process
                0x000000001000171c      0x2d4 zephyr/libzephyr.a(log_output.c.obj)
                0x000000001000171c                log_output_process
 .text.log_output_dropped_process
                0x00000000100019f0       0x58 zephyr/libzephyr.a(log_output.c.obj)
                0x00000000100019f0                log_output_dropped_process
 .text.log_output_timestamp_freq_set
                0x0000000010001a48       0x2c zephyr/libzephyr.a(log_output.c.obj)
                0x0000000010001a48                log_output_timestamp_freq_set
 .text.char_out
                0x0000000010001a74       0x24 zephyr/libzephyr.a(log_backend_uart.c.obj)
 .text.mem_attr_get_regions
                0x0000000010001a98        0xc zephyr/libzephyr.a(mem_attr.c.obj)
                0x0000000010001a98                mem_attr_get_regions
 .text.z_arm_fatal_error
                0x0000000010001aa4       0xb8 zephyr/arch/arch/arm/core/libarch__arm__core.a(fatal.c.obj)
                0x0000000010001aa4                z_arm_fatal_error
 .text.z_SysNmiOnReset
                0x0000000010001b5c        0x8 zephyr/arch/arch/arm/core/libarch__arm__core.a(nmi_on_reset.S.obj)
                0x0000000010001b5c                z_SysNmiOnReset
 .text.arch_tls_stack_setup
                0x0000000010001b64       0x40 zephyr/arch/arch/arm/core/libarch__arm__core.a(tls.c.obj)
                0x0000000010001b64                arch_tls_stack_setup
 .text._HandlerModeExit
                0x0000000010001ba4       0x20 zephyr/arch/arch/arm/core/cortex_m/libarch__arm__core__cortex_m.a(exc_exit.c.obj)
                0x0000000010001ba4                z_arm_int_exit
                0x0000000010001ba4                z_arm_exc_exit
 .text.mem_manage_fault.constprop.0
                0x0000000010001bc4       0xd0 zephyr/arch/arch/arm/core/cortex_m/libarch__arm__core__cortex_m.a(fault.c.obj)
 .text.usage_fault.constprop.0
                0x0000000010001c94       0xbc zephyr/arch/arch/arm/core/cortex_m/libarch__arm__core__cortex_m.a(fault.c.obj)
 .text.secure_fault.constprop.0
                0x0000000010001d50       0xec zephyr/arch/arch/arm/core/cortex_m/libarch__arm__core__cortex_m.a(fault.c.obj)
 .text.bus_fault.constprop.0
                0x0000000010001e3c       0xd0 zephyr/arch/arch/arm/core/cortex_m/libarch__arm__core__cortex_m.a(fault.c.obj)
 .text.z_arm_fault
                0x0000000010001f0c      0x214 zephyr/arch/arch/arm/core/cortex_m/libarch__arm__core__cortex_m.a(fault.c.obj)
                0x0000000010001f0c                z_arm_fault
 .text.z_arm_fault_init
                0x0000000010002120       0x18 zephyr/arch/arch/arm/core/cortex_m/libarch__arm__core__cortex_m.a(fault.c.obj)
                0x0000000010002120                z_arm_fault_init
 .text.__fault  0x0000000010002138       0x14 zephyr/arch/arch/arm/core/cortex_m/libarch__arm__core__cortex_m.a(fault_s.S.obj)
                0x0000000010002138                z_arm_bus_fault
                0x0000000010002138                z_arm_usage_fault
                0x0000000010002138                z_arm_mpu_fault
                0x0000000010002138                z_arm_exc_spurious
                0x0000000010002138                z_arm_debug_monitor
                0x0000000010002138                z_arm_hard_fault
                0x0000000010002138                z_arm_secure_fault
 .text._reset_section
                0x000000001000214c       0x38 zephyr/arch/arch/arm/core/cortex_m/libarch__arm__core__cortex_m.a(reset.S.obj)
                0x000000001000214c                __start
                0x000000001000214c                z_arm_reset
 .text.z_impl_k_thread_abort
                0x0000000010002184       0x2c zephyr/arch/arch/arm/core/cortex_m/libarch__arm__core__cortex_m.a(thread_abort.c.obj)
                0x0000000010002184                z_impl_k_thread_abort
 .text.z_arm_pendsv
                0x00000000100021b0       0x54 zephyr/arch/arch/arm/core/cortex_m/libarch__arm__core__cortex_m.a(swap_helper.S.obj)
                0x00000000100021b0                z_arm_pendsv
 .text.z_arm_svc
                0x0000000010002204       0x24 zephyr/arch/arch/arm/core/cortex_m/libarch__arm__core__cortex_m.a(swap_helper.S.obj)
                0x0000000010002204                z_arm_svc
 .text.arm_irq_enable
                0x0000000010002228       0x1c zephyr/arch/arch/arm/core/cortex_m/libarch__arm__core__cortex_m.a(irq_manage.c.obj)
                0x0000000010002228                arm_irq_enable
 .text.arm_irq_priority_set
                0x0000000010002244       0x2c zephyr/arch/arch/arm/core/cortex_m/libarch__arm__core__cortex_m.a(irq_manage.c.obj)
                0x0000000010002244                arm_irq_priority_set
 .text.relocate_vector_table
                0x0000000010002270       0x1c zephyr/arch/arch/arm/core/cortex_m/libarch__arm__core__cortex_m.a(prep_c.c.obj)
                0x0000000010002270                relocate_vector_table
 .text.z_prep_c
                0x000000001000228c       0x38 zephyr/arch/arch/arm/core/cortex_m/libarch__arm__core__cortex_m.a(prep_c.c.obj)
                0x000000001000228c                z_prep_c
 .text.arch_new_thread
                0x00000000100022c4       0x38 zephyr/arch/arch/arm/core/cortex_m/libarch__arm__core__cortex_m.a(thread.c.obj)
                0x00000000100022c4                arch_new_thread
 .text.arch_switch_to_main_thread
                0x00000000100022fc       0x38 zephyr/arch/arch/arm/core/cortex_m/libarch__arm__core__cortex_m.a(thread.c.obj)
                0x00000000100022fc                arch_switch_to_main_thread
 .text.z_arm_cpu_idle_init
                0x0000000010002334        0xc zephyr/arch/arch/arm/core/cortex_m/libarch__arm__core__cortex_m.a(cpu_idle.c.obj)
                0x0000000010002334                z_arm_cpu_idle_init
 .text.z_arm_interrupt_init
                0x0000000010002340       0x18 zephyr/arch/arch/arm/core/cortex_m/libarch__arm__core__cortex_m.a(irq_init.c.obj)
                0x0000000010002340                z_arm_interrupt_init
 .text._isr_wrapper
                0x0000000010002358       0x24 zephyr/arch/arch/arm/core/cortex_m/libarch__arm__core__cortex_m.a(isr_wrapper.c.obj)
                0x0000000010002358                _isr_wrapper
 .text.z_arm_configure_static_mpu_regions
                0x000000001000237c       0x38 zephyr/arch/arch/arm/core/mpu/libarch__arm__core__mpu.a(arm_core_mpu.c.obj)
                0x000000001000237c                z_arm_configure_static_mpu_regions
 .text.region_init
                0x00000000100023b4       0x34 zephyr/arch/arch/arm/core/mpu/libarch__arm__core__mpu.a(arm_mpu.c.obj)
 .text.region_allocate_and_init
                0x00000000100023e8       0x38 zephyr/arch/arch/arm/core/mpu/libarch__arm__core__mpu.a(arm_mpu.c.obj)
 .text.mpu_configure_regions_and_partition.constprop.0
                0x0000000010002420      0x164 zephyr/arch/arch/arm/core/mpu/libarch__arm__core__mpu.a(arm_mpu.c.obj)
 .text.arm_core_mpu_enable
                0x0000000010002584       0x18 zephyr/arch/arch/arm/core/mpu/libarch__arm__core__mpu.a(arm_mpu.c.obj)
                0x0000000010002584                arm_core_mpu_enable
 .text.arm_core_mpu_disable
                0x000000001000259c       0x14 zephyr/arch/arch/arm/core/mpu/libarch__arm__core__mpu.a(arm_mpu.c.obj)
                0x000000001000259c                arm_core_mpu_disable
 .text.arm_core_mpu_configure_static_mpu_regions
                0x00000000100025b0       0x14 zephyr/arch/arch/arm/core/mpu/libarch__arm__core__mpu.a(arm_mpu.c.obj)
                0x00000000100025b0                arm_core_mpu_configure_static_mpu_regions
 .text.arm_core_mpu_mark_areas_for_dynamic_regions
                0x00000000100025c4       0xb8 zephyr/arch/arch/arm/core/mpu/libarch__arm__core__mpu.a(arm_mpu.c.obj)
                0x00000000100025c4                arm_core_mpu_mark_areas_for_dynamic_regions
 .text.z_arm_mpu_init
                0x000000001000267c      0x11c zephyr/arch/arch/arm/core/mpu/libarch__arm__core__mpu.a(arm_mpu.c.obj)
                0x000000001000267c                z_arm_mpu_init
 .text.cbvprintf
                0x0000000010002798       0x38 zephyr/lib/libc/picolibc/liblib__libc__picolibc.a(cbprintf.c.obj)
                0x0000000010002798                cbvprintf
 .text.z_impl_zephyr_fputc
                0x00000000100027d0       0x10 zephyr/lib/libc/picolibc/liblib__libc__picolibc.a(stdio.c.obj)
                0x00000000100027d0                z_impl_zephyr_fputc
 .text.__stdout_hook_install
                0x00000000100027e0       0x18 zephyr/lib/libc/picolibc/liblib__libc__picolibc.a(stdio.c.obj)
                0x00000000100027e0                __stdout_hook_install
 .text.malloc_prepare
                0x00000000100027f8       0x24 zephyr/lib/libc/common/liblib__libc__common.a(malloc.c.obj)
 .text.mcux_scg_k4_get_rate.part.0
                0x000000001000281c       0x1c zephyr/drivers/clock_control/libdrivers__clock_control.a(clock_control_mcux_scg_k4.c.obj)
 .text.uart_console_init
                0x0000000010002838       0x28 zephyr/drivers/console/libdrivers__console.a(uart_console.c.obj)
 .text.console_out
                0x0000000010002860       0x28 zephyr/drivers/console/libdrivers__console.a(uart_console.c.obj)
 .text.pinctrl_mcux_init.part.0
                0x0000000010002888       0x1c zephyr/drivers/pinctrl/libdrivers__pinctrl.a(pinctrl_nxp_port.c.obj)
 .text.pinctrl_mcux_init
                0x00000000100028a4       0x44 zephyr/drivers/pinctrl/libdrivers__pinctrl.a(pinctrl_nxp_port.c.obj)
 .text.pinctrl_configure_pins
                0x00000000100028e8       0x40 zephyr/drivers/pinctrl/libdrivers__pinctrl.a(pinctrl_nxp_port.c.obj)
                0x00000000100028e8                pinctrl_configure_pins
 .text.mcux_tpm_set_cycles
                0x0000000010002928      0x138 zephyr/drivers/pwm/libdrivers__pwm.a(pwm_mcux_tpm.c.obj)
 .text.mcux_tpm_init
                0x0000000010002a60       0xd4 zephyr/drivers/pwm/libdrivers__pwm.a(pwm_mcux_tpm.c.obj)
 .text.elapsed  0x0000000010002b34       0x4c zephyr/drivers/timer/libdrivers__timer.a(cortex_m_systick.c.obj)
 .text.sys_clock_driver_init
                0x0000000010002b80       0x38 zephyr/drivers/timer/libdrivers__timer.a(cortex_m_systick.c.obj)
 .text.sys_clock_isr
                0x0000000010002bb8       0x60 zephyr/drivers/timer/libdrivers__timer.a(cortex_m_systick.c.obj)
                0x0000000010002bb8                sys_clock_isr
 .text.sys_clock_set_timeout
                0x0000000010002c18       0xfc zephyr/drivers/timer/libdrivers__timer.a(cortex_m_systick.c.obj)
                0x0000000010002c18                sys_clock_set_timeout
 .text.sys_clock_elapsed
                0x0000000010002d14       0x3c zephyr/drivers/timer/libdrivers__timer.a(cortex_m_systick.c.obj)
                0x0000000010002d14                sys_clock_elapsed
 .text.LPUART_GetInstance
                0x0000000010002d50       0x20 modules/hal_nxp/libmodules__hal_nxp.a(fsl_lpuart.c.obj)
                0x0000000010002d50                LPUART_GetInstance
 .text.LPUART_Init
                0x0000000010002d70      0x1c0 modules/hal_nxp/libmodules__hal_nxp.a(fsl_lpuart.c.obj)
                0x0000000010002d70                LPUART_Init
 .text.LPUART_Deinit
                0x0000000010002f30       0x44 modules/hal_nxp/libmodules__hal_nxp.a(fsl_lpuart.c.obj)
                0x0000000010002f30                LPUART_Deinit
 .text.LPUART_GetStatusFlags
                0x0000000010002f74       0x18 modules/hal_nxp/libmodules__hal_nxp.a(fsl_lpuart.c.obj)
                0x0000000010002f74                LPUART_GetStatusFlags
 .text.LPUART_ClearStatusFlags
                0x0000000010002f8c       0x3c modules/hal_nxp/libmodules__hal_nxp.a(fsl_lpuart.c.obj)
                0x0000000010002f8c                LPUART_ClearStatusFlags
 .text.TPM_GetInstance
                0x0000000010002fc8       0x30 modules/hal_nxp/libmodules__hal_nxp.a(fsl_tpm.c.obj)
                0x0000000010002fc8                TPM_GetInstance
 .text.TPM_Init
                0x0000000010002ff8       0xc4 modules/hal_nxp/libmodules__hal_nxp.a(fsl_tpm.c.obj)
                0x0000000010002ff8                TPM_Init
 .text.TPM_SetupPwm
                0x00000000100030bc      0x244 modules/hal_nxp/libmodules__hal_nxp.a(fsl_tpm.c.obj)
                0x00000000100030bc                TPM_SetupPwm
 .text.SystemInit
                0x0000000010003300       0x4c modules/hal_nxp/libmodules__hal_nxp.a(system_MCXW716C.c.obj)
                0x0000000010003300                SystemInit
 .text.CLOCK_DeinitSysOsc
                0x000000001000334c       0x28 modules/hal_nxp/libmodules__hal_nxp.a(fsl_clock.c.obj)
                0x000000001000334c                CLOCK_DeinitSysOsc
 .text.CLOCK_InitSysOsc
                0x0000000010003374       0x34 modules/hal_nxp/libmodules__hal_nxp.a(fsl_clock.c.obj)
                0x0000000010003374                CLOCK_InitSysOsc
 .text.CLOCK_GetSysOscFreq
                0x00000000100033a8       0x1c modules/hal_nxp/libmodules__hal_nxp.a(fsl_clock.c.obj)
                0x00000000100033a8                CLOCK_GetSysOscFreq
 .text.CLOCK_DeinitSirc
                0x00000000100033c4       0x24 modules/hal_nxp/libmodules__hal_nxp.a(fsl_clock.c.obj)
                0x00000000100033c4                CLOCK_DeinitSirc
 .text.CLOCK_InitSirc
                0x00000000100033e8       0x20 modules/hal_nxp/libmodules__hal_nxp.a(fsl_clock.c.obj)
                0x00000000100033e8                CLOCK_InitSirc
 .text.CLOCK_GetSircFreq
                0x0000000010003408       0x1c modules/hal_nxp/libmodules__hal_nxp.a(fsl_clock.c.obj)
                0x0000000010003408                CLOCK_GetSircFreq
 .text.CLOCK_DeinitFirc
                0x0000000010003424       0x28 modules/hal_nxp/libmodules__hal_nxp.a(fsl_clock.c.obj)
                0x0000000010003424                CLOCK_DeinitFirc
 .text.CLOCK_InitFirc
                0x000000001000344c       0x78 modules/hal_nxp/libmodules__hal_nxp.a(fsl_clock.c.obj)
                0x000000001000344c                CLOCK_InitFirc
 .text.CLOCK_GetFircFreq
                0x00000000100034c4       0x24 modules/hal_nxp/libmodules__hal_nxp.a(fsl_clock.c.obj)
                0x00000000100034c4                CLOCK_GetFircFreq
 .text.CLOCK_GetRtcOscFreq
                0x00000000100034e8       0x1c modules/hal_nxp/libmodules__hal_nxp.a(fsl_clock.c.obj)
                0x00000000100034e8                CLOCK_GetRtcOscFreq
 .text.CLOCK_GetSysClkFreq
                0x0000000010003504       0x60 modules/hal_nxp/libmodules__hal_nxp.a(fsl_clock.c.obj)
                0x0000000010003504                CLOCK_GetSysClkFreq
 .text.k_sys_fatal_error_handler
                0x0000000010003564       0x20 zephyr/kernel/libkernel.a(fatal.c.obj)
                0x0000000010003564                k_sys_fatal_error_handler
 .text.z_fatal_error
                0x0000000010003584       0xe8 zephyr/kernel/libkernel.a(fatal.c.obj)
                0x0000000010003584                z_fatal_error
 .text.z_sys_init_run_level
                0x000000001000366c       0x48 zephyr/kernel/libkernel.a(init.c.obj)
 .text.bg_thread_main
                0x00000000100036b4       0xc0 zephyr/kernel/libkernel.a(init.c.obj)
 .text.z_bss_zero
                0x0000000010003774       0x18 zephyr/kernel/libkernel.a(init.c.obj)
                0x0000000010003774                z_bss_zero
 .text.z_init_cpu
                0x000000001000378c       0x68 zephyr/kernel/libkernel.a(init.c.obj)
                0x000000001000378c                z_init_cpu
 .text.z_cstart
                0x00000000100037f4       0xe8 zephyr/kernel/libkernel.a(init.c.obj)
                0x00000000100037f4                z_cstart
 .text.z_impl_k_sem_give
                0x00000000100038dc       0x68 zephyr/kernel/libkernel.a(sem.c.obj)
                0x00000000100038dc                z_impl_k_sem_give
 .text.z_impl_k_sem_take
                0x0000000010003944       0x4c zephyr/kernel/libkernel.a(sem.c.obj)
                0x0000000010003944                z_impl_k_sem_take
 .text.z_setup_new_thread
                0x0000000010003990       0x7c zephyr/kernel/libkernel.a(thread.c.obj)
                0x0000000010003990                z_setup_new_thread
 .text.z_impl_k_thread_create
                0x0000000010003a0c       0x58 zephyr/kernel/libkernel.a(thread.c.obj)
                0x0000000010003a0c                z_impl_k_thread_create
 .text.z_dummy_thread_init
                0x0000000010003a64       0x18 zephyr/kernel/libkernel.a(thread.c.obj)
                0x0000000010003a64                z_dummy_thread_init
 .text.z_swap_irqlock
                0x0000000010003a7c       0x30 zephyr/kernel/libkernel.a(sched.c.obj)
 .text.ready_thread
                0x0000000010003aac       0x84 zephyr/kernel/libkernel.a(sched.c.obj)
 .text.unready_thread
                0x0000000010003b30       0x54 zephyr/kernel/libkernel.a(sched.c.obj)
 .text.add_thread_timeout
                0x0000000010003b84       0x1c zephyr/kernel/libkernel.a(sched.c.obj)
 .text.move_thread_to_end_of_prio_q
                0x0000000010003ba0       0x90 zephyr/kernel/libkernel.a(sched.c.obj)
                0x0000000010003ba0                move_thread_to_end_of_prio_q
 .text.z_pend_curr
                0x0000000010003c30       0x44 zephyr/kernel/libkernel.a(sched.c.obj)
                0x0000000010003c30                z_pend_curr
 .text.z_reschedule
                0x0000000010003c74       0x24 zephyr/kernel/libkernel.a(sched.c.obj)
                0x0000000010003c74                z_reschedule
 .text.z_reschedule_irqlock
                0x0000000010003c98       0x28 zephyr/kernel/libkernel.a(sched.c.obj)
                0x0000000010003c98                z_reschedule_irqlock
 .text.k_sched_lock
                0x0000000010003cc0       0x28 zephyr/kernel/libkernel.a(sched.c.obj)
                0x0000000010003cc0                k_sched_lock
 .text.k_sched_unlock
                0x0000000010003ce8       0x68 zephyr/kernel/libkernel.a(sched.c.obj)
                0x0000000010003ce8                k_sched_unlock
 .text.z_sched_init
                0x0000000010003d50       0x10 zephyr/kernel/libkernel.a(sched.c.obj)
                0x0000000010003d50                z_sched_init
 .text.z_impl_k_yield
                0x0000000010003d60       0x88 zephyr/kernel/libkernel.a(sched.c.obj)
                0x0000000010003d60                z_impl_k_yield
 .text.z_tick_sleep
                0x0000000010003de8       0x78 zephyr/kernel/libkernel.a(sched.c.obj)
 .text.z_impl_k_wakeup
                0x0000000010003e60       0x48 zephyr/kernel/libkernel.a(sched.c.obj)
                0x0000000010003e60                z_impl_k_wakeup
 .text.z_impl_k_sched_current_thread_query
                0x0000000010003ea8        0xc zephyr/kernel/libkernel.a(sched.c.obj)
                0x0000000010003ea8                z_impl_k_sched_current_thread_query
 .text.z_thread_abort
                0x0000000010003eb4      0x138 zephyr/kernel/libkernel.a(sched.c.obj)
                0x0000000010003eb4                z_thread_abort
 .text.slice_timeout
                0x0000000010003fec       0x20 zephyr/kernel/libkernel.a(timeslicing.c.obj)
 .text.thread_is_sliceable
                0x000000001000400c       0x3c zephyr/kernel/libkernel.a(timeslicing.c.obj)
                0x000000001000400c                thread_is_sliceable
 .text.z_reset_time_slice
                0x0000000010004048       0x50 zephyr/kernel/libkernel.a(timeslicing.c.obj)
                0x0000000010004048                z_reset_time_slice
 .text.z_time_slice
                0x0000000010004098       0x60 zephyr/kernel/libkernel.a(timeslicing.c.obj)
                0x0000000010004098                z_time_slice
 .text.z_data_copy
                0x00000000100040f8       0x38 zephyr/kernel/libkernel.a(xip.c.obj)
                0x00000000100040f8                z_data_copy
 .text.first    0x0000000010004130       0x10 zephyr/kernel/libkernel.a(timeout.c.obj)
 .text.elapsed  0x0000000010004140       0x14 zephyr/kernel/libkernel.a(timeout.c.obj)
 .text.remove_timeout
                0x0000000010004154       0x38 zephyr/kernel/libkernel.a(timeout.c.obj)
 .text.z_add_timeout
                0x000000001000418c      0x120 zephyr/kernel/libkernel.a(timeout.c.obj)
                0x000000001000418c                z_add_timeout
 .text.sys_clock_announce
                0x00000000100042ac       0xbc zephyr/kernel/libkernel.a(timeout.c.obj)
                0x00000000100042ac                sys_clock_announce
 .text.sys_clock_tick_get
                0x0000000010004368       0x30 zephyr/kernel/libkernel.a(timeout.c.obj)
                0x0000000010004368                sys_clock_tick_get
 .text.z_timer_expiration_handler
                0x0000000010004398      0x110 zephyr/kernel/libkernel.a(timer.c.obj)
                0x0000000010004398                z_timer_expiration_handler
 .text.z_impl_k_timer_start
                0x00000000100044a8       0x70 zephyr/kernel/libkernel.a(timer.c.obj)
                0x00000000100044a8                z_impl_k_timer_start
 .text.boot_banner
                0x0000000010004518        0xc zephyr/kernel/libkernel.a(banner.c.obj)
                0x0000000010004518                boot_banner
 .text.snprintf
                0x0000000010004524       0x58 c:\users\cjwsa\zephyr-sdk-0.17.0\arm-zephyr-eabi\bin\../lib/gcc/../../picolibc/arm-zephyr-eabi/lib/thumb/v8-m.main/nofp\libc.a(libc_tinystdio_snprintf.c.o)
                0x0000000010004524                snprintf
 .text.__l_vfprintf
                0x000000001000457c      0x4b4 c:\users\cjwsa\zephyr-sdk-0.17.0\arm-zephyr-eabi\bin\../lib/gcc/../../picolibc/arm-zephyr-eabi/lib/thumb/v8-m.main/nofp\libc.a(libc_tinystdio_vflprintf.c.o)
                0x000000001000457c                __l_vfprintf
 .text._OffsetAbsSyms
                0x0000000010004a30        0x2 zephyr/CMakeFiles/offsets.dir/./arch/arm/core/offsets/offsets.c.obj
                0x0000000010004a30                _OffsetAbsSyms
 .text.chunk_size
                0x0000000010004a32        0xa zephyr/libzephyr.a(heap.c.obj)
 .text.free_list_add
                0x0000000010004a3c       0x4e zephyr/libzephyr.a(heap.c.obj)
 .text.sys_heap_init
                0x0000000010004a8a       0x7a zephyr/libzephyr.a(heap.c.obj)
                0x0000000010004a8a                sys_heap_init
 .text.cbpprintf_external
                0x0000000010004b04       0x62 zephyr/libzephyr.a(cbprintf_packaged.c.obj)
                0x0000000010004b04                cbpprintf_external
 .text.is_ptr   0x0000000010004b66       0x4a zephyr/libzephyr.a(cbprintf_packaged.c.obj)
                0x0000000010004b66                is_ptr
 .text.arch_printk_char_out
                0x0000000010004bb0        0x4 zephyr/libzephyr.a(printk.c.obj)
                0x0000000010004bb0                arch_printk_char_out
 .text.printk   0x0000000010004bb4       0x1a zephyr/libzephyr.a(printk.c.obj)
                0x0000000010004bb4                printk
 .text.free_space
                0x0000000010004bce       0x26 zephyr/libzephyr.a(mpsc_pbuf.c.obj)
 .text.get_usage
                0x0000000010004bf4       0x22 zephyr/libzephyr.a(mpsc_pbuf.c.obj)
 .text.idx_inc  0x0000000010004c16       0x1c zephyr/libzephyr.a(mpsc_pbuf.c.obj)
 .text.rd_idx_inc
                0x0000000010004c32       0x18 zephyr/libzephyr.a(mpsc_pbuf.c.obj)
 .text.add_skip_item
                0x0000000010004c4a       0x3e zephyr/libzephyr.a(mpsc_pbuf.c.obj)
 .text.drop_item_locked
                0x0000000010004c88      0x100 zephyr/libzephyr.a(mpsc_pbuf.c.obj)
 .text.post_drop_action
                0x0000000010004d88       0x36 zephyr/libzephyr.a(mpsc_pbuf.c.obj)
 .text.max_utilization_update
                0x0000000010004dbe       0x1a zephyr/libzephyr.a(mpsc_pbuf.c.obj)
 .text.mpsc_pbuf_init
                0x0000000010004dd8       0x42 zephyr/libzephyr.a(mpsc_pbuf.c.obj)
                0x0000000010004dd8                mpsc_pbuf_init
 .text.mpsc_pbuf_alloc
                0x0000000010004e1a       0xfe zephyr/libzephyr.a(mpsc_pbuf.c.obj)
                0x0000000010004e1a                mpsc_pbuf_alloc
 .text.mpsc_pbuf_commit
                0x0000000010004f18       0x3e zephyr/libzephyr.a(mpsc_pbuf.c.obj)
                0x0000000010004f18                mpsc_pbuf_commit
 .text.mpsc_pbuf_claim
                0x0000000010004f56       0xa8 zephyr/libzephyr.a(mpsc_pbuf.c.obj)
                0x0000000010004f56                mpsc_pbuf_claim
 .text.mpsc_pbuf_free
                0x0000000010004ffe       0x76 zephyr/libzephyr.a(mpsc_pbuf.c.obj)
                0x0000000010004ffe                mpsc_pbuf_free
 .text.mpsc_pbuf_is_pending
                0x0000000010005074       0x32 zephyr/libzephyr.a(mpsc_pbuf.c.obj)
                0x0000000010005074                mpsc_pbuf_is_pending
 .text._ConfigAbsSyms
                0x00000000100050a6        0x2 zephyr/libzephyr.a(configs.c.obj)
                0x00000000100050a6                _ConfigAbsSyms
 .text.CLOCK_EnableClock
                0x00000000100050a8       0x2e zephyr/libzephyr.a(soc.c.obj)
 .text.CLOCK_SetIpSrc.part.0.constprop.0
                0x00000000100050d6       0x18 zephyr/libzephyr.a(soc.c.obj)
 .text.log_msg_generic_get_wlen
                0x00000000100050ee       0x20 zephyr/libzephyr.a(log_core.c.obj)
 .text.dummy_timestamp
                0x000000001000510e        0x4 zephyr/libzephyr.a(log_core.c.obj)
 .text.atomic_inc
                0x0000000010005112       0x12 zephyr/libzephyr.a(log_core.c.obj)
 .text.default_lf_get_timestamp
                0x0000000010005124       0x10 zephyr/libzephyr.a(log_core.c.obj)
 .text.z_log_vprintk
                0x0000000010005134       0x1c zephyr/libzephyr.a(log_core.c.obj)
                0x0000000010005134                z_log_vprintk
 .text.z_log_notify_drop
                0x0000000010005150        0x6 zephyr/libzephyr.a(log_core.c.obj)
 .text.z_log_get_tag
                0x0000000010005156        0x4 zephyr/libzephyr.a(log_core.c.obj)
                0x0000000010005156                z_log_get_tag
 .text.log_backend_enable
                0x000000001000515a       0x12 zephyr/libzephyr.a(log_mgmt.c.obj)
                0x000000001000515a                log_backend_enable
 .text.z_cbprintf_cpy
                0x000000001000516c       0x2e zephyr/libzephyr.a(log_msg.c.obj)
 .text.z_log_msg_finalize
                0x000000001000519a       0x32 zephyr/libzephyr.a(log_msg.c.obj)
                0x000000001000519a                z_log_msg_finalize
 .text.z_log_msg_simple_create
                0x00000000100051cc       0x6e zephyr/libzephyr.a(log_msg.c.obj)
 .text.z_impl_z_log_msg_simple_create_0
                0x000000001000523a       0x12 zephyr/libzephyr.a(log_msg.c.obj)
                0x000000001000523a                z_impl_z_log_msg_simple_create_0
 .text.z_impl_z_log_msg_simple_create_1
                0x000000001000524c       0x14 zephyr/libzephyr.a(log_msg.c.obj)
                0x000000001000524c                z_impl_z_log_msg_simple_create_1
 .text.log_output_write
                0x0000000010005260       0x1c zephyr/libzephyr.a(log_output.c.obj)
 .text.log_output_flush
                0x000000001000527c       0x1a zephyr/libzephyr.a(log_output.c.obj)
 .text.out_func
                0x0000000010005296       0x2e zephyr/libzephyr.a(log_output.c.obj)
 .text.cr_out_func
                0x00000000100052c4       0x1c zephyr/libzephyr.a(log_output.c.obj)
 .text.log_output_msg_process
                0x00000000100052e0       0x6a zephyr/libzephyr.a(log_output.c.obj)
                0x00000000100052e0                log_output_msg_process
 .text.format_set
                0x000000001000534a        0xc zephyr/libzephyr.a(log_backend_uart.c.obj)
 .text.log_backend_uart_init
                0x0000000010005356        0xc zephyr/libzephyr.a(log_backend_uart.c.obj)
 .text.panic    0x0000000010005362       0x32 zephyr/libzephyr.a(log_backend_uart.c.obj)
 .text.dropped  0x0000000010005394        0xa zephyr/libzephyr.a(log_backend_uart.c.obj)
 .text.process  0x000000001000539e       0x1e zephyr/libzephyr.a(log_backend_uart.c.obj)
 .text.z_do_kernel_oops
                0x00000000100053bc        0x8 zephyr/arch/arch/arm/core/libarch__arm__core.a(fatal.c.obj)
                0x00000000100053bc                z_do_kernel_oops
 .text.z_arm_nmi
                0x00000000100053c4        0xe zephyr/arch/arch/arm/core/libarch__arm__core.a(nmi.c.obj)
                0x00000000100053c4                z_arm_nmi
 .text.z_log_msg_simple_create_0.constprop.0
                0x00000000100053d2        0x8 zephyr/arch/arch/arm/core/cortex_m/libarch__arm__core__cortex_m.a(fault.c.obj)
 .text.z_irq_spurious
                0x00000000100053da        0x8 zephyr/arch/arch/arm/core/cortex_m/libarch__arm__core__cortex_m.a(irq_manage.c.obj)
                0x00000000100053da                z_irq_spurious
 .text.arch_irq_unlock_outlined
                0x00000000100053e2        0xe zephyr/arch/arch/arm/core/cortex_m/libarch__arm__core__cortex_m.a(thread.c.obj)
                0x00000000100053e2                arch_irq_unlock_outlined
 .text.arch_cpu_idle
                0x00000000100053f0       0x1a zephyr/arch/arch/arm/core/cortex_m/libarch__arm__core__cortex_m.a(cpu_idle.c.obj)
                0x00000000100053f0                arch_cpu_idle
 .text.arm_cmse_mpu_region_get
                0x000000001000540a       0x12 zephyr/arch/arch/arm/core/cortex_m/cmse/libarch__arm__core__cortex_m__cmse.a(arm_core_cmse.c.obj)
                0x000000001000540a                arm_cmse_mpu_region_get
 .text.mpu_configure_region
                0x000000001000541c       0x32 zephyr/arch/arch/arm/core/mpu/libarch__arm__core__mpu.a(arm_mpu.c.obj)
 .text.cbputc   0x000000001000544e        0xc zephyr/lib/libc/picolibc/liblib__libc__picolibc.a(cbprintf.c.obj)
 .text.picolibc_put
                0x000000001000545a        0xa zephyr/lib/libc/picolibc/liblib__libc__picolibc.a(stdio.c.obj)
 .text.mcux_scg_k4_on
                0x0000000010005464        0x4 zephyr/drivers/clock_control/libdrivers__clock_control.a(clock_control_mcux_scg_k4.c.obj)
 .text.mcux_scg_k4_get_rate
                0x0000000010005468       0x1c zephyr/drivers/clock_control/libdrivers__clock_control.a(clock_control_mcux_scg_k4.c.obj)
 .text.mcux_scg_k4_off
                0x0000000010005484        0x4 zephyr/drivers/clock_control/libdrivers__clock_control.a(clock_control_mcux_scg_k4.c.obj)
 .text.gpio_mcux_port_configure
                0x0000000010005488       0xa0 zephyr/drivers/gpio/libdrivers__gpio.a(gpio_mcux.c.obj)
 .text.gpio_mcux_port_get_raw
                0x0000000010005528        0xc zephyr/drivers/gpio/libdrivers__gpio.a(gpio_mcux.c.obj)
 .text.gpio_mcux_port_set_masked_raw
                0x0000000010005534       0x12 zephyr/drivers/gpio/libdrivers__gpio.a(gpio_mcux.c.obj)
 .text.gpio_mcux_port_set_bits_raw
                0x0000000010005546        0xa zephyr/drivers/gpio/libdrivers__gpio.a(gpio_mcux.c.obj)
 .text.gpio_mcux_port_clear_bits_raw
                0x0000000010005550        0xa zephyr/drivers/gpio/libdrivers__gpio.a(gpio_mcux.c.obj)
 .text.gpio_mcux_port_toggle_bits
                0x000000001000555a        0xa zephyr/drivers/gpio/libdrivers__gpio.a(gpio_mcux.c.obj)
 .text.gpio_mcux_manage_callback
                0x0000000010005564       0x52 zephyr/drivers/gpio/libdrivers__gpio.a(gpio_mcux.c.obj)
 .text.gpio_mcux_port0_init
                0x00000000100055b6       0x16 zephyr/drivers/gpio/libdrivers__gpio.a(gpio_mcux.c.obj)
 .text.gpio_mcux_port1_init
                0x00000000100055cc       0x16 zephyr/drivers/gpio/libdrivers__gpio.a(gpio_mcux.c.obj)
 .text.gpio_mcux_pin_interrupt_configure
                0x00000000100055e2       0x7a zephyr/drivers/gpio/libdrivers__gpio.a(gpio_mcux.c.obj)
 .text.gpio_mcux_port_isr
                0x000000001000565c       0x36 zephyr/drivers/gpio/libdrivers__gpio.a(gpio_mcux.c.obj)
 .text.pinctrl_lookup_state
                0x0000000010005692       0x26 zephyr/drivers/pinctrl/libdrivers__pinctrl.a(common.c.obj)
                0x0000000010005692                pinctrl_lookup_state
 .text.mcux_tpm_get_cycles_per_sec
                0x00000000100056b8       0x12 zephyr/drivers/pwm/libdrivers__pwm.a(pwm_mcux_tpm.c.obj)
 .text.mcux_lpuart_config_get
                0x00000000100056ca       0x10 zephyr/drivers/serial/libdrivers__serial.a(uart_mcux_lpuart.c.obj)
 .text.mcux_lpuart_poll_out
                0x00000000100056da       0x2c zephyr/drivers/serial/libdrivers__serial.a(uart_mcux_lpuart.c.obj)
 .text.mcux_lpuart_poll_in
                0x0000000010005706       0x40 zephyr/drivers/serial/libdrivers__serial.a(uart_mcux_lpuart.c.obj)
 .text.mcux_lpuart_err_check
                0x0000000010005746       0x34 zephyr/drivers/serial/libdrivers__serial.a(uart_mcux_lpuart.c.obj)
 .text.pinctrl_apply_state
                0x000000001000577a       0x1e zephyr/drivers/serial/libdrivers__serial.a(uart_mcux_lpuart.c.obj)
 .text.mcux_lpuart_config_pinctrl.isra.0
                0x0000000010005798       0x20 zephyr/drivers/serial/libdrivers__serial.a(uart_mcux_lpuart.c.obj)
 .text.mcux_lpuart_configure_init
                0x00000000100057b8      0x156 zephyr/drivers/serial/libdrivers__serial.a(uart_mcux_lpuart.c.obj)
 .text.mcux_lpuart_init
                0x000000001000590e       0x2e zephyr/drivers/serial/libdrivers__serial.a(uart_mcux_lpuart.c.obj)
 .text.mcux_lpuart_configure
                0x000000001000593c       0x30 zephyr/drivers/serial/libdrivers__serial.a(uart_mcux_lpuart.c.obj)
 .text.CCM32K_Enable32kFro
                0x000000001000596c       0x18 modules/hal_nxp/libmodules__hal_nxp.a(fsl_ccm32k.c.obj)
                0x000000001000596c                CCM32K_Enable32kFro
 .text.CCM32K_Set32kOscConfig
                0x0000000010005984       0x5e modules/hal_nxp/libmodules__hal_nxp.a(fsl_ccm32k.c.obj)
                0x0000000010005984                CCM32K_Set32kOscConfig
 .text.LPUART_GetDefaultConfig
                0x00000000100059e2       0x16 modules/hal_nxp/libmodules__hal_nxp.a(fsl_lpuart.c.obj)
                0x00000000100059e2                LPUART_GetDefaultConfig
 .text.TPM_DisableChannel
                0x00000000100059f8       0x16 modules/hal_nxp/libmodules__hal_nxp.a(fsl_tpm.c.obj)
 .text.TPM_EnableChannel
                0x0000000010005a0e       0x1e modules/hal_nxp/libmodules__hal_nxp.a(fsl_tpm.c.obj)
 .text.TPM_GetDefaultConfig
                0x0000000010005a2c        0x8 modules/hal_nxp/libmodules__hal_nxp.a(fsl_tpm.c.obj)
                0x0000000010005a2c                TPM_GetDefaultConfig
 .text.TPM_UpdateChnlEdgeLevelSelect
                0x0000000010005a34       0x24 modules/hal_nxp/libmodules__hal_nxp.a(fsl_tpm.c.obj)
                0x0000000010005a34                TPM_UpdateChnlEdgeLevelSelect
 .text.SystemInitHook
                0x0000000010005a58        0x2 modules/hal_nxp/libmodules__hal_nxp.a(system_MCXW716C.c.obj)
                0x0000000010005a58                SystemInitHook
 .text.CLOCK_GetFreq
                0x0000000010005a5a       0x34 modules/hal_nxp/libmodules__hal_nxp.a(fsl_clock.c.obj)
                0x0000000010005a5a                CLOCK_GetFreq
 .text.z_device_state_init
                0x0000000010005a8e        0x2 zephyr/kernel/libkernel.a(device.c.obj)
                0x0000000010005a8e                z_device_state_init
 .text.z_impl_device_is_ready
                0x0000000010005a90       0x16 zephyr/kernel/libkernel.a(device.c.obj)
                0x0000000010005a90                z_impl_device_is_ready
 .text.arch_system_halt
                0x0000000010005aa6       0x10 zephyr/kernel/libkernel.a(fatal.c.obj)
                0x0000000010005aa6                arch_system_halt
 .text.do_device_init
                0x0000000010005ab6       0x2e zephyr/kernel/libkernel.a(init.c.obj)
 .text.z_early_memset
                0x0000000010005ae4        0x4 zephyr/kernel/libkernel.a(init.c.obj)
                0x0000000010005ae4                z_early_memset
 .text.z_early_memcpy
                0x0000000010005ae8        0x4 zephyr/kernel/libkernel.a(init.c.obj)
                0x0000000010005ae8                z_early_memcpy
 .text.idle     0x0000000010005aec       0x16 zephyr/kernel/libkernel.a(idle.c.obj)
                0x0000000010005aec                idle
 .text.z_impl_k_sem_init
                0x0000000010005b02       0x18 zephyr/kernel/libkernel.a(sem.c.obj)
                0x0000000010005b02                z_impl_k_sem_init
 .text.k_is_in_isr
                0x0000000010005b1a        0xc zephyr/kernel/libkernel.a(thread.c.obj)
                0x0000000010005b1a                k_is_in_isr
 .text.z_impl_k_thread_name_set
                0x0000000010005b26        0x6 zephyr/kernel/libkernel.a(thread.c.obj)
                0x0000000010005b26                z_impl_k_thread_name_set
 .text.k_thread_name_get
                0x0000000010005b2c        0x4 zephyr/kernel/libkernel.a(thread.c.obj)
                0x0000000010005b2c                k_thread_name_get
 .text.sys_dlist_remove
                0x0000000010005b30       0x10 zephyr/kernel/libkernel.a(sched.c.obj)
 .text.unpend_thread_no_timeout
                0x0000000010005b40       0x14 zephyr/kernel/libkernel.a(sched.c.obj)
 .text.add_to_waitq_locked
                0x0000000010005b54       0x50 zephyr/kernel/libkernel.a(sched.c.obj)
 .text.z_ready_thread
                0x0000000010005ba4       0x1e zephyr/kernel/libkernel.a(sched.c.obj)
                0x0000000010005ba4                z_ready_thread
 .text.z_unpend_thread_no_timeout
                0x0000000010005bc2       0x22 zephyr/kernel/libkernel.a(sched.c.obj)
                0x0000000010005bc2                z_unpend_thread_no_timeout
 .text.z_sched_wake_thread
                0x0000000010005be4       0x3a zephyr/kernel/libkernel.a(sched.c.obj)
                0x0000000010005be4                z_sched_wake_thread
 .text.z_thread_timeout
                0x0000000010005c1e        0x8 zephyr/kernel/libkernel.a(sched.c.obj)
                0x0000000010005c1e                z_thread_timeout
 .text.z_unpend1_no_timeout
                0x0000000010005c26       0x2c zephyr/kernel/libkernel.a(sched.c.obj)
                0x0000000010005c26                z_unpend1_no_timeout
 .text.z_impl_k_sleep
                0x0000000010005c52       0x50 zephyr/kernel/libkernel.a(sched.c.obj)
                0x0000000010005c52                z_impl_k_sleep
 .text.next_timeout
                0x0000000010005ca2       0x2e zephyr/kernel/libkernel.a(timeout.c.obj)
 .text.z_abort_timeout
                0x0000000010005cd0       0x50 zephyr/kernel/libkernel.a(timeout.c.obj)
                0x0000000010005cd0                z_abort_timeout
 .text.sys_clock_tick_get_32
                0x0000000010005d20        0x8 zephyr/kernel/libkernel.a(timeout.c.obj)
                0x0000000010005d20                sys_clock_tick_get_32
 .text.z_impl_k_uptime_ticks
                0x0000000010005d28        0x4 zephyr/kernel/libkernel.a(timeout.c.obj)
                0x0000000010005d28                z_impl_k_uptime_ticks
 .text.k_timer_init
                0x0000000010005d2c       0x18 zephyr/kernel/libkernel.a(timer.c.obj)
                0x0000000010005d2c                k_timer_init
 .text.z_impl_k_timer_stop
                0x0000000010005d44       0x38 zephyr/kernel/libkernel.a(timer.c.obj)
                0x0000000010005d44                z_impl_k_timer_stop
 .text.memcpy   0x0000000010005d7c       0x1a c:\users\cjwsa\zephyr-sdk-0.17.0\arm-zephyr-eabi\bin\../lib/gcc/../../picolibc/arm-zephyr-eabi/lib/thumb/v8-m.main/nofp\libc.a(memcpy.c.o)
                0x0000000010005d7c                __aeabi_memcpy
                0x0000000010005d7c                __aeabi_memcpy4
                0x0000000010005d7c                __aeabi_memcpy8
                0x0000000010005d7c                memcpy
 .text.memset   0x0000000010005d96       0x10 c:\users\cjwsa\zephyr-sdk-0.17.0\arm-zephyr-eabi\bin\../lib/gcc/../../picolibc/arm-zephyr-eabi/lib/thumb/v8-m.main/nofp\libc.a(memset.c.o)
                0x0000000010005d96                memset
 .text.strnlen  0x0000000010005da6       0x18 c:\users\cjwsa\zephyr-sdk-0.17.0\arm-zephyr-eabi\bin\../lib/gcc/../../picolibc/arm-zephyr-eabi/lib/thumb/v8-m.main/nofp\libc.a(libc_string_strnlen.c.o)
                0x0000000010005da6                strnlen
 .text.__ultoa_invert
                0x0000000010005dbe       0xac c:\users\cjwsa\zephyr-sdk-0.17.0\arm-zephyr-eabi\bin\../lib/gcc/../../picolibc/arm-zephyr-eabi/lib/thumb/v8-m.main/nofp\libc.a(libc_tinystdio_vflprintf.c.o)
 .text.__file_str_put
                0x0000000010005e6a       0x10 c:\users\cjwsa\zephyr-sdk-0.17.0\arm-zephyr-eabi\bin\../lib/gcc/../../picolibc/arm-zephyr-eabi/lib/thumb/v8-m.main/nofp\libc.a(libc_tinystdio_filestrput.c.o)
                0x0000000010005e6a                __file_str_put
 *(SORT_BY_ALIGNMENT(.TEXT.*))
 *fill*         0x0000000010005e7a        0x2 
 .TEXT.__aeabi_read_tp
                0x0000000010005e7c        0xc zephyr/arch/arch/arm/core/cortex_m/libarch__arm__core__cortex_m.a(__aeabi_read_tp.S.obj)
                0x0000000010005e7c                __aeabi_read_tp
 *(SORT_BY_ALIGNMENT(.gnu.linkonce.t.*))
 *(SORT_BY_ALIGNMENT(.glue_7t))
 .glue_7t       0x0000000010005e88        0x0 linker stubs
 *(SORT_BY_ALIGNMENT(.glue_7))
 .glue_7        0x0000000010005e88        0x0 linker stubs
 *(SORT_BY_ALIGNMENT(.vfp11_veneer))
 .vfp11_veneer  0x0000000010005e88        0x0 linker stubs
 *(SORT_BY_ALIGNMENT(.v4_bx))
 .v4_bx         0x0000000010005e88        0x0 linker stubs
                0x0000000010005e88                . = ALIGN (0x4)
                0x0000000010005e88                __text_region_end = .

.ARM.exidx      0x0000000010005e88        0x8
                0x0000000010005e88                __exidx_start = .
 *(SORT_BY_ALIGNMENT(.ARM.exidx*) SORT_BY_ALIGNMENT(gnu.linkonce.armexidx.*))
 .ARM.exidx     0x0000000010005e88        0x8 c:\users\cjwsa\zephyr-sdk-0.17.0\arm-zephyr-eabi\bin\../lib/gcc/../../picolibc/arm-zephyr-eabi/lib/thumb/v8-m.main/nofp\libc.a(strlen.S.o)
 .ARM.exidx     0x0000000010005e90        0x0 c:/users/cjwsa/zephyr-sdk-0.17.0/arm-zephyr-eabi/bin/../lib/gcc/arm-zephyr-eabi/12.2.0/thumb/v8-m.main/nofp\libgcc.a(_udivmoddi4.o)
                                          0x8 (size before relaxing)
                0x0000000010005e90                __exidx_end = .
                0x0000000010005e90                __rodata_region_start = .

initlevel       0x0000000010005e90       0x38
                0x0000000010005e90                __init_start = .
                0x0000000010005e90                __init_EARLY_start = .
 *(SORT_BY_NAME(SORT_BY_ALIGNMENT(.z_init_EARLY_P_?_*)))
 *(SORT_BY_NAME(SORT_BY_ALIGNMENT(.z_init_EARLY_P_??_*)))
 *(SORT_BY_NAME(SORT_BY_ALIGNMENT(.z_init_EARLY_P_???_*)))
                0x0000000010005e90                __init_PRE_KERNEL_1_start = .
 *(SORT_BY_NAME(SORT_BY_ALIGNMENT(.z_init_PRE_KERNEL_1_P_?_*)))
 *(SORT_BY_NAME(SORT_BY_ALIGNMENT(.z_init_PRE_KERNEL_1_P_??_*)))
 .z_init_PRE_KERNEL_1_P_30_SUB_00011_
                0x0000000010005e90        0x4 zephyr/drivers/clock_control/libdrivers__clock_control.a(clock_control_mcux_scg_k4.c.obj)
 .z_init_PRE_KERNEL_1_P_40_SUB_00012_
                0x0000000010005e94        0x4 zephyr/drivers/pinctrl/libdrivers__pinctrl.a(pinctrl_nxp_port.c.obj)
 .z_init_PRE_KERNEL_1_P_40_SUB_00046_
                0x0000000010005e98        0x4 zephyr/drivers/pinctrl/libdrivers__pinctrl.a(pinctrl_nxp_port.c.obj)
 .z_init_PRE_KERNEL_1_P_40_SUB_00048_
                0x0000000010005e9c        0x4 zephyr/drivers/pinctrl/libdrivers__pinctrl.a(pinctrl_nxp_port.c.obj)
 .z_init_PRE_KERNEL_1_P_40_SUB_00056_
                0x0000000010005ea0        0x4 zephyr/drivers/pinctrl/libdrivers__pinctrl.a(pinctrl_nxp_port.c.obj)
 .z_init_PRE_KERNEL_1_P_50_SUB_00064_
                0x0000000010005ea4        0x4 zephyr/drivers/serial/libdrivers__serial.a(uart_mcux_lpuart.c.obj)
 .z_init_PRE_KERNEL_1_P_50_SUB_00065_
                0x0000000010005ea8        0x4 zephyr/drivers/serial/libdrivers__serial.a(uart_mcux_lpuart.c.obj)
 .z_init_PRE_KERNEL_1_P_60_SUB_0_
                0x0000000010005eac        0x4 zephyr/drivers/console/libdrivers__console.a(uart_console.c.obj)
 *(SORT_BY_NAME(SORT_BY_ALIGNMENT(.z_init_PRE_KERNEL_1_P_???_*)))
                0x0000000010005eb0                __init_PRE_KERNEL_2_start = .
 *(SORT_BY_NAME(SORT_BY_ALIGNMENT(.z_init_PRE_KERNEL_2_P_?_*)))
 .z_init_PRE_KERNEL_2_P_0_SUB_0_
                0x0000000010005eb0        0x4 zephyr/drivers/timer/libdrivers__timer.a(cortex_m_systick.c.obj)
 *(SORT_BY_NAME(SORT_BY_ALIGNMENT(.z_init_PRE_KERNEL_2_P_??_*)))
 *(SORT_BY_NAME(SORT_BY_ALIGNMENT(.z_init_PRE_KERNEL_2_P_???_*)))
                0x0000000010005eb4                __init_POST_KERNEL_start = .
 *(SORT_BY_NAME(SORT_BY_ALIGNMENT(.z_init_POST_KERNEL_P_?_*)))
 .z_init_POST_KERNEL_P_0_SUB_0_
                0x0000000010005eb4        0x4 zephyr/libzephyr.a(log_core.c.obj)
 *(SORT_BY_NAME(SORT_BY_ALIGNMENT(.z_init_POST_KERNEL_P_??_*)))
 .z_init_POST_KERNEL_P_35_SUB_0_
                0x0000000010005eb8        0x4 zephyr/lib/libc/common/liblib__libc__common.a(malloc.c.obj)
 .z_init_POST_KERNEL_P_40_SUB_00013_
                0x0000000010005ebc        0x4 zephyr/drivers/gpio/libdrivers__gpio.a(gpio_mcux.c.obj)
 .z_init_POST_KERNEL_P_40_SUB_00049_
                0x0000000010005ec0        0x4 zephyr/drivers/gpio/libdrivers__gpio.a(gpio_mcux.c.obj)
 .z_init_POST_KERNEL_P_50_SUB_00033_
                0x0000000010005ec4        0x4 zephyr/drivers/pwm/libdrivers__pwm.a(pwm_mcux_tpm.c.obj)
 *(SORT_BY_NAME(SORT_BY_ALIGNMENT(.z_init_POST_KERNEL_P_???_*)))
                0x0000000010005ec8                __init_APPLICATION_start = .
 *(SORT_BY_NAME(SORT_BY_ALIGNMENT(.z_init_APPLICATION_P_?_*)))
 *(SORT_BY_NAME(SORT_BY_ALIGNMENT(.z_init_APPLICATION_P_??_*)))
 *(SORT_BY_NAME(SORT_BY_ALIGNMENT(.z_init_APPLICATION_P_???_*)))
                0x0000000010005ec8                __init_SMP_start = .
 *(SORT_BY_NAME(SORT_BY_ALIGNMENT(.z_init_SMP_P_?_*)))
 *(SORT_BY_NAME(SORT_BY_ALIGNMENT(.z_init_SMP_P_??_*)))
 *(SORT_BY_NAME(SORT_BY_ALIGNMENT(.z_init_SMP_P_???_*)))
                0x0000000010005ec8                __init_end = .

device_area     0x0000000010005ec8      0x140
                0x0000000010005ec8                _device_list_start = .
 *(SORT_BY_NAME(SORT_BY_ALIGNMENT(._device.static.*_?_*)))
 *(SORT_BY_NAME(SORT_BY_ALIGNMENT(._device.static.*_??_*)))
 ._device.static.1_30_
                0x0000000010005ec8       0x20 zephyr/drivers/clock_control/libdrivers__clock_control.a(clock_control_mcux_scg_k4.c.obj)
                0x0000000010005ec8                __device_dts_ord_11
 ._device.static.1_40_
                0x0000000010005ee8       0x80 zephyr/drivers/pinctrl/libdrivers__pinctrl.a(pinctrl_nxp_port.c.obj)
                0x0000000010005ee8                __device_dts_ord_56
                0x0000000010005f08                __device_dts_ord_12
                0x0000000010005f28                __device_dts_ord_48
                0x0000000010005f48                __device_dts_ord_46
 ._device.static.1_50_
                0x0000000010005f68       0x40 zephyr/drivers/serial/libdrivers__serial.a(uart_mcux_lpuart.c.obj)
                0x0000000010005f68                __device_dts_ord_65
                0x0000000010005f88                __device_dts_ord_64
 ._device.static.3_40_
                0x0000000010005fa8       0x40 zephyr/drivers/gpio/libdrivers__gpio.a(gpio_mcux.c.obj)
                0x0000000010005fa8                __device_dts_ord_13
                0x0000000010005fc8                __device_dts_ord_49
 ._device.static.3_50_
                0x0000000010005fe8       0x20 zephyr/drivers/pwm/libdrivers__pwm.a(pwm_mcux_tpm.c.obj)
                0x0000000010005fe8                __device_dts_ord_33
 *(SORT_BY_NAME(SORT_BY_ALIGNMENT(._device.static.*_???_*)))
 *(SORT_BY_NAME(SORT_BY_ALIGNMENT(._device.static.*_????_*)))
 *(SORT_BY_NAME(SORT_BY_ALIGNMENT(._device.static.*_?????_*)))
                0x0000000010006008                _device_list_end = .

service_area    0x0000000010006008       0x10
                0x0000000010006008                _service_list_start = .
 *(SORT_BY_NAME(SORT_BY_ALIGNMENT(._service.static.*_?_*)))
 ._service.static.2_0_
                0x0000000010006008        0x4 zephyr/drivers/timer/libdrivers__timer.a(cortex_m_systick.c.obj)
 ._service.static.3_0_
                0x000000001000600c        0x4 zephyr/libzephyr.a(log_core.c.obj)
 *(SORT_BY_NAME(SORT_BY_ALIGNMENT(._service.static.*_??_*)))
 ._service.static.1_60_
                0x0000000010006010        0x4 zephyr/drivers/console/libdrivers__console.a(uart_console.c.obj)
 ._service.static.3_35_
                0x0000000010006014        0x4 zephyr/lib/libc/common/liblib__libc__common.a(malloc.c.obj)
 *(SORT_BY_NAME(SORT_BY_ALIGNMENT(._service.static.*_???_*)))
 *(SORT_BY_NAME(SORT_BY_ALIGNMENT(._service.static.*_????_*)))
 *(SORT_BY_NAME(SORT_BY_ALIGNMENT(._service.static.*_?????_*)))
                0x0000000010006018                _service_list_end = .

sw_isr_table    0x0000000010006018      0x258
                0x0000000010006018                . = ALIGN (0x4)
 *(SORT_BY_ALIGNMENT(.gnu.linkonce.sw_isr_table*))
 .gnu.linkonce.sw_isr_table
                0x0000000010006018      0x258 zephyr/arch/common/libisr_tables.a(isr_tables.c.obj)
                0x0000000010006018                _sw_isr_table

initlevel_error
                0x0000000010005e90        0x0
 *(SORT_BY_NAME(SORT_BY_ALIGNMENT(.z_init_*)))
                0x0000000000000001                ASSERT ((SIZEOF (initlevel_error) == 0x0), Undefined initialization levels used.)

app_shmem_regions
                0x0000000010006270        0x0
                0x0000000010006270                __app_shmem_regions_start = .
 *(SORT_BY_NAME(SORT_BY_ALIGNMENT(.app_regions.*)))
                0x0000000010006270                __app_shmem_regions_end = .

k_p4wq_initparam_area
                0x0000000010006270        0x0
                0x0000000010006270                _k_p4wq_initparam_list_start = .
 *(SORT_BY_NAME(SORT_BY_ALIGNMENT(._k_p4wq_initparam.static.*)))
                0x0000000010006270                _k_p4wq_initparam_list_end = .

_static_thread_data_area
                0x0000000010006270        0x0
                0x0000000010006270                __static_thread_data_list_start = .
 *(SORT_BY_NAME(SORT_BY_ALIGNMENT(.__static_thread_data.static.*)))
                0x0000000010006270                __static_thread_data_list_end = .

device_deps     0x0000000010006270        0x0
                0x0000000010006270                __device_deps_start = .
 *(SORT_BY_NAME(SORT_BY_ALIGNMENT(.__device_deps_pass2*)))
                0x0000000010006270                __device_deps_end = .

gpio_driver_api_area
                0x0000000010006270       0x24
                0x0000000010006270                _gpio_driver_api_list_start = .
 *(SORT_BY_NAME(SORT_BY_ALIGNMENT(._gpio_driver_api.static.*)))
 ._gpio_driver_api.static.gpio_mcux_driver_api_
                0x0000000010006270       0x24 zephyr/drivers/gpio/libdrivers__gpio.a(gpio_mcux.c.obj)
                0x0000000010006294                _gpio_driver_api_list_end = .

pwm_driver_api_area
                0x0000000010006294        0x8
                0x0000000010006294                _pwm_driver_api_list_start = .
 *(SORT_BY_NAME(SORT_BY_ALIGNMENT(._pwm_driver_api.static.*)))
 ._pwm_driver_api.static.mcux_tpm_driver_api_
                0x0000000010006294        0x8 zephyr/drivers/pwm/libdrivers__pwm.a(pwm_mcux_tpm.c.obj)
                0x000000001000629c                _pwm_driver_api_list_end = .

shared_irq_driver_api_area
                0x000000001000629c        0x0
                0x000000001000629c                _shared_irq_driver_api_list_start = .
 *(SORT_BY_NAME(SORT_BY_ALIGNMENT(._shared_irq_driver_api.static.*)))
                0x000000001000629c                _shared_irq_driver_api_list_end = .

crypto_driver_api_area
                0x000000001000629c        0x0
                0x000000001000629c                _crypto_driver_api_list_start = .
 *(SORT_BY_NAME(SORT_BY_ALIGNMENT(._crypto_driver_api.static.*)))
                0x000000001000629c                _crypto_driver_api_list_end = .

adc_driver_api_area
                0x000000001000629c        0x0
                0x000000001000629c                _adc_driver_api_list_start = .
 *(SORT_BY_NAME(SORT_BY_ALIGNMENT(._adc_driver_api.static.*)))
                0x000000001000629c                _adc_driver_api_list_end = .

auxdisplay_driver_api_area
                0x000000001000629c        0x0
                0x000000001000629c                _auxdisplay_driver_api_list_start = .
 *(SORT_BY_NAME(SORT_BY_ALIGNMENT(._auxdisplay_driver_api.static.*)))
                0x000000001000629c                _auxdisplay_driver_api_list_end = .

bbram_driver_api_area
                0x000000001000629c        0x0
                0x000000001000629c                _bbram_driver_api_list_start = .
 *(SORT_BY_NAME(SORT_BY_ALIGNMENT(._bbram_driver_api.static.*)))
                0x000000001000629c                _bbram_driver_api_list_end = .

bt_hci_driver_api_area
                0x000000001000629c        0x0
                0x000000001000629c                _bt_hci_driver_api_list_start = .
 *(SORT_BY_NAME(SORT_BY_ALIGNMENT(._bt_hci_driver_api.static.*)))
                0x000000001000629c                _bt_hci_driver_api_list_end = .

can_driver_api_area
                0x000000001000629c        0x0
                0x000000001000629c                _can_driver_api_list_start = .
 *(SORT_BY_NAME(SORT_BY_ALIGNMENT(._can_driver_api.static.*)))
                0x000000001000629c                _can_driver_api_list_end = .

cellular_driver_api_area
                0x000000001000629c        0x0
                0x000000001000629c                _cellular_driver_api_list_start = .
 *(SORT_BY_NAME(SORT_BY_ALIGNMENT(._cellular_driver_api.static.*)))
                0x000000001000629c                _cellular_driver_api_list_end = .

charger_driver_api_area
                0x000000001000629c        0x0
                0x000000001000629c                _charger_driver_api_list_start = .
 *(SORT_BY_NAME(SORT_BY_ALIGNMENT(._charger_driver_api.static.*)))
                0x000000001000629c                _charger_driver_api_list_end = .

clock_control_driver_api_area
                0x000000001000629c       0x1c
                0x000000001000629c                _clock_control_driver_api_list_start = .
 *(SORT_BY_NAME(SORT_BY_ALIGNMENT(._clock_control_driver_api.static.*)))
 ._clock_control_driver_api.static.mcux_scg_driver_api_
                0x000000001000629c       0x1c zephyr/drivers/clock_control/libdrivers__clock_control.a(clock_control_mcux_scg_k4.c.obj)
                0x00000000100062b8                _clock_control_driver_api_list_end = .

comparator_driver_api_area
                0x00000000100062b8        0x0
                0x00000000100062b8                _comparator_driver_api_list_start = .
 *(SORT_BY_NAME(SORT_BY_ALIGNMENT(._comparator_driver_api.static.*)))
                0x00000000100062b8                _comparator_driver_api_list_end = .

coredump_driver_api_area
                0x00000000100062b8        0x0
                0x00000000100062b8                _coredump_driver_api_list_start = .
 *(SORT_BY_NAME(SORT_BY_ALIGNMENT(._coredump_driver_api.static.*)))
                0x00000000100062b8                _coredump_driver_api_list_end = .

counter_driver_api_area
                0x00000000100062b8        0x0
                0x00000000100062b8                _counter_driver_api_list_start = .
 *(SORT_BY_NAME(SORT_BY_ALIGNMENT(._counter_driver_api.static.*)))
                0x00000000100062b8                _counter_driver_api_list_end = .

dac_driver_api_area
                0x00000000100062b8        0x0
                0x00000000100062b8                _dac_driver_api_list_start = .
 *(SORT_BY_NAME(SORT_BY_ALIGNMENT(._dac_driver_api.static.*)))
                0x00000000100062b8                _dac_driver_api_list_end = .

dai_driver_api_area
                0x00000000100062b8        0x0
                0x00000000100062b8                _dai_driver_api_list_start = .
 *(SORT_BY_NAME(SORT_BY_ALIGNMENT(._dai_driver_api.static.*)))
                0x00000000100062b8                _dai_driver_api_list_end = .

display_driver_api_area
                0x00000000100062b8        0x0
                0x00000000100062b8                _display_driver_api_list_start = .
 *(SORT_BY_NAME(SORT_BY_ALIGNMENT(._display_driver_api.static.*)))
                0x00000000100062b8                _display_driver_api_list_end = .

dma_driver_api_area
                0x00000000100062b8        0x0
                0x00000000100062b8                _dma_driver_api_list_start = .
 *(SORT_BY_NAME(SORT_BY_ALIGNMENT(._dma_driver_api.static.*)))
                0x00000000100062b8                _dma_driver_api_list_end = .

edac_driver_api_area
                0x00000000100062b8        0x0
                0x00000000100062b8                _edac_driver_api_list_start = .
 *(SORT_BY_NAME(SORT_BY_ALIGNMENT(._edac_driver_api.static.*)))
                0x00000000100062b8                _edac_driver_api_list_end = .

eeprom_driver_api_area
                0x00000000100062b8        0x0
                0x00000000100062b8                _eeprom_driver_api_list_start = .
 *(SORT_BY_NAME(SORT_BY_ALIGNMENT(._eeprom_driver_api.static.*)))
                0x00000000100062b8                _eeprom_driver_api_list_end = .

emul_bbram_driver_api_area
                0x00000000100062b8        0x0
                0x00000000100062b8                _emul_bbram_driver_api_list_start = .
 *(SORT_BY_NAME(SORT_BY_ALIGNMENT(._emul_bbram_driver_api.static.*)))
                0x00000000100062b8                _emul_bbram_driver_api_list_end = .

fuel_gauge_emul_driver_api_area
                0x00000000100062b8        0x0
                0x00000000100062b8                _fuel_gauge_emul_driver_api_list_start = .
 *(SORT_BY_NAME(SORT_BY_ALIGNMENT(._fuel_gauge_emul_driver_api.static.*)))
                0x00000000100062b8                _fuel_gauge_emul_driver_api_list_end = .

emul_sensor_driver_api_area
                0x00000000100062b8        0x0
                0x00000000100062b8                _emul_sensor_driver_api_list_start = .
 *(SORT_BY_NAME(SORT_BY_ALIGNMENT(._emul_sensor_driver_api.static.*)))
                0x00000000100062b8                _emul_sensor_driver_api_list_end = .

entropy_driver_api_area
                0x00000000100062b8        0x0
                0x00000000100062b8                _entropy_driver_api_list_start = .
 *(SORT_BY_NAME(SORT_BY_ALIGNMENT(._entropy_driver_api.static.*)))
                0x00000000100062b8                _entropy_driver_api_list_end = .

espi_driver_api_area
                0x00000000100062b8        0x0
                0x00000000100062b8                _espi_driver_api_list_start = .
 *(SORT_BY_NAME(SORT_BY_ALIGNMENT(._espi_driver_api.static.*)))
                0x00000000100062b8                _espi_driver_api_list_end = .

espi_saf_driver_api_area
                0x00000000100062b8        0x0
                0x00000000100062b8                _espi_saf_driver_api_list_start = .
 *(SORT_BY_NAME(SORT_BY_ALIGNMENT(._espi_saf_driver_api.static.*)))
                0x00000000100062b8                _espi_saf_driver_api_list_end = .

flash_driver_api_area
                0x00000000100062b8        0x0
                0x00000000100062b8                _flash_driver_api_list_start = .
 *(SORT_BY_NAME(SORT_BY_ALIGNMENT(._flash_driver_api.static.*)))
                0x00000000100062b8                _flash_driver_api_list_end = .

fpga_driver_api_area
                0x00000000100062b8        0x0
                0x00000000100062b8                _fpga_driver_api_list_start = .
 *(SORT_BY_NAME(SORT_BY_ALIGNMENT(._fpga_driver_api.static.*)))
                0x00000000100062b8                _fpga_driver_api_list_end = .

fuel_gauge_driver_api_area
                0x00000000100062b8        0x0
                0x00000000100062b8                _fuel_gauge_driver_api_list_start = .
 *(SORT_BY_NAME(SORT_BY_ALIGNMENT(._fuel_gauge_driver_api.static.*)))
                0x00000000100062b8                _fuel_gauge_driver_api_list_end = .

gnss_driver_api_area
                0x00000000100062b8        0x0
                0x00000000100062b8                _gnss_driver_api_list_start = .
 *(SORT_BY_NAME(SORT_BY_ALIGNMENT(._gnss_driver_api.static.*)))
                0x00000000100062b8                _gnss_driver_api_list_end = .

haptics_driver_api_area
                0x00000000100062b8        0x0
                0x00000000100062b8                _haptics_driver_api_list_start = .
 *(SORT_BY_NAME(SORT_BY_ALIGNMENT(._haptics_driver_api.static.*)))
                0x00000000100062b8                _haptics_driver_api_list_end = .

hwspinlock_driver_api_area
                0x00000000100062b8        0x0
                0x00000000100062b8                _hwspinlock_driver_api_list_start = .
 *(SORT_BY_NAME(SORT_BY_ALIGNMENT(._hwspinlock_driver_api.static.*)))
                0x00000000100062b8                _hwspinlock_driver_api_list_end = .

i2c_driver_api_area
                0x00000000100062b8        0x0
                0x00000000100062b8                _i2c_driver_api_list_start = .
 *(SORT_BY_NAME(SORT_BY_ALIGNMENT(._i2c_driver_api.static.*)))
                0x00000000100062b8                _i2c_driver_api_list_end = .

i2c_target_driver_api_area
                0x00000000100062b8        0x0
                0x00000000100062b8                _i2c_target_driver_api_list_start = .
 *(SORT_BY_NAME(SORT_BY_ALIGNMENT(._i2c_target_driver_api.static.*)))
                0x00000000100062b8                _i2c_target_driver_api_list_end = .

i2s_driver_api_area
                0x00000000100062b8        0x0
                0x00000000100062b8                _i2s_driver_api_list_start = .
 *(SORT_BY_NAME(SORT_BY_ALIGNMENT(._i2s_driver_api.static.*)))
                0x00000000100062b8                _i2s_driver_api_list_end = .

i3c_driver_api_area
                0x00000000100062b8        0x0
                0x00000000100062b8                _i3c_driver_api_list_start = .
 *(SORT_BY_NAME(SORT_BY_ALIGNMENT(._i3c_driver_api.static.*)))
                0x00000000100062b8                _i3c_driver_api_list_end = .

ipm_driver_api_area
                0x00000000100062b8        0x0
                0x00000000100062b8                _ipm_driver_api_list_start = .
 *(SORT_BY_NAME(SORT_BY_ALIGNMENT(._ipm_driver_api.static.*)))
                0x00000000100062b8                _ipm_driver_api_list_end = .

led_driver_api_area
                0x00000000100062b8        0x0
                0x00000000100062b8                _led_driver_api_list_start = .
 *(SORT_BY_NAME(SORT_BY_ALIGNMENT(._led_driver_api.static.*)))
                0x00000000100062b8                _led_driver_api_list_end = .

led_strip_driver_api_area
                0x00000000100062b8        0x0
                0x00000000100062b8                _led_strip_driver_api_list_start = .
 *(SORT_BY_NAME(SORT_BY_ALIGNMENT(._led_strip_driver_api.static.*)))
                0x00000000100062b8                _led_strip_driver_api_list_end = .

lora_driver_api_area
                0x00000000100062b8        0x0
                0x00000000100062b8                _lora_driver_api_list_start = .
 *(SORT_BY_NAME(SORT_BY_ALIGNMENT(._lora_driver_api.static.*)))
                0x00000000100062b8                _lora_driver_api_list_end = .

mbox_driver_api_area
                0x00000000100062b8        0x0
                0x00000000100062b8                _mbox_driver_api_list_start = .
 *(SORT_BY_NAME(SORT_BY_ALIGNMENT(._mbox_driver_api.static.*)))
                0x00000000100062b8                _mbox_driver_api_list_end = .

mdio_driver_api_area
                0x00000000100062b8        0x0
                0x00000000100062b8                _mdio_driver_api_list_start = .
 *(SORT_BY_NAME(SORT_BY_ALIGNMENT(._mdio_driver_api.static.*)))
                0x00000000100062b8                _mdio_driver_api_list_end = .

mipi_dbi_driver_api_area
                0x00000000100062b8        0x0
                0x00000000100062b8                _mipi_dbi_driver_api_list_start = .
 *(SORT_BY_NAME(SORT_BY_ALIGNMENT(._mipi_dbi_driver_api.static.*)))
                0x00000000100062b8                _mipi_dbi_driver_api_list_end = .

mipi_dsi_driver_api_area
                0x00000000100062b8        0x0
                0x00000000100062b8                _mipi_dsi_driver_api_list_start = .
 *(SORT_BY_NAME(SORT_BY_ALIGNMENT(._mipi_dsi_driver_api.static.*)))
                0x00000000100062b8                _mipi_dsi_driver_api_list_end = .

mspi_driver_api_area
                0x00000000100062b8        0x0
                0x00000000100062b8                _mspi_driver_api_list_start = .
 *(SORT_BY_NAME(SORT_BY_ALIGNMENT(._mspi_driver_api.static.*)))
                0x00000000100062b8                _mspi_driver_api_list_end = .

peci_driver_api_area
                0x00000000100062b8        0x0
                0x00000000100062b8                _peci_driver_api_list_start = .
 *(SORT_BY_NAME(SORT_BY_ALIGNMENT(._peci_driver_api.static.*)))
                0x00000000100062b8                _peci_driver_api_list_end = .

ps2_driver_api_area
                0x00000000100062b8        0x0
                0x00000000100062b8                _ps2_driver_api_list_start = .
 *(SORT_BY_NAME(SORT_BY_ALIGNMENT(._ps2_driver_api.static.*)))
                0x00000000100062b8                _ps2_driver_api_list_end = .

ptp_clock_driver_api_area
                0x00000000100062b8        0x0
                0x00000000100062b8                _ptp_clock_driver_api_list_start = .
 *(SORT_BY_NAME(SORT_BY_ALIGNMENT(._ptp_clock_driver_api.static.*)))
                0x00000000100062b8                _ptp_clock_driver_api_list_end = .

regulator_parent_driver_api_area
                0x00000000100062b8        0x0
                0x00000000100062b8                _regulator_parent_driver_api_list_start = .
 *(SORT_BY_NAME(SORT_BY_ALIGNMENT(._regulator_parent_driver_api.static.*)))
                0x00000000100062b8                _regulator_parent_driver_api_list_end = .

regulator_driver_api_area
                0x00000000100062b8        0x0
                0x00000000100062b8                _regulator_driver_api_list_start = .
 *(SORT_BY_NAME(SORT_BY_ALIGNMENT(._regulator_driver_api.static.*)))
                0x00000000100062b8                _regulator_driver_api_list_end = .

reset_driver_api_area
                0x00000000100062b8        0x0
                0x00000000100062b8                _reset_driver_api_list_start = .
 *(SORT_BY_NAME(SORT_BY_ALIGNMENT(._reset_driver_api.static.*)))
                0x00000000100062b8                _reset_driver_api_list_end = .

retained_mem_driver_api_area
                0x00000000100062b8        0x0
                0x00000000100062b8                _retained_mem_driver_api_list_start = .
 *(SORT_BY_NAME(SORT_BY_ALIGNMENT(._retained_mem_driver_api.static.*)))
                0x00000000100062b8                _retained_mem_driver_api_list_end = .

rtc_driver_api_area
                0x00000000100062b8        0x0
                0x00000000100062b8                _rtc_driver_api_list_start = .
 *(SORT_BY_NAME(SORT_BY_ALIGNMENT(._rtc_driver_api.static.*)))
                0x00000000100062b8                _rtc_driver_api_list_end = .

sdhc_driver_api_area
                0x00000000100062b8        0x0
                0x00000000100062b8                _sdhc_driver_api_list_start = .
 *(SORT_BY_NAME(SORT_BY_ALIGNMENT(._sdhc_driver_api.static.*)))
                0x00000000100062b8                _sdhc_driver_api_list_end = .

sensor_driver_api_area
                0x00000000100062b8        0x0
                0x00000000100062b8                _sensor_driver_api_list_start = .
 *(SORT_BY_NAME(SORT_BY_ALIGNMENT(._sensor_driver_api.static.*)))
                0x00000000100062b8                _sensor_driver_api_list_end = .

smbus_driver_api_area
                0x00000000100062b8        0x0
                0x00000000100062b8                _smbus_driver_api_list_start = .
 *(SORT_BY_NAME(SORT_BY_ALIGNMENT(._smbus_driver_api.static.*)))
                0x00000000100062b8                _smbus_driver_api_list_end = .

spi_driver_api_area
                0x00000000100062b8        0x0
                0x00000000100062b8                _spi_driver_api_list_start = .
 *(SORT_BY_NAME(SORT_BY_ALIGNMENT(._spi_driver_api.static.*)))
                0x00000000100062b8                _spi_driver_api_list_end = .

stepper_driver_api_area
                0x00000000100062b8        0x0
                0x00000000100062b8                _stepper_driver_api_list_start = .
 *(SORT_BY_NAME(SORT_BY_ALIGNMENT(._stepper_driver_api.static.*)))
                0x00000000100062b8                _stepper_driver_api_list_end = .

syscon_driver_api_area
                0x00000000100062b8        0x0
                0x00000000100062b8                _syscon_driver_api_list_start = .
 *(SORT_BY_NAME(SORT_BY_ALIGNMENT(._syscon_driver_api.static.*)))
                0x00000000100062b8                _syscon_driver_api_list_end = .

tee_driver_api_area
                0x00000000100062b8        0x0
                0x00000000100062b8                _tee_driver_api_list_start = .
 *(SORT_BY_NAME(SORT_BY_ALIGNMENT(._tee_driver_api.static.*)))
                0x00000000100062b8                _tee_driver_api_list_end = .

video_driver_api_area
                0x00000000100062b8        0x0
                0x00000000100062b8                _video_driver_api_list_start = .
 *(SORT_BY_NAME(SORT_BY_ALIGNMENT(._video_driver_api.static.*)))
                0x00000000100062b8                _video_driver_api_list_end = .

w1_driver_api_area
                0x00000000100062b8        0x0
                0x00000000100062b8                _w1_driver_api_list_start = .
 *(SORT_BY_NAME(SORT_BY_ALIGNMENT(._w1_driver_api.static.*)))
                0x00000000100062b8                _w1_driver_api_list_end = .

wdt_driver_api_area
                0x00000000100062b8        0x0
                0x00000000100062b8                _wdt_driver_api_list_start = .
 *(SORT_BY_NAME(SORT_BY_ALIGNMENT(._wdt_driver_api.static.*)))
                0x00000000100062b8                _wdt_driver_api_list_end = .

can_transceiver_driver_api_area
                0x00000000100062b8        0x0
                0x00000000100062b8                _can_transceiver_driver_api_list_start = .
 *(SORT_BY_NAME(SORT_BY_ALIGNMENT(._can_transceiver_driver_api.static.*)))
                0x00000000100062b8                _can_transceiver_driver_api_list_end = .

nrf_clock_control_driver_api_area
                0x00000000100062b8        0x0
                0x00000000100062b8                _nrf_clock_control_driver_api_list_start = .
 *(SORT_BY_NAME(SORT_BY_ALIGNMENT(._nrf_clock_control_driver_api.static.*)))
                0x00000000100062b8                _nrf_clock_control_driver_api_list_end = .

i3c_target_driver_api_area
                0x00000000100062b8        0x0
                0x00000000100062b8                _i3c_target_driver_api_list_start = .
 *(SORT_BY_NAME(SORT_BY_ALIGNMENT(._i3c_target_driver_api.static.*)))
                0x00000000100062b8                _i3c_target_driver_api_list_end = .

its_driver_api_area
                0x00000000100062b8        0x0
                0x00000000100062b8                _its_driver_api_list_start = .
 *(SORT_BY_NAME(SORT_BY_ALIGNMENT(._its_driver_api.static.*)))
                0x00000000100062b8                _its_driver_api_list_end = .

vtd_driver_api_area
                0x00000000100062b8        0x0
                0x00000000100062b8                _vtd_driver_api_list_start = .
 *(SORT_BY_NAME(SORT_BY_ALIGNMENT(._vtd_driver_api.static.*)))
                0x00000000100062b8                _vtd_driver_api_list_end = .

renesas_elc_driver_api_area
                0x00000000100062b8        0x0
                0x00000000100062b8                _renesas_elc_driver_api_list_start = .
 *(SORT_BY_NAME(SORT_BY_ALIGNMENT(._renesas_elc_driver_api.static.*)))
                0x00000000100062b8                _renesas_elc_driver_api_list_end = .

tgpio_driver_api_area
                0x00000000100062b8        0x0
                0x00000000100062b8                _tgpio_driver_api_list_start = .
 *(SORT_BY_NAME(SORT_BY_ALIGNMENT(._tgpio_driver_api.static.*)))
                0x00000000100062b8                _tgpio_driver_api_list_end = .

pcie_ctrl_driver_api_area
                0x00000000100062b8        0x0
                0x00000000100062b8                _pcie_ctrl_driver_api_list_start = .
 *(SORT_BY_NAME(SORT_BY_ALIGNMENT(._pcie_ctrl_driver_api.static.*)))
                0x00000000100062b8                _pcie_ctrl_driver_api_list_end = .

pcie_ep_driver_api_area
                0x00000000100062b8        0x0
                0x00000000100062b8                _pcie_ep_driver_api_list_start = .
 *(SORT_BY_NAME(SORT_BY_ALIGNMENT(._pcie_ep_driver_api.static.*)))
                0x00000000100062b8                _pcie_ep_driver_api_list_end = .

sent_driver_api_area
                0x00000000100062b8        0x0
                0x00000000100062b8                _sent_driver_api_list_start = .
 *(SORT_BY_NAME(SORT_BY_ALIGNMENT(._sent_driver_api.static.*)))
                0x00000000100062b8                _sent_driver_api_list_end = .

svc_driver_api_area
                0x00000000100062b8        0x0
                0x00000000100062b8                _svc_driver_api_list_start = .
 *(SORT_BY_NAME(SORT_BY_ALIGNMENT(._svc_driver_api.static.*)))
                0x00000000100062b8                _svc_driver_api_list_end = .

uart_driver_api_area
                0x00000000100062b8       0x14
                0x00000000100062b8                _uart_driver_api_list_start = .
 *(SORT_BY_NAME(SORT_BY_ALIGNMENT(._uart_driver_api.static.*)))
 ._uart_driver_api.static.mcux_lpuart_driver_api_
                0x00000000100062b8       0x14 zephyr/drivers/serial/libdrivers__serial.a(uart_mcux_lpuart.c.obj)
                0x00000000100062cc                _uart_driver_api_list_end = .

bc12_emul_driver_api_area
                0x00000000100062cc        0x0
                0x00000000100062cc                _bc12_emul_driver_api_list_start = .
 *(SORT_BY_NAME(SORT_BY_ALIGNMENT(._bc12_emul_driver_api.static.*)))
                0x00000000100062cc                _bc12_emul_driver_api_list_end = .

bc12_driver_api_area
                0x00000000100062cc        0x0
                0x00000000100062cc                _bc12_driver_api_list_start = .
 *(SORT_BY_NAME(SORT_BY_ALIGNMENT(._bc12_driver_api.static.*)))
                0x00000000100062cc                _bc12_driver_api_list_end = .

usbc_ppc_driver_api_area
                0x00000000100062cc        0x0
                0x00000000100062cc                _usbc_ppc_driver_api_list_start = .
 *(SORT_BY_NAME(SORT_BY_ALIGNMENT(._usbc_ppc_driver_api.static.*)))
                0x00000000100062cc                _usbc_ppc_driver_api_list_end = .

tcpc_driver_api_area
                0x00000000100062cc        0x0
                0x00000000100062cc                _tcpc_driver_api_list_start = .
 *(SORT_BY_NAME(SORT_BY_ALIGNMENT(._tcpc_driver_api.static.*)))
                0x00000000100062cc                _tcpc_driver_api_list_end = .

usbc_vbus_driver_api_area
                0x00000000100062cc        0x0
                0x00000000100062cc                _usbc_vbus_driver_api_list_start = .
 *(SORT_BY_NAME(SORT_BY_ALIGNMENT(._usbc_vbus_driver_api.static.*)))
                0x00000000100062cc                _usbc_vbus_driver_api_list_end = .

ivshmem_driver_api_area
                0x00000000100062cc        0x0
                0x00000000100062cc                _ivshmem_driver_api_list_start = .
 *(SORT_BY_NAME(SORT_BY_ALIGNMENT(._ivshmem_driver_api.static.*)))
                0x00000000100062cc                _ivshmem_driver_api_list_end = .

ethphy_driver_api_area
                0x00000000100062cc        0x0
                0x00000000100062cc                _ethphy_driver_api_list_start = .
 *(SORT_BY_NAME(SORT_BY_ALIGNMENT(._ethphy_driver_api.static.*)))
                0x00000000100062cc                _ethphy_driver_api_list_end = .

virtio_driver_api_area
                0x00000000100062cc        0x0
                0x00000000100062cc                _virtio_driver_api_list_start = .
 *(SORT_BY_NAME(SORT_BY_ALIGNMENT(._virtio_driver_api.static.*)))
                0x00000000100062cc                _virtio_driver_api_list_end = .

ztest           0x00000000100062cc        0x0
                0x00000000100062cc                _ztest_expected_result_entry_list_start = .
 *(SORT_BY_NAME(SORT_BY_ALIGNMENT(._ztest_expected_result_entry.static.*)))
                0x00000000100062cc                _ztest_expected_result_entry_list_end = .
                0x00000000100062cc                _ztest_suite_node_list_start = .
 *(SORT_BY_NAME(SORT_BY_ALIGNMENT(._ztest_suite_node.static.*)))
                0x00000000100062cc                _ztest_suite_node_list_end = .
                0x00000000100062cc                _ztest_unit_test_list_start = .
 *(SORT_BY_NAME(SORT_BY_ALIGNMENT(._ztest_unit_test.static.*)))
                0x00000000100062cc                _ztest_unit_test_list_end = .
                0x00000000100062cc                _ztest_test_rule_list_start = .
 *(SORT_BY_NAME(SORT_BY_ALIGNMENT(._ztest_test_rule.static.*)))
                0x00000000100062cc                _ztest_test_rule_list_end = .

init_array      0x00000000100062cc        0x0
                0x00000000100062cc                __zephyr_init_array_start = .
 *(SORT_BY_INIT_PRIORITY(.init_array.*) SORT_BY_INIT_PRIORITY(.ctors.*))
 *(SORT_BY_ALIGNMENT(.init_array) SORT_BY_ALIGNMENT(.ctors))
                0x00000000100062cc                __zephyr_init_array_end = .
                0x0000000000000001                ASSERT ((__zephyr_init_array_start == __zephyr_init_array_end), GNU-style constructors required but STATIC_INIT_GNU not enabled)

bt_l2cap_fixed_chan_area
                0x00000000100062cc        0x0
                0x00000000100062cc                _bt_l2cap_fixed_chan_list_start = .
 *(SORT_BY_NAME(SORT_BY_ALIGNMENT(._bt_l2cap_fixed_chan.static.*)))
                0x00000000100062cc                _bt_l2cap_fixed_chan_list_end = .

bt_gatt_service_static_area
                0x00000000100062cc        0x0
                0x00000000100062cc                _bt_gatt_service_static_list_start = .
 *(SORT_BY_NAME(SORT_BY_ALIGNMENT(._bt_gatt_service_static.static.*)))
                0x00000000100062cc                _bt_gatt_service_static_list_end = .

log_strings_area
                0x00000000100062cc        0x0
                0x00000000100062cc                _log_strings_list_start = .
 *(SORT_BY_NAME(SORT_BY_ALIGNMENT(._log_strings.static.*)))
                0x00000000100062cc                _log_strings_list_end = .

log_stmesp_ptr_area
                0x00000000100062cc        0x0
                0x00000000100062cc                _log_stmesp_ptr_list_start = .
 *(SORT_BY_NAME(SORT_BY_ALIGNMENT(._log_stmesp_ptr.static.*)))
                0x00000000100062cc                _log_stmesp_ptr_list_end = .

log_stmesp_str_area
                0x00000000100062cc        0x0
                0x00000000100062cc                _log_stmesp_str_list_start = .
 *(SORT_BY_NAME(SORT_BY_ALIGNMENT(._log_stmesp_str.static.*)))
                0x00000000100062cc                _log_stmesp_str_list_end = .

log_const_area  0x00000000100062cc       0x50
                0x00000000100062cc                _log_const_list_start = .
 *(SORT_BY_NAME(SORT_BY_ALIGNMENT(._log_const.static.*)))
 ._log_const.static.log_const_cbprintf_package_
                0x00000000100062cc        0x8 zephyr/libzephyr.a(cbprintf_packaged.c.obj)
                0x00000000100062cc                log_const_cbprintf_package
 ._log_const.static.log_const_clock_control_scg_
                0x00000000100062d4        0x8 zephyr/drivers/clock_control/libdrivers__clock_control.a(clock_control_mcux_scg_k4.c.obj)
                0x00000000100062d4                log_const_clock_control_scg
 ._log_const.static.log_const_log_
                0x00000000100062dc        0x8 zephyr/libzephyr.a(log_core.c.obj)
                0x00000000100062dc                log_const_log
 ._log_const.static.log_const_log_mgmt_
                0x00000000100062e4        0x8 zephyr/libzephyr.a(log_mgmt.c.obj)
                0x00000000100062e4                log_const_log_mgmt
 ._log_const.static.log_const_log_uart_
                0x00000000100062ec        0x8 zephyr/libzephyr.a(log_backend_uart.c.obj)
                0x00000000100062ec                log_const_log_uart
 ._log_const.static.log_const_mpu_
                0x00000000100062f4        0x8 zephyr/arch/arch/arm/core/mpu/libarch__arm__core__mpu.a(arm_core_mpu.c.obj)
                0x00000000100062f4                log_const_mpu
 ._log_const.static.log_const_os_
                0x00000000100062fc        0x8 zephyr/kernel/libkernel.a(init.c.obj)
                0x00000000100062fc                log_const_os
 ._log_const.static.log_const_pinctrl_nxp_port_
                0x0000000010006304        0x8 zephyr/drivers/pinctrl/libdrivers__pinctrl.a(pinctrl_nxp_port.c.obj)
                0x0000000010006304                log_const_pinctrl_nxp_port
 ._log_const.static.log_const_pwm_mcux_tpm_
                0x000000001000630c        0x8 zephyr/drivers/pwm/libdrivers__pwm.a(pwm_mcux_tpm.c.obj)
                0x000000001000630c                log_const_pwm_mcux_tpm
 ._log_const.static.log_const_uart_mcux_lpuart_
                0x0000000010006314        0x8 zephyr/drivers/serial/libdrivers__serial.a(uart_mcux_lpuart.c.obj)
                0x0000000010006314                log_const_uart_mcux_lpuart
                0x000000001000631c                _log_const_list_end = .

log_backend_area
                0x000000001000631c       0x10
                0x000000001000631c                _log_backend_list_start = .
 *(SORT_BY_NAME(SORT_BY_ALIGNMENT(._log_backend.static.*)))
 ._log_backend.static.log_backend_uart_
                0x000000001000631c       0x10 zephyr/libzephyr.a(log_backend_uart.c.obj)
                0x000000001000632c                _log_backend_list_end = .

log_link_area   0x000000001000632c        0x0
                0x000000001000632c                _log_link_list_start = .
 *(SORT_BY_NAME(SORT_BY_ALIGNMENT(._log_link.static.*)))