Archive member included to satisfy reference by file (symbol)

app/libapp.a(main.c.obj)      (--whole-archive)
app/libapp.a(io.c.obj)        (--whole-archive)
app/libapp.a(flash_map_extended.c.obj)
                              (--whole-archive)
app/libapp.a(os.c.obj)        (--whole-archive)
app/libapp.a(keys.c.obj)      (--whole-archive)
app/libapp.a(image_validate.c.obj)
                              (--whole-archive)
app/libapp.a(tlv.c.obj)       (--whole-archive)
app/libapp.a(encrypted.c.obj)
                              (--whole-archive)
app/libapp.a(image_rsa.c.obj)
                              (--whole-archive)
app/libapp.a(image_ecdsa.c.obj)
                              (--whole-archive)
app/libapp.a(image_ed25519.c.obj)
                              (--whole-archive)
app/libapp.a(bootutil_misc.c.obj)
                              (--whole-archive)
app/libapp.a(fault_injection_hardening.c.obj)
                              (--whole-archive)
app/libapp.a(loader.c.obj)    (--whole-archive)
app/libapp.a(swap_misc.c.obj)
                              (--whole-archive)
app/libapp.a(caps.c.obj)      (--whole-archive)
app/libapp.a(swap_move.c.obj)
                              (--whole-archive)
app/libapp.a(autogen-pubkey.c.obj)
                              (--whole-archive)
app/libapp.a(arm_cleanup.c.obj)
                              (--whole-archive)
app/libapp.a(flash_check.c.obj)
                              (--whole-archive)
zephyr/libzephyr.a(heap.c.obj)
                              (--whole-archive)
zephyr/libzephyr.a(cbprintf_packaged.c.obj)
                              (--whole-archive)
zephyr/libzephyr.a(printk.c.obj)
                              (--whole-archive)
zephyr/libzephyr.a(sem.c.obj)
                              (--whole-archive)
zephyr/libzephyr.a(thread_entry.c.obj)
                              (--whole-archive)
zephyr/libzephyr.a(cbprintf_nano.c.obj)
                              (--whole-archive)
zephyr/libzephyr.a(cbprintf.c.obj)
                              (--whole-archive)
zephyr/libzephyr.a(assert.c.obj)
                              (--whole-archive)
zephyr/libzephyr.a(dec.c.obj)
                              (--whole-archive)
zephyr/libzephyr.a(hex.c.obj)
                              (--whole-archive)
zephyr/libzephyr.a(rb.c.obj)  (--whole-archive)
zephyr/libzephyr.a(timeutil.c.obj)
                              (--whole-archive)
zephyr/libzephyr.a(bitarray.c.obj)
                              (--whole-archive)
zephyr/libzephyr.a(ring_buffer.c.obj)
                              (--whole-archive)
zephyr/libzephyr.a(configs.c.obj)
                              (--whole-archive)
zephyr/libzephyr.a(soc.c.obj)
                              (--whole-archive)
zephyr/libzephyr.a(mcxw71_platform_init.S.obj)
                              (--whole-archive)
zephyr/libzephyr.a(log_minimal.c.obj)
                              (--whole-archive)
zephyr/libzephyr.a(mem_attr.c.obj)
                              (--whole-archive)
zephyr/libzephyr.a(flash_map.c.obj)
                              (--whole-archive)
zephyr/libzephyr.a(flash_map_default.c.obj)
                              (--whole-archive)
zephyr/libzephyr.a(flash_map_layout.c.obj)
                              (--whole-archive)
zephyr/libzephyr.a(tracing_none.c.obj)
                              (--whole-archive)
zephyr/libzephyr.a(flash_util.c.obj)
                              (--whole-archive)
zephyr/libzephyr.a(banner.c.obj)
                              (--whole-archive)
zephyr/arch/common/libarch__common.a(sw_isr_common.c.obj)
                              (--whole-archive)
zephyr/arch/arch/arm/core/libarch__arm__core.a(fatal.c.obj)
                              (--whole-archive)
zephyr/arch/arch/arm/core/libarch__arm__core.a(nmi.c.obj)
                              (--whole-archive)
zephyr/arch/arch/arm/core/libarch__arm__core.a(nmi_on_reset.S.obj)
                              (--whole-archive)
zephyr/arch/arch/arm/core/cortex_m/libarch__arm__core__cortex_m.a(exc_exit.c.obj)
                              (--whole-archive)
zephyr/arch/arch/arm/core/cortex_m/libarch__arm__core__cortex_m.a(fault.c.obj)
                              (--whole-archive)
zephyr/arch/arch/arm/core/cortex_m/libarch__arm__core__cortex_m.a(fault_s.S.obj)
                              (--whole-archive)
zephyr/arch/arch/arm/core/cortex_m/libarch__arm__core__cortex_m.a(fpu.c.obj)
                              (--whole-archive)
zephyr/arch/arch/arm/core/cortex_m/libarch__arm__core__cortex_m.a(reset.S.obj)
                              (--whole-archive)
zephyr/arch/arch/arm/core/cortex_m/libarch__arm__core__cortex_m.a(scb.c.obj)
                              (--whole-archive)
zephyr/arch/arch/arm/core/cortex_m/libarch__arm__core__cortex_m.a(thread_abort.c.obj)
                              (--whole-archive)
zephyr/arch/arch/arm/core/cortex_m/libarch__arm__core__cortex_m.a(vector_table.S.obj)
                              (--whole-archive)
[...]
Memory Configuration

Name             Origin             Length             Attributes
FLASH            0x0000000010000000 0x0000000000010000 xr
RAM              0x0000000030000000 0x000000000001a000 xw
RetainedMem      0x000000003001a000 0x0000000000002000 rw
rpmsg_sh_mem     0x00000000589c8800 0x0000000000001800 rw
IDT_LIST         0x00000000ffff7fff 0x0000000000008000 xw
*default*        0x0000000000000000 0xffffffffffffffff

Linker script and memory map

LOAD zephyr/CMakeFiles/zephyr_pre0.dir/misc/empty_file.c.obj
LOAD zephyr/CMakeFiles/offsets.dir/./arch/arm/core/offsets/offsets.c.obj
LOAD app/libapp.a
LOAD zephyr/libzephyr.a
LOAD zephyr/arch/common/libarch__common.a
LOAD zephyr/arch/arch/arm/core/libarch__arm__core.a
LOAD zephyr/arch/arch/arm/core/cortex_m/libarch__arm__core__cortex_m.a
LOAD zephyr/arch/arch/arm/core/cortex_m/cmse/libarch__arm__core__cortex_m__cmse.a
LOAD zephyr/arch/arch/arm/core/mpu/libarch__arm__core__mpu.a
LOAD zephyr/lib/libc/minimal/liblib__libc__minimal.a
LOAD zephyr/lib/libc/common/liblib__libc__common.a
LOAD zephyr/drivers/clock_control/libdrivers__clock_control.a
LOAD zephyr/drivers/console/libdrivers__console.a
LOAD zephyr/drivers/flash/libdrivers__flash.a
LOAD zephyr/drivers/gpio/libdrivers__gpio.a
LOAD zephyr/drivers/pinctrl/libdrivers__pinctrl.a
LOAD zephyr/drivers/serial/libdrivers__serial.a
LOAD zephyr/drivers/spi/libdrivers__spi.a
LOAD zephyr/drivers/timer/libdrivers__timer.a
LOAD modules/hal_nxp/hal_nxp/lib..__modules__hal__nxp.a
LOAD modules/mbedtls/libmbedTLSBase.a
LOAD modules/mbedtls/libmbedTLSCrypto.a
LOAD modules/mbedtls/libmbedTLSX509.a
LOAD modules/mbedtls/libmodules__mbedtls.a
LOAD modules/mcuboot/libmcuboot_util.a
LOAD zephyr/kernel/libkernel.a
LOAD zephyr/arch/common/libisr_tables.a
LOAD modules/mbedtls/libmbedTLSBase.a
LOAD modules/mbedtls/libmbedTLSCrypto.a
LOAD modules/mbedtls/libmbedTLSX509.a
LOAD c:/users/cjwsa/zephyr-sdk-0.17.0/arm-zephyr-eabi/bin/../lib/gcc/arm-zephyr-eabi/12.2.0/thumb/v8-m.main/nofp\libgcc.a
                0x0000000000002000                m_sector_size = 0x2000
                0x00000000000fffff                m_flash_end = 0xfffff
                0x0000000000002000                m_fsl_prodInfo_size = m_sector_size
                0x00000000000fe000                m_fsl_prodInfo_start = ((m_flash_end - m_fsl_prodInfo_size) + 0x1)
                0x00000000000fffff                m_fsl_prodInfo_end = m_flash_end
                0x00000000000fe000                PROD_DATA_BASE_ADDR = m_fsl_prodInfo_start
                0x0000000000000020                _region_min_align = 0x20

.rel.plt        0x0000000010000000        0x0
 *(SORT_BY_ALIGNMENT(.rel.plt))
                [!provide]                        PROVIDE (__rel_iplt_start = .)
 *(SORT_BY_ALIGNMENT(.rel.iplt))
 .rel.iplt      0x0000000010000000        0x0 app/libapp.a(main.c.obj)
                [!provide]                        PROVIDE (__rel_iplt_end = .)

.rela.plt       0x0000000000000000        0x0
 *(SORT_BY_ALIGNMENT(.rela.plt))
                [!provide]                        PROVIDE (__rela_iplt_start = .)
 *(SORT_BY_ALIGNMENT(.rela.iplt))
                [!provide]                        PROVIDE (__rela_iplt_end = .)

.rel.dyn
 *(SORT_BY_ALIGNMENT(.rel.*))

.rela.dyn
 *(SORT_BY_ALIGNMENT(.rela.*))

/DISCARD/
 *(SORT_BY_ALIGNMENT(.plt))

/DISCARD/
 *(SORT_BY_ALIGNMENT(.iplt))
                0x0000000010000000                __rom_region_start = 0x10000000

rom_start       0x0000000010000000      0x16c
                0x0000000010000000                __rom_start_address = .
 FILL mask 0x00
                0x0000000010000000                . = (. + (0x0 - (. - __rom_start_address)))
                0x0000000010000000                . = ALIGN (0x4)
                0x0000000010000000                . = ALIGN (0x80)
                0x0000000010000000                . = ALIGN (0x200)
                0x0000000010000000                _vector_start = .
 *(SORT_BY_ALIGNMENT(.exc_vector_table))
 *(SORT_BY_ALIGNMENT(.exc_vector_table.*))
 .exc_vector_table._vector_table_section
                0x0000000010000000       0x40 zephyr/arch/arch/arm/core/cortex_m/libarch__arm__core__cortex_m.a(vector_table.S.obj)
                0x0000000010000000                _vector_table
 *(SORT_BY_ALIGNMENT(.vectors))
                0x000000001000016c                _vector_end = .
                0x0000000010000040                . = ALIGN (0x4)
 *(SORT_BY_ALIGNMENT(.gnu.linkonce.irq_vector_table*))
 .gnu.linkonce.irq_vector_table
                0x0000000010000040      0x12c zephyr/arch/common/libisr_tables.a(isr_tables.c.obj)
                0x0000000010000040                _irq_vector_table
                0x000000001000016c                _vector_end = .

text            0x0000000010000170     0x80b8
                0x0000000010000170                __text_region_start = .
 *(SORT_BY_ALIGNMENT(.text))
 .text          0x0000000010000170       0x30 c:/users/cjwsa/zephyr-sdk-0.17.0/arm-zephyr-eabi/bin/../lib/gcc/arm-zephyr-eabi/12.2.0/thumb/v8-m.main/nofp\libgcc.a(_aeabi_uldivmod.o)
                0x0000000010000170                __aeabi_uldivmod
 .text          0x00000000100001a0        0x4 c:/users/cjwsa/zephyr-sdk-0.17.0/arm-zephyr-eabi/bin/../lib/gcc/arm-zephyr-eabi/12.2.0/thumb/v8-m.main/nofp\libgcc.a(_dvmd_tls.o)
                0x00000000100001a0                __aeabi_idiv0
                0x00000000100001a0                __aeabi_ldiv0
 .text          0x00000000100001a4      0x29c c:/users/cjwsa/zephyr-sdk-0.17.0/arm-zephyr-eabi/bin/../lib/gcc/arm-zephyr-eabi/12.2.0/thumb/v8-m.main/nofp\libgcc.a(_udivmoddi4.o)
                0x00000000100001a4                __udivmoddi4
 *(SORT_BY_ALIGNMENT(.text.*))
 .text.LPSPI_MasterSetDelayTimes
                0x0000000010000440      0x124 modules/hal_nxp/hal_nxp/lib..__modules__hal__nxp.a(fsl_lpspi.c.obj)
                0x0000000010000440                LPSPI_MasterSetDelayTimes
 .text.main     0x0000000010000564       0xc0 app/libapp.a(main.c.obj)
                0x0000000010000564                main
 .text.flash_area_id_from_multi_image_slot
                0x0000000010000624       0x24 app/libapp.a(flash_map_extended.c.obj)
                0x0000000010000624                flash_area_id_from_multi_image_slot
 .text.os_heap_init
                0x0000000010000648       0x10 app/libapp.a(os.c.obj)
                0x0000000010000648                os_heap_init
 .text.bootutil_img_validate
                0x0000000010000658      0x218 app/libapp.a(image_validate.c.obj)
                0x0000000010000658                bootutil_img_validate
 .text.bootutil_cmp_rsasig
                0x0000000010000870      0x12c app/libapp.a(image_rsa.c.obj)
 .text.bootutil_verify_sig
                0x000000001000099c       0xd0 app/libapp.a(image_rsa.c.obj)
                0x000000001000099c                bootutil_verify_sig
 .text.boot_status_entries
                0x0000000010000a6c       0x28 app/libapp.a(bootutil_misc.c.obj)
                0x0000000010000a6c                boot_status_entries
 .text.boot_find_status
                0x0000000010000a94       0x48 app/libapp.a(bootutil_misc.c.obj)
                0x0000000010000a94                boot_find_status
 .text.bootutil_max_image_size
                0x0000000010000adc       0x2c app/libapp.a(bootutil_misc.c.obj)
                0x0000000010000adc                bootutil_max_image_size
 .text.boot_validate_slot.constprop.0
                0x0000000010000b08      0x154 app/libapp.a(loader.c.obj)
 .text.boot_swap_image.isra.0
                0x0000000010000c5c       0x88 app/libapp.a(loader.c.obj)
 .text.boot_copy_region
                0x0000000010000ce4       0x58 app/libapp.a(loader.c.obj)
                0x0000000010000ce4                boot_copy_region
 .text.context_boot_go
                0x0000000010000d3c      0x294 app/libapp.a(loader.c.obj)
                0x0000000010000d3c                context_boot_go
 .text.boot_go  0x0000000010000fd0       0x20 app/libapp.a(loader.c.obj)
                0x0000000010000fd0                boot_go
 .text.swap_set_copy_done
                0x0000000010000ff0       0x2c app/libapp.a(swap_misc.c.obj)
                0x0000000010000ff0                swap_set_copy_done
 .text.swap_set_image_ok
                0x000000001000101c       0x44 app/libapp.a(swap_misc.c.obj)
                0x000000001000101c                swap_set_image_ok
 .text.boot_read_image_header
                0x0000000010001060       0xcc app/libapp.a(swap_move.c.obj)
                0x0000000010001060                boot_read_image_header
 .text.swap_read_status_bytes
                0x000000001000112c       0xc8 app/libapp.a(swap_move.c.obj)
                0x000000001000112c                swap_read_status_bytes
 .text.boot_slots_compatible
                0x00000000100011f4       0x88 app/libapp.a(swap_move.c.obj)
                0x00000000100011f4                boot_slots_compatible
 .text.swap_status_source
                0x000000001000127c       0xcc app/libapp.a(swap_move.c.obj)
                0x000000001000127c                swap_status_source
 .text.fixup_revert
                0x0000000010001348       0x98 app/libapp.a(swap_move.c.obj)
                0x0000000010001348                fixup_revert
 .text.swap_run
                0x00000000100013e0      0x1f0 app/libapp.a(swap_move.c.obj)
                0x00000000100013e0                swap_run
 .text.cleanup_arm_nvic
                0x00000000100015d0       0x38 app/libapp.a(arm_cleanup.c.obj)
                0x00000000100015d0                cleanup_arm_nvic
 .text.char_out
                0x0000000010001608        0xc zephyr/libzephyr.a(printk.c.obj)
 .text.__printk_hook_install
                0x0000000010001614        0xc zephyr/libzephyr.a(printk.c.obj)
                0x0000000010001614                __printk_hook_install
 .text.vprintk  0x0000000010001620       0x1c zephyr/libzephyr.a(printk.c.obj)
                0x0000000010001620                vprintk
 .text.z_cbvprintf_impl
                0x000000001000163c      0x444 zephyr/libzephyr.a(cbprintf_nano.c.obj)
                0x000000001000163c                z_cbvprintf_impl
 .text.clock_init
                0x0000000010001a80      0x1f8 zephyr/libzephyr.a(soc.c.obj)
                0x0000000010001a80                clock_init
 .text.soc_early_init_hook
                0x0000000010001c78       0x2c zephyr/libzephyr.a(soc.c.obj)
                0x0000000010001c78                soc_early_init_hook
 .text._reset_section
                0x0000000010001ca4       0x58 zephyr/libzephyr.a(mcxw71_platform_init.S.obj)
                0x0000000010001ca4                soc_reset_hook
 .text.mem_attr_get_regions
                0x0000000010001cfc        0xc zephyr/libzephyr.a(mem_attr.c.obj)
                0x0000000010001cfc                mem_attr_get_regions
 .text.flash_area_open
                0x0000000010001d08       0x4c zephyr/libzephyr.a(flash_map.c.obj)
                0x0000000010001d08                flash_area_open
 .text.flash_area_sectors
                0x0000000010001d54       0x34 zephyr/libzephyr.a(flash_map_layout.c.obj)
                0x0000000010001d54                flash_area_sectors
 .text.boot_banner
                0x0000000010001d88       0x1c zephyr/libzephyr.a(banner.c.obj)
                0x0000000010001d88                boot_banner
 .text.z_SysNmiOnReset
                0x0000000010001da4        0x8 zephyr/arch/arch/arm/core/libarch__arm__core.a(nmi_on_reset.S.obj)
                0x0000000010001da4                z_SysNmiOnReset
 .text._HandlerModeExit
                0x0000000010001dac       0x20 zephyr/arch/arch/arm/core/cortex_m/libarch__arm__core__cortex_m.a(exc_exit.c.obj)
                0x0000000010001dac                z_arm_int_exit
                0x0000000010001dac                z_arm_exc_exit
 .text.secure_fault.constprop.0
                0x0000000010001dcc       0x74 zephyr/arch/arch/arm/core/cortex_m/libarch__arm__core__cortex_m.a(fault.c.obj)
 .text.usage_fault.constprop.0
                0x0000000010001e40       0x5c zephyr/arch/arch/arm/core/cortex_m/libarch__arm__core__cortex_m.a(fault.c.obj)
 .text.bus_fault.constprop.0
                0x0000000010001e9c       0x6c zephyr/arch/arch/arm/core/cortex_m/libarch__arm__core__cortex_m.a(fault.c.obj)
 .text.mem_manage_fault.constprop.0
                0x0000000010001f08       0x78 zephyr/arch/arch/arm/core/cortex_m/libarch__arm__core__cortex_m.a(fault.c.obj)
 .text.z_arm_fault
                0x0000000010001f80      0x148 zephyr/arch/arch/arm/core/cortex_m/libarch__arm__core__cortex_m.a(fault.c.obj)
                0x0000000010001f80                z_arm_fault
 .text.z_arm_fault_init
                0x00000000100020c8       0x18 zephyr/arch/arch/arm/core/cortex_m/libarch__arm__core__cortex_m.a(fault.c.obj)
                0x00000000100020c8                z_arm_fault_init
 .text.__fault  0x00000000100020e0       0x14 zephyr/arch/arch/arm/core/cortex_m/libarch__arm__core__cortex_m.a(fault_s.S.obj)
                0x00000000100020e0                z_arm_bus_fault
                0x00000000100020e0                z_arm_usage_fault
                0x00000000100020e0                z_arm_mpu_fault
                0x00000000100020e0                z_arm_exc_spurious
                0x00000000100020e0                z_arm_debug_monitor
                0x00000000100020e0                z_arm_hard_fault
                0x00000000100020e0                z_arm_secure_fault
 .text._reset_section
                0x00000000100020f4       0x30 zephyr/arch/arch/arm/core/cortex_m/libarch__arm__core__cortex_m.a(reset.S.obj)
                0x00000000100020f4                __start
                0x00000000100020f4                z_arm_reset
 .text.z_arm_clear_arm_mpu_config
                0x0000000010002124       0x24 zephyr/arch/arch/arm/core/cortex_m/libarch__arm__core__cortex_m.a(scb.c.obj)
                0x0000000010002124                z_arm_clear_arm_mpu_config
 .text.z_impl_k_thread_abort
                0x0000000010002148       0x2c zephyr/arch/arch/arm/core/cortex_m/libarch__arm__core__cortex_m.a(thread_abort.c.obj)
                0x0000000010002148                z_impl_k_thread_abort
 .text.z_arm_pendsv
                0x0000000010002174       0x48 zephyr/arch/arch/arm/core/cortex_m/libarch__arm__core__cortex_m.a(swap_helper.S.obj)
                0x0000000010002174                z_arm_pendsv
 .text.z_arm_svc
                0x00000000100021bc       0x24 zephyr/arch/arch/arm/core/cortex_m/libarch__arm__core__cortex_m.a(swap_helper.S.obj)
                0x00000000100021bc                z_arm_svc
 .text.arch_irq_enable
                0x00000000100021e0       0x1c zephyr/arch/arch/arm/core/cortex_m/libarch__arm__core__cortex_m.a(irq_manage.c.obj)
                0x00000000100021e0                arch_irq_enable
 .text.z_arm_irq_priority_set
                0x00000000100021fc       0x2c zephyr/arch/arch/arm/core/cortex_m/libarch__arm__core__cortex_m.a(irq_manage.c.obj)
                0x00000000100021fc                z_arm_irq_priority_set
 .text.z_prep_c
                0x0000000010002228       0x48 zephyr/arch/arch/arm/core/cortex_m/libarch__arm__core__cortex_m.a(prep_c.c.obj)
                0x0000000010002228                z_prep_c
 .text.arch_new_thread
                0x0000000010002270       0x38 zephyr/arch/arch/arm/core/cortex_m/libarch__arm__core__cortex_m.a(thread.c.obj)
                0x0000000010002270                arch_new_thread
 .text.arch_switch_to_main_thread
                0x00000000100022a8       0x30 zephyr/arch/arch/arm/core/cortex_m/libarch__arm__core__cortex_m.a(thread.c.obj)
                0x00000000100022a8                arch_switch_to_main_thread
 .text.z_arm_cpu_idle_init
                0x00000000100022d8        0xc zephyr/arch/arch/arm/core/cortex_m/libarch__arm__core__cortex_m.a(cpu_idle.c.obj)
                0x00000000100022d8                z_arm_cpu_idle_init
 .text.z_arm_interrupt_init
                0x00000000100022e4       0x18 zephyr/arch/arch/arm/core/cortex_m/libarch__arm__core__cortex_m.a(irq_init.c.obj)
                0x00000000100022e4                z_arm_interrupt_init
 .text._isr_wrapper
                0x00000000100022fc       0x24 zephyr/arch/arch/arm/core/cortex_m/libarch__arm__core__cortex_m.a(isr_wrapper.c.obj)
                0x00000000100022fc                _isr_wrapper
 .text.z_arm_configure_static_mpu_regions
                0x0000000010002320       0x38 zephyr/arch/arch/arm/core/mpu/libarch__arm__core__mpu.a(arm_core_mpu.c.obj)
                0x0000000010002320                z_arm_configure_static_mpu_regions
 .text.region_init
                0x0000000010002358       0x34 zephyr/arch/arch/arm/core/mpu/libarch__arm__core__mpu.a(arm_mpu.c.obj)
 .text.region_allocate_and_init
                0x000000001000238c       0x24 zephyr/arch/arch/arm/core/mpu/libarch__arm__core__mpu.a(arm_mpu.c.obj)
 .text.mpu_configure_regions_and_partition.constprop.0
                0x00000000100023b0      0x148 zephyr/arch/arch/arm/core/mpu/libarch__arm__core__mpu.a(arm_mpu.c.obj)
 .text.arm_core_mpu_enable
                0x00000000100024f8       0x18 zephyr/arch/arch/arm/core/mpu/libarch__arm__core__mpu.a(arm_mpu.c.obj)
                0x00000000100024f8                arm_core_mpu_enable
 .text.arm_core_mpu_disable
                0x0000000010002510       0x14 zephyr/arch/arch/arm/core/mpu/libarch__arm__core__mpu.a(arm_mpu.c.obj)
                0x0000000010002510                arm_core_mpu_disable
 .text.arm_core_mpu_configure_static_mpu_regions
                0x0000000010002524       0x14 zephyr/arch/arch/arm/core/mpu/libarch__arm__core__mpu.a(arm_mpu.c.obj)
                0x0000000010002524                arm_core_mpu_configure_static_mpu_regions
 .text.arm_core_mpu_mark_areas_for_dynamic_regions
                0x0000000010002538       0xb8 zephyr/arch/arch/arm/core/mpu/libarch__arm__core__mpu.a(arm_mpu.c.obj)
                0x0000000010002538                arm_core_mpu_mark_areas_for_dynamic_regions
 .text.z_arm_mpu_init
                0x00000000100025f0      0x11c zephyr/arch/arch/arm/core/mpu/libarch__arm__core__mpu.a(arm_mpu.c.obj)
                0x00000000100025f0                z_arm_mpu_init
 .text._exit    0x000000001000270c       0x10 zephyr/lib/libc/minimal/liblib__libc__minimal.a(exit.c.obj)
                0x000000001000270c                _exit
 .text.__stdout_hook_install
                0x000000001000271c        0xc zephyr/lib/libc/minimal/liblib__libc__minimal.a(stdout_console.c.obj)
                0x000000001000271c                __stdout_hook_install
 .text.uart_console_init
                0x0000000010002728       0x28 zephyr/drivers/console/libdrivers__console.a(uart_console.c.obj)
 .text.console_out
                0x0000000010002750       0x28 zephyr/drivers/console/libdrivers__console.a(uart_console.c.obj)
 .text.clear_flash_caches
                0x0000000010002778       0x24 zephyr/drivers/flash/libdrivers__flash.a(soc_flash_mcux.c.obj)
 .text.flash_mcux_pages_layout
                0x000000001000279c       0x10 zephyr/drivers/flash/libdrivers__flash.a(soc_flash_mcux.c.obj)
 .text.flash_mcux_get_parameters
                0x00000000100027ac        0x8 zephyr/drivers/flash/libdrivers__flash.a(soc_flash_mcux.c.obj)
 .text.flash_mcux_erase
                0x00000000100027b4       0x70 zephyr/drivers/flash/libdrivers__flash.a(soc_flash_mcux.c.obj)
 .text.flash_mcux_write
                0x0000000010002824       0x6c zephyr/drivers/flash/libdrivers__flash.a(soc_flash_mcux.c.obj)
 .text.flash_nor_get_parameters
                0x0000000010002890        0x8 zephyr/drivers/flash/libdrivers__flash.a(spi_nor.c.obj)
 .text.spi_nor_erase
                0x0000000010002898      0x118 zephyr/drivers/flash/libdrivers__flash.a(spi_nor.c.obj)
 .text.pinctrl_configure_pins
                0x00000000100029b0       0x40 zephyr/drivers/pinctrl/libdrivers__pinctrl.a(pinctrl_nxp_port.c.obj)
                0x00000000100029b0                pinctrl_configure_pins
 .text.spi_mcux_transceive_sync
                0x00000000100029f0      0x194 zephyr/drivers/spi/libdrivers__spi.a(spi_nxp_lpspi.c.obj)
 .text.lpspi_isr
                0x0000000010002b84      0x2b8 zephyr/drivers/spi/libdrivers__spi.a(spi_nxp_lpspi.c.obj)
 .text.elapsed  0x0000000010002e3c       0x4c zephyr/drivers/timer/libdrivers__timer.a(cortex_m_systick.c.obj)
 .text.sys_clock_driver_init
                0x0000000010002e88       0x38 zephyr/drivers/timer/libdrivers__timer.a(cortex_m_systick.c.obj)
 .text.sys_clock_isr
                0x0000000010002ec0       0x60 zephyr/drivers/timer/libdrivers__timer.a(cortex_m_systick.c.obj)
                0x0000000010002ec0                sys_clock_isr
 .text.sys_clock_set_timeout
                0x0000000010002f20       0xfc zephyr/drivers/timer/libdrivers__timer.a(cortex_m_systick.c.obj)
                0x0000000010002f20                sys_clock_set_timeout
 .text.sys_clock_elapsed
                0x000000001000301c       0x3c zephyr/drivers/timer/libdrivers__timer.a(cortex_m_systick.c.obj)
                0x000000001000301c                sys_clock_elapsed
 .text.sys_clock_cycle_get_32
                0x0000000010003058       0x28 zephyr/drivers/timer/libdrivers__timer.a(cortex_m_systick.c.obj)
                0x0000000010003058                sys_clock_cycle_get_32
 .text.CLOCK_DeinitSysOsc
                0x0000000010003080       0x28 modules/hal_nxp/hal_nxp/lib..__modules__hal__nxp.a(fsl_clock.c.obj)
                0x0000000010003080                CLOCK_DeinitSysOsc
 .text.CLOCK_InitSysOsc
                0x00000000100030a8       0x34 modules/hal_nxp/hal_nxp/lib..__modules__hal__nxp.a(fsl_clock.c.obj)
                0x00000000100030a8                CLOCK_InitSysOsc
 .text.CLOCK_GetSysOscFreq
                0x00000000100030dc       0x1c modules/hal_nxp/hal_nxp/lib..__modules__hal__nxp.a(fsl_clock.c.obj)
                0x00000000100030dc                CLOCK_GetSysOscFreq
 .text.CLOCK_DeinitSirc
                0x00000000100030f8       0x24 modules/hal_nxp/hal_nxp/lib..__modules__hal__nxp.a(fsl_clock.c.obj)
                0x00000000100030f8                CLOCK_DeinitSirc
 .text.CLOCK_InitSirc
                0x000000001000311c       0x20 modules/hal_nxp/hal_nxp/lib..__modules__hal__nxp.a(fsl_clock.c.obj)
                0x000000001000311c                CLOCK_InitSirc
 .text.CLOCK_GetSircFreq
                0x000000001000313c       0x1c modules/hal_nxp/hal_nxp/lib..__modules__hal__nxp.a(fsl_clock.c.obj)
                0x000000001000313c                CLOCK_GetSircFreq
 .text.CLOCK_DeinitFirc
                0x0000000010003158       0x28 modules/hal_nxp/hal_nxp/lib..__modules__hal__nxp.a(fsl_clock.c.obj)
                0x0000000010003158                CLOCK_DeinitFirc
 .text.CLOCK_InitFirc
                0x0000000010003180       0x78 modules/hal_nxp/hal_nxp/lib..__modules__hal__nxp.a(fsl_clock.c.obj)
                0x0000000010003180                CLOCK_InitFirc
 .text.CLOCK_GetFircFreq
                0x00000000100031f8       0x24 modules/hal_nxp/hal_nxp/lib..__modules__hal__nxp.a(fsl_clock.c.obj)
                0x00000000100031f8                CLOCK_GetFircFreq
 .text.CLOCK_GetRtcOscFreq
                0x000000001000321c       0x1c modules/hal_nxp/hal_nxp/lib..__modules__hal__nxp.a(fsl_clock.c.obj)
                0x000000001000321c                CLOCK_GetRtcOscFreq
 .text.CLOCK_GetSysClkFreq
                0x0000000010003238       0x60 modules/hal_nxp/hal_nxp/lib..__modules__hal__nxp.a(fsl_clock.c.obj)
                0x0000000010003238                CLOCK_GetSysClkFreq
 .text.SystemInit
                0x0000000010003298       0x4c modules/hal_nxp/hal_nxp/lib..__modules__hal__nxp.a(system_MCXW716C.c.obj)
                0x0000000010003298                SystemInit
 .text.LPSPI_GetInstance
                0x00000000100032e4       0x1c modules/hal_nxp/hal_nxp/lib..__modules__hal__nxp.a(fsl_lpspi.c.obj)
                0x00000000100032e4                LPSPI_GetInstance
 .text.LPSPI_SetDummyData
                0x0000000010003300       0x10 modules/hal_nxp/hal_nxp/lib..__modules__hal__nxp.a(fsl_lpspi.c.obj)
                0x0000000010003300                LPSPI_SetDummyData
 .text.LPSPI_MasterGetDefaultConfig
                0x0000000010003310       0x30 modules/hal_nxp/hal_nxp/lib..__modules__hal__nxp.a(fsl_lpspi.c.obj)
                0x0000000010003310                LPSPI_MasterGetDefaultConfig
 .text.LPSPI_MasterSetBaudRate
                0x0000000010003340       0xa4 modules/hal_nxp/hal_nxp/lib..__modules__hal__nxp.a(fsl_lpspi.c.obj)
                0x0000000010003340                LPSPI_MasterSetBaudRate
 .text.LPSPI_MasterInit
                0x00000000100033e4      0x114 modules/hal_nxp/hal_nxp/lib..__modules__hal__nxp.a(fsl_lpspi.c.obj)
                0x00000000100033e4                LPSPI_MasterInit
 .text.LPUART_GetInstance
                0x00000000100034f8       0x30 modules/hal_nxp/hal_nxp/lib..__modules__hal__nxp.a(fsl_lpuart.c.obj)
                0x00000000100034f8                LPUART_GetInstance
 .text.LPUART_Init
                0x0000000010003528      0x1c0 modules/hal_nxp/hal_nxp/lib..__modules__hal__nxp.a(fsl_lpuart.c.obj)
                0x0000000010003528                LPUART_Init
 .text.LPUART_Deinit
                0x00000000100036e8       0x44 modules/hal_nxp/hal_nxp/lib..__modules__hal__nxp.a(fsl_lpuart.c.obj)
                0x00000000100036e8                LPUART_Deinit
 .text.LPUART_GetStatusFlags
                0x000000001000372c       0x18 modules/hal_nxp/hal_nxp/lib..__modules__hal__nxp.a(fsl_lpuart.c.obj)
                0x000000001000372c                LPUART_GetStatusFlags
 .text.LPUART_ClearStatusFlags
                0x0000000010003744       0x3c modules/hal_nxp/hal_nxp/lib..__modules__hal__nxp.a(fsl_lpuart.c.obj)
                0x0000000010003744                LPUART_ClearStatusFlags
 .text.flash_check_param
                0x0000000010003780       0x98 modules/hal_nxp/hal_nxp/lib..__modules__hal__nxp.a(fsl_k4_flash.c.obj)
 .text.FLASH_Erase
                0x0000000010003818       0x44 modules/hal_nxp/hal_nxp/lib..__modules__hal__nxp.a(fsl_k4_flash.c.obj)
                0x0000000010003818                FLASH_Erase
 .text.FLASH_Program
                0x000000001000385c       0x7c modules/hal_nxp/hal_nxp/lib..__modules__hal__nxp.a(fsl_k4_flash.c.obj)
                0x000000001000385c                FLASH_Program
 .text.mbedtls_ct_bool
                0x00000000100038d8       0x18 modules/mbedtls/libmbedTLSBase.a(bignum_core.c.obj)
 .text.mbedtls_mpi_core_cond_assign
                0x00000000100038f0       0x30 modules/mbedtls/libmbedTLSBase.a(bignum_core.c.obj)
                0x00000000100038f0                mbedtls_mpi_core_cond_assign
 .text.mbedtls_mpi_core_exp_mod_optionally_safe
                0x0000000010003920      0x1a0 modules/mbedtls/libmbedTLSBase.a(bignum_core.c.obj)
 .text.mbedtls_ct_mpi_sign_if
                0x0000000010003ac0       0x1c modules/mbedtls/libmbedTLSBase.a(bignum.c.obj)
 .text.mbedtls_mpi_div_mpi
                0x0000000010003adc      0x334 modules/mbedtls/libmbedTLSBase.a(bignum.c.obj)
                0x0000000010003adc                mbedtls_mpi_div_mpi
 .text.mbedtls_ct_memcpy_if
                0x0000000010003e10       0x88 modules/mbedtls/libmbedTLSBase.a(constant_time.c.obj)
                0x0000000010003e10                mbedtls_ct_memcpy_if
 .text.mbedtls_md_info_from_type
                0x0000000010003e98       0x10 modules/mbedtls/libmbedTLSBase.a(md.c.obj)
                0x0000000010003e98                mbedtls_md_info_from_type
 .text.verify_header
                0x0000000010003ea8       0x40 modules/mbedtls/libmbedTLSBase.a(memory_buffer_alloc.c.obj)
 .text.verify_chain
                0x0000000010003ee8       0x3c modules/mbedtls/libmbedTLSBase.a(memory_buffer_alloc.c.obj)
 .text.buffer_alloc_calloc
                0x0000000010003f24      0x114 modules/mbedtls/libmbedTLSBase.a(memory_buffer_alloc.c.obj)
 .text.buffer_alloc_free
                0x0000000010004038      0x124 modules/mbedtls/libmbedTLSBase.a(memory_buffer_alloc.c.obj)
 .text.mbedtls_memory_buffer_alloc_init
                0x000000001000415c       0x68 modules/mbedtls/libmbedTLSBase.a(memory_buffer_alloc.c.obj)
                0x000000001000415c                mbedtls_memory_buffer_alloc_init
 .text.mbedtls_platform_zeroize
                0x00000000100041c4       0x18 modules/mbedtls/libmbedTLSBase.a(platform_util.c.obj)
                0x00000000100041c4                mbedtls_platform_zeroize
 .text.mbedtls_calloc
                0x00000000100041dc        0xc modules/mbedtls/libmbedTLSBase.a(platform.c.obj)
                0x00000000100041dc                mbedtls_calloc
 .text.mbedtls_free
                0x00000000100041e8        0xc modules/mbedtls/libmbedTLSBase.a(platform.c.obj)
                0x00000000100041e8                mbedtls_free
 .text.mbedtls_platform_set_calloc_free
                0x00000000100041f4       0x14 modules/mbedtls/libmbedTLSBase.a(platform.c.obj)
                0x00000000100041f4                mbedtls_platform_set_calloc_free
 .text.rsa_check_context.constprop.0
                0x0000000010004208       0xb8 modules/mbedtls/libmbedTLSBase.a(rsa.c.obj)
 .text.mbedtls_rsa_set_padding
                0x00000000100042c0       0x30 modules/mbedtls/libmbedTLSBase.a(rsa.c.obj)
                0x00000000100042c0                mbedtls_rsa_set_padding
 .text.mbedtls_rsa_check_pubkey
                0x00000000100042f0       0x4c modules/mbedtls/libmbedTLSBase.a(rsa.c.obj)
                0x00000000100042f0                mbedtls_rsa_check_pubkey
 .text.mbedtls_rsa_public
                0x000000001000433c       0x90 modules/mbedtls/libmbedTLSBase.a(rsa.c.obj)
                0x000000001000433c                mbedtls_rsa_public
 .text.mbedtls_sha256_starts
                0x00000000100043cc       0x5c modules/mbedtls/libmbedTLSBase.a(sha256.c.obj)
                0x00000000100043cc                mbedtls_sha256_starts
 .text.mbedtls_internal_sha256_process
                0x0000000010004428      0x130 modules/mbedtls/libmbedTLSBase.a(sha256.c.obj)
                0x0000000010004428                mbedtls_internal_sha256_process
 .text.boot_write_magic
                0x0000000010004558       0x40 modules/mcuboot/libmcuboot_util.a(bootutil_public.c.obj)
                0x0000000010004558                boot_write_magic
 .text.boot_read_swap_state
                0x0000000010004598       0xac modules/mcuboot/libmcuboot_util.a(bootutil_public.c.obj)
                0x0000000010004598                boot_read_swap_state
 .text.boot_swap_type_multi
                0x0000000010004644      0x100 modules/mcuboot/libmcuboot_util.a(bootutil_public.c.obj)
                0x0000000010004644                boot_swap_type_multi
 .text.z_impl_z_errno
                0x0000000010004744        0xc zephyr/kernel/libkernel.a(errno.c.obj)
                0x0000000010004744                z_impl_z_errno
 .text.z_fatal_error
                0x0000000010004750       0x30 zephyr/kernel/libkernel.a(fatal.c.obj)
                0x0000000010004750                z_fatal_error
 .text.z_sys_init_run_level
                0x0000000010004780       0x2c zephyr/kernel/libkernel.a(init.c.obj)
 .text.bg_thread_main
                0x00000000100047ac       0xc4 zephyr/kernel/libkernel.a(init.c.obj)
 .text.z_bss_zero
                0x0000000010004870       0x18 zephyr/kernel/libkernel.a(init.c.obj)
                0x0000000010004870                z_bss_zero
 .text.z_init_cpu
                0x0000000010004888       0x68 zephyr/kernel/libkernel.a(init.c.obj)
                0x0000000010004888                z_init_cpu
 .text.z_cstart
                0x00000000100048f0       0xe4 zephyr/kernel/libkernel.a(init.c.obj)
                0x00000000100048f0                z_cstart
 .text.z_impl_k_sem_give
                0x00000000100049d4       0x68 zephyr/kernel/libkernel.a(sem.c.obj)
                0x00000000100049d4                z_impl_k_sem_give
 .text.z_impl_k_sem_take
                0x0000000010004a3c       0x4c zephyr/kernel/libkernel.a(sem.c.obj)
                0x0000000010004a3c                z_impl_k_sem_take
 .text.z_setup_new_thread
                0x0000000010004a88       0x60 zephyr/kernel/libkernel.a(thread.c.obj)
                0x0000000010004a88                z_setup_new_thread
 .text.z_dummy_thread_init
                0x0000000010004ae8       0x18 zephyr/kernel/libkernel.a(thread.c.obj)
                0x0000000010004ae8                z_dummy_thread_init
 .text.z_swap_irqlock
                0x0000000010004b00       0x30 zephyr/kernel/libkernel.a(sched.c.obj)
 .text.ready_thread
                0x0000000010004b30       0x84 zephyr/kernel/libkernel.a(sched.c.obj)
 .text.unready_thread
                0x0000000010004bb4       0x54 zephyr/kernel/libkernel.a(sched.c.obj)
 .text.move_thread_to_end_of_prio_q
                0x0000000010004c08       0x90 zephyr/kernel/libkernel.a(sched.c.obj)
                0x0000000010004c08                move_thread_to_end_of_prio_q
 .text.z_pend_curr
                0x0000000010004c98       0x58 zephyr/kernel/libkernel.a(sched.c.obj)
                0x0000000010004c98                z_pend_curr
 .text.z_reschedule
                0x0000000010004cf0       0x24 zephyr/kernel/libkernel.a(sched.c.obj)
                0x0000000010004cf0                z_reschedule
 .text.z_reschedule_irqlock
                0x0000000010004d14       0x28 zephyr/kernel/libkernel.a(sched.c.obj)
                0x0000000010004d14                z_reschedule_irqlock
 .text.k_sched_lock
                0x0000000010004d3c       0x28 zephyr/kernel/libkernel.a(sched.c.obj)
                0x0000000010004d3c                k_sched_lock
 .text.k_sched_unlock
                0x0000000010004d64       0x68 zephyr/kernel/libkernel.a(sched.c.obj)
                0x0000000010004d64                k_sched_unlock
 .text.z_sched_init
                0x0000000010004dcc       0x10 zephyr/kernel/libkernel.a(sched.c.obj)
                0x0000000010004dcc                z_sched_init
 .text.z_impl_k_yield
                0x0000000010004ddc       0x88 zephyr/kernel/libkernel.a(sched.c.obj)
                0x0000000010004ddc                z_impl_k_yield
 .text.z_tick_sleep
                0x0000000010004e64       0x80 zephyr/kernel/libkernel.a(sched.c.obj)
 .text.z_impl_k_wakeup
                0x0000000010004ee4       0x48 zephyr/kernel/libkernel.a(sched.c.obj)
                0x0000000010004ee4                z_impl_k_wakeup
 .text.z_impl_k_sched_current_thread_query
                0x0000000010004f2c        0xc zephyr/kernel/libkernel.a(sched.c.obj)
                0x0000000010004f2c                z_impl_k_sched_current_thread_query
 .text.z_thread_abort
                0x0000000010004f38      0x138 zephyr/kernel/libkernel.a(sched.c.obj)
                0x0000000010004f38                z_thread_abort
 .text.slice_timeout
                0x0000000010005070       0x20 zephyr/kernel/libkernel.a(timeslicing.c.obj)
 .text.thread_is_sliceable
                0x0000000010005090       0x3c zephyr/kernel/libkernel.a(timeslicing.c.obj)
                0x0000000010005090                thread_is_sliceable
 .text.z_reset_time_slice
                0x00000000100050cc       0x50 zephyr/kernel/libkernel.a(timeslicing.c.obj)
                0x00000000100050cc                z_reset_time_slice
 .text.z_time_slice
                0x000000001000511c       0x60 zephyr/kernel/libkernel.a(timeslicing.c.obj)
                0x000000001000511c                z_time_slice
 .text.z_data_copy
                0x000000001000517c       0x38 zephyr/kernel/libkernel.a(xip.c.obj)
                0x000000001000517c                z_data_copy
 .text.first    0x00000000100051b4       0x10 zephyr/kernel/libkernel.a(timeout.c.obj)
 .text.elapsed  0x00000000100051c4       0x14 zephyr/kernel/libkernel.a(timeout.c.obj)
 .text.remove_timeout
                0x00000000100051d8       0x38 zephyr/kernel/libkernel.a(timeout.c.obj)
 .text.z_add_timeout
                0x0000000010005210       0xec zephyr/kernel/libkernel.a(timeout.c.obj)
                0x0000000010005210                z_add_timeout
 .text.sys_clock_announce
                0x00000000100052fc       0xbc zephyr/kernel/libkernel.a(timeout.c.obj)
                0x00000000100052fc                sys_clock_announce
 .text.sys_clock_tick_get
                0x00000000100053b8       0x30 zephyr/kernel/libkernel.a(timeout.c.obj)
                0x00000000100053b8                sys_clock_tick_get
 .text._OffsetAbsSyms
                0x00000000100053e8        0x2 zephyr/CMakeFiles/offsets.dir/./arch/arm/core/offsets/offsets.c.obj
                0x00000000100053e8                _OffsetAbsSyms
 .text.flash_area_get_device_id
                0x00000000100053ea        0x4 app/libapp.a(flash_map_extended.c.obj)
                0x00000000100053ea                flash_area_get_device_id
 .text.flash_area_get_sector
                0x00000000100053ee       0x32 app/libapp.a(flash_map_extended.c.obj)
                0x00000000100053ee                flash_area_get_sector
 .text.bootutil_tlv_iter_begin
                0x0000000010005420       0x9c app/libapp.a(tlv.c.obj)
                0x0000000010005420                bootutil_tlv_iter_begin
 .text.bootutil_tlv_iter_next
                0x00000000100054bc       0x98 app/libapp.a(tlv.c.obj)
                0x00000000100054bc                bootutil_tlv_iter_next
 .text.bootutil_tlv_iter_is_prot
                0x0000000010005554       0x1c app/libapp.a(tlv.c.obj)
                0x0000000010005554                bootutil_tlv_iter_is_prot
 .text.boot_fih_memequal
                0x0000000010005570        0x4 app/libapp.a(bootutil_misc.c.obj)
                0x0000000010005570                boot_fih_memequal
 .text.boot_trailer_sz
                0x0000000010005574        0x8 app/libapp.a(bootutil_misc.c.obj)
                0x0000000010005574                boot_trailer_sz
 .text.boot_status_off
                0x000000001000557c       0x14 app/libapp.a(bootutil_misc.c.obj)
                0x000000001000557c                boot_status_off
 .text.boot_read_swap_size
                0x0000000010005590       0x1c app/libapp.a(bootutil_misc.c.obj)
                0x0000000010005590                boot_read_swap_size
 .text.boot_write_swap_size
                0x00000000100055ac       0x1e app/libapp.a(bootutil_misc.c.obj)
                0x00000000100055ac                boot_write_swap_size
 .text.boot_read_image_size
                0x00000000100055ca       0x90 app/libapp.a(bootutil_misc.c.obj)
                0x00000000100055ca                boot_read_image_size
 .text.boot_read_image_headers
                0x000000001000565a       0x2c app/libapp.a(loader.c.obj)
 .text.boot_read_sectors
                0x0000000010005686       0x42 app/libapp.a(loader.c.obj)
 .text.boot_status_reset
                0x00000000100056c8       0x12 app/libapp.a(loader.c.obj)
                0x00000000100056c8                boot_status_reset
 .text.boot_status_is_reset
                0x00000000100056da       0x1a app/libapp.a(loader.c.obj)
                0x00000000100056da                boot_status_is_reset
 .text.boot_write_status
                0x00000000100056f4       0x64 app/libapp.a(loader.c.obj)
                0x00000000100056f4                boot_write_status
 .text.boot_erase_region
                0x0000000010005758        0x4 app/libapp.a(loader.c.obj)
                0x0000000010005758                boot_erase_region
 .text.swap_erase_trailer_sectors
                0x000000001000575c       0x6c app/libapp.a(swap_misc.c.obj)
                0x000000001000575c                swap_erase_trailer_sectors
 .text.swap_status_init
                0x00000000100057c8       0x3e app/libapp.a(swap_misc.c.obj)
                0x00000000100057c8                swap_status_init
 .text.swap_read_status
                0x0000000010005806       0x7a app/libapp.a(swap_misc.c.obj)
                0x0000000010005806                swap_read_status
 .text.app_max_sectors
                0x0000000010005880       0x22 app/libapp.a(swap_move.c.obj)
 .text.find_last_idx
                0x00000000100058a2       0x14 app/libapp.a(swap_move.c.obj)
                0x00000000100058a2                find_last_idx
 .text.boot_status_internal_off
                0x00000000100058b6       0x28 app/libapp.a(swap_move.c.obj)
                0x00000000100058b6                boot_status_internal_off
 .text.swap_write_block_size_check
                0x00000000100058de       0x1c app/libapp.a(flash_check.c.obj)
                0x00000000100058de                swap_write_block_size_check
 .text.arch_printk_char_out
                0x00000000100058fa        0x4 zephyr/libzephyr.a(printk.c.obj)
                0x00000000100058fa                arch_printk_char_out
 .text.printk   0x00000000100058fe       0x1a zephyr/libzephyr.a(printk.c.obj)
                0x00000000100058fe                printk
 .text.z_thread_entry
                0x0000000010005918       0x14 zephyr/libzephyr.a(thread_entry.c.obj)
                0x0000000010005918                z_thread_entry
 .text._ConfigAbsSyms
                0x000000001000592c        0x2 zephyr/libzephyr.a(configs.c.obj)
                0x000000001000592c                _ConfigAbsSyms
 .text.CLOCK_EnableClock
                0x000000001000592e       0x2e zephyr/libzephyr.a(soc.c.obj)
 .text.CLOCK_SetIpSrc.part.0.constprop.0
                0x000000001000595c       0x18 zephyr/libzephyr.a(soc.c.obj)
 .text.z_log_minimal_printk
                0x0000000010005974       0x1a zephyr/libzephyr.a(log_minimal.c.obj)
                0x0000000010005974                z_log_minimal_printk
 .text.flash_area_close
                0x000000001000598e        0x2 zephyr/libzephyr.a(flash_map.c.obj)
                0x000000001000598e                flash_area_close
 .text.flash_area_read
                0x0000000010005990       0x2a zephyr/libzephyr.a(flash_map.c.obj)
                0x0000000010005990                flash_area_read
 .text.flash_area_write
                0x00000000100059ba       0x2a zephyr/libzephyr.a(flash_map.c.obj)
                0x00000000100059ba                flash_area_write
 .text.flash_area_erase
                0x00000000100059e4       0x30 zephyr/libzephyr.a(flash_map.c.obj)
                0x00000000100059e4                flash_area_erase
 .text.flash_area_align
                0x0000000010005a14        0xe zephyr/libzephyr.a(flash_map.c.obj)
                0x0000000010005a14                flash_area_align
 .text.flash_area_erased_val
                0x0000000010005a22        0xe zephyr/libzephyr.a(flash_map.c.obj)
                0x0000000010005a22                flash_area_erased_val
 .text.get_sectors_cb
                0x0000000010005a30       0x44 zephyr/libzephyr.a(flash_map_layout.c.obj)
 .text.flash_area_get_sectors
                0x0000000010005a74       0x32 zephyr/libzephyr.a(flash_map_layout.c.obj)
                0x0000000010005a74                flash_area_get_sectors
 .text.z_arm_fatal_error
                0x0000000010005aa6        0xc zephyr/arch/arch/arm/core/libarch__arm__core.a(fatal.c.obj)
                0x0000000010005aa6                z_arm_fatal_error
 .text.z_do_kernel_oops
                0x0000000010005ab2        0x8 zephyr/arch/arch/arm/core/libarch__arm__core.a(fatal.c.obj)
                0x0000000010005ab2                z_do_kernel_oops
 .text.z_arm_nmi
                0x0000000010005aba        0xe zephyr/arch/arch/arm/core/libarch__arm__core.a(nmi.c.obj)
                0x0000000010005aba                z_arm_nmi
 .text.z_irq_spurious
                0x0000000010005ac8        0x8 zephyr/arch/arch/arm/core/cortex_m/libarch__arm__core__cortex_m.a(irq_manage.c.obj)
                0x0000000010005ac8                z_irq_spurious
 .text.arch_irq_unlock_outlined
                0x0000000010005ad0        0xe zephyr/arch/arch/arm/core/cortex_m/libarch__arm__core__cortex_m.a(thread.c.obj)
                0x0000000010005ad0                arch_irq_unlock_outlined
 .text.arch_cpu_idle
                0x0000000010005ade       0x1a zephyr/arch/arch/arm/core/cortex_m/libarch__arm__core__cortex_m.a(cpu_idle.c.obj)
                0x0000000010005ade                arch_cpu_idle
 .text.arm_cmse_mpu_region_get
                0x0000000010005af8       0x12 zephyr/arch/arch/arm/core/cortex_m/cmse/libarch__arm__core__cortex_m__cmse.a(arm_core_cmse.c.obj)
                0x0000000010005af8                arm_cmse_mpu_region_get
 .text.mpu_configure_region
                0x0000000010005b0a       0x32 zephyr/arch/arch/arm/core/mpu/libarch__arm__core__mpu.a(arm_mpu.c.obj)
 .text.strlen   0x0000000010005b3c        0xe zephyr/lib/libc/minimal/liblib__libc__minimal.a(string.c.obj)
                0x0000000010005b3c                strlen
 .text.memcmp   0x0000000010005b4a       0x20 zephyr/lib/libc/minimal/liblib__libc__minimal.a(string.c.obj)
                0x0000000010005b4a                memcmp
 .text.memcpy   0x0000000010005b6a       0x16 zephyr/lib/libc/minimal/liblib__libc__minimal.a(string.c.obj)
                0x0000000010005b6a                memcpy
 .text.memset   0x0000000010005b80       0x12 zephyr/lib/libc/minimal/liblib__libc__minimal.a(string.c.obj)
                0x0000000010005b80                memset
 .text._stdout_hook_default
                0x0000000010005b92        0x6 zephyr/lib/libc/minimal/liblib__libc__minimal.a(stdout_console.c.obj)
 .text.free     0x0000000010005b98        0x2 zephyr/lib/libc/common/liblib__libc__common.a(malloc.c.obj)
                0x0000000010005b98                free
 .text.calloc   0x0000000010005b9a        0xe zephyr/lib/libc/common/liblib__libc__common.a(malloc.c.obj)
                0x0000000010005b9a                calloc
 .text.mcux_scg_k4_on
                0x0000000010005ba8        0x4 zephyr/drivers/clock_control/libdrivers__clock_control.a(clock_control_mcux_scg_k4.c.obj)
 .text.mcux_scg_k4_get_rate
                0x0000000010005bac       0x1a zephyr/drivers/clock_control/libdrivers__clock_control.a(clock_control_mcux_scg_k4.c.obj)
 .text.mcux_scg_k4_off
                0x0000000010005bc6        0x4 zephyr/drivers/clock_control/libdrivers__clock_control.a(clock_control_mcux_scg_k4.c.obj)
 .text.flash_get_page_info
                0x0000000010005bca       0x62 zephyr/drivers/flash/libdrivers__flash.a(flash_page_layout.c.obj)
 .text.z_impl_flash_get_page_info_by_offs
                0x0000000010005c2c        0x8 zephyr/drivers/flash/libdrivers__flash.a(flash_page_layout.c.obj)
                0x0000000010005c2c                z_impl_flash_get_page_info_by_offs
 .text.flash_page_foreach
                0x0000000010005c34       0x58 zephyr/drivers/flash/libdrivers__flash.a(flash_page_layout.c.obj)
                0x0000000010005c34                flash_page_foreach
 .text.flash_mcux_read
                0x0000000010005c8c       0x16 zephyr/drivers/flash/libdrivers__flash.a(soc_flash_mcux.c.obj)
 .text.flash_mcux_init
                0x0000000010005ca2       0x34 zephyr/drivers/flash/libdrivers__flash.a(soc_flash_mcux.c.obj)
 .text.spi_nor_pages_layout
                0x0000000010005cd6        0xc zephyr/drivers/flash/libdrivers__flash.a(spi_nor.c.obj)
 .text.flash_nor_get_size
                0x0000000010005ce2        0xc zephyr/drivers/flash/libdrivers__flash.a(spi_nor.c.obj)
 .text.release_device.isra.0
                0x0000000010005cee        0x4 zephyr/drivers/flash/libdrivers__flash.a(spi_nor.c.obj)
 .text.acquire_device.isra.0
                0x0000000010005cf2        0xc zephyr/drivers/flash/libdrivers__flash.a(spi_nor.c.obj)
 .text.gpio_pin_set_dt.isra.0
                0x0000000010005cfe       0x28 zephyr/drivers/flash/libdrivers__flash.a(spi_nor.c.obj)
 .text.spi_nor_access
                0x0000000010005d26       0x8e zephyr/drivers/flash/libdrivers__flash.a(spi_nor.c.obj)
 .text.spi_nor_write_protection_set
                0x0000000010005db4       0x7c zephyr/drivers/flash/libdrivers__flash.a(spi_nor.c.obj)
 .text.spi_nor_rdsr
                0x0000000010005e30       0x22 zephyr/drivers/flash/libdrivers__flash.a(spi_nor.c.obj)
 .text.spi_nor_wait_until_ready
                0x0000000010005e52       0x3a zephyr/drivers/flash/libdrivers__flash.a(spi_nor.c.obj)
 .text.spi_nor_write
                0x0000000010005e8c       0xd2 zephyr/drivers/flash/libdrivers__flash.a(spi_nor.c.obj)
 .text.spi_nor_read
                0x0000000010005f5e       0x40 zephyr/drivers/flash/libdrivers__flash.a(spi_nor.c.obj)
 .text.exit_dpd
                0x0000000010005f9e       0x7a zephyr/drivers/flash/libdrivers__flash.a(spi_nor.c.obj)
 .text.spi_nor_init
                0x0000000010006018      0x32e zephyr/drivers/flash/libdrivers__flash.a(spi_nor.c.obj)
 .text.gpio_mcux_port_configure
                0x0000000010006346       0xa0 zephyr/drivers/gpio/libdrivers__gpio.a(gpio_mcux.c.obj)
 .text.gpio_mcux_port_get_raw
                0x00000000100063e6        0xc zephyr/drivers/gpio/libdrivers__gpio.a(gpio_mcux.c.obj)
 .text.gpio_mcux_port_set_masked_raw
                0x00000000100063f2       0x12 zephyr/drivers/gpio/libdrivers__gpio.a(gpio_mcux.c.obj)
 .text.gpio_mcux_port_set_bits_raw
                0x0000000010006404        0xa zephyr/drivers/gpio/libdrivers__gpio.a(gpio_mcux.c.obj)
 .text.gpio_mcux_port_clear_bits_raw
                0x000000001000640e        0xa zephyr/drivers/gpio/libdrivers__gpio.a(gpio_mcux.c.obj)
 .text.gpio_mcux_port_toggle_bits
                0x0000000010006418        0xa zephyr/drivers/gpio/libdrivers__gpio.a(gpio_mcux.c.obj)
 .text.gpio_mcux_manage_callback
                0x0000000010006422       0x52 zephyr/drivers/gpio/libdrivers__gpio.a(gpio_mcux.c.obj)
 .text.gpio_mcux_port0_init
                0x0000000010006474       0x16 zephyr/drivers/gpio/libdrivers__gpio.a(gpio_mcux.c.obj)
 .text.gpio_mcux_pin_interrupt_configure
                0x000000001000648a       0x7a zephyr/drivers/gpio/libdrivers__gpio.a(gpio_mcux.c.obj)
 .text.gpio_mcux_port_isr
                0x0000000010006504       0x36 zephyr/drivers/gpio/libdrivers__gpio.a(gpio_mcux.c.obj)
 .text.pinctrl_lookup_state
                0x000000001000653a       0x26 zephyr/drivers/pinctrl/libdrivers__pinctrl.a(common.c.obj)
                0x000000001000653a                pinctrl_lookup_state
 .text.pinctrl_mcux_init
                0x0000000010006560       0x26 zephyr/drivers/pinctrl/libdrivers__pinctrl.a(pinctrl_nxp_port.c.obj)
 .text.mcux_lpuart_config_get
                0x0000000010006586       0x10 zephyr/drivers/serial/libdrivers__serial.a(uart_mcux_lpuart.c.obj)
 .text.mcux_lpuart_poll_out
                0x0000000010006596       0x2c zephyr/drivers/serial/libdrivers__serial.a(uart_mcux_lpuart.c.obj)
 .text.mcux_lpuart_poll_in
                0x00000000100065c2       0x40 zephyr/drivers/serial/libdrivers__serial.a(uart_mcux_lpuart.c.obj)
 .text.mcux_lpuart_err_check
                0x0000000010006602       0x34 zephyr/drivers/serial/libdrivers__serial.a(uart_mcux_lpuart.c.obj)
 .text.mcux_lpuart_configure_init
                0x0000000010006636      0x144 zephyr/drivers/serial/libdrivers__serial.a(uart_mcux_lpuart.c.obj)
 .text.pinctrl_apply_state.constprop.0
                0x000000001000677a       0x20 zephyr/drivers/serial/libdrivers__serial.a(uart_mcux_lpuart.c.obj)
 .text.mcux_lpuart_init
                0x000000001000679a       0x42 zephyr/drivers/serial/libdrivers__serial.a(uart_mcux_lpuart.c.obj)
 .text.mcux_lpuart_configure
                0x00000000100067dc       0x30 zephyr/drivers/serial/libdrivers__serial.a(uart_mcux_lpuart.c.obj)
 .text.spi_mcux_release
                0x000000001000680c       0x3e zephyr/drivers/spi/libdrivers__spi.a(spi_nxp_lpspi_common.c.obj)
                0x000000001000680c                spi_mcux_release
 .text.spi_mcux_configure
                0x000000001000684a       0xf6 zephyr/drivers/spi/libdrivers__spi.a(spi_nxp_lpspi_common.c.obj)
                0x000000001000684a                spi_mcux_configure
 .text.spi_nxp_init_common
                0x0000000010006940       0xbc zephyr/drivers/spi/libdrivers__spi.a(spi_nxp_lpspi_common.c.obj)
                0x0000000010006940                spi_nxp_init_common
 .text.spi_context_get_next_buf
                0x00000000100069fc       0x2c zephyr/drivers/spi/libdrivers__spi.a(spi_nxp_lpspi.c.obj)
 .text.spi_mcux_config_func_0
                0x0000000010006a28       0x16 zephyr/drivers/spi/libdrivers__spi.a(spi_nxp_lpspi.c.obj)
 .text.lpspi_next_tx_fill
                0x0000000010006a3e       0x92 zephyr/drivers/spi/libdrivers__spi.a(spi_nxp_lpspi.c.obj)
 .text.gpio_pin_set_dt.isra.0
                0x0000000010006ad0       0x28 zephyr/drivers/spi/libdrivers__spi.a(spi_nxp_lpspi.c.obj)
 .text.spi_mcux_init
                0x0000000010006af8       0x36 zephyr/drivers/spi/libdrivers__spi.a(spi_nxp_lpspi.c.obj)
 .text.sys_clock_disable
                0x0000000010006b2e        0xe zephyr/drivers/timer/libdrivers__timer.a(cortex_m_systick.c.obj)
                0x0000000010006b2e                sys_clock_disable
 .text.CLOCK_GetFreq
                0x0000000010006b3c       0x34 modules/hal_nxp/hal_nxp/lib..__modules__hal__nxp.a(fsl_clock.c.obj)
                0x0000000010006b3c                CLOCK_GetFreq
 .text.SystemInitHook
                0x0000000010006b70        0x2 modules/hal_nxp/hal_nxp/lib..__modules__hal__nxp.a(system_MCXW716C.c.obj)
                0x0000000010006b70                SystemInitHook
 .text.CLOCK_EnableClock
                0x0000000010006b72       0x30 modules/hal_nxp/hal_nxp/lib..__modules__hal__nxp.a(fsl_lpspi.c.obj)
 .text.LPSPI_MasterSetDelayScaler
                0x0000000010006ba2       0x56 modules/hal_nxp/hal_nxp/lib..__modules__hal__nxp.a(fsl_lpspi.c.obj)
                0x0000000010006ba2                LPSPI_MasterSetDelayScaler
 .text.LPUART_GetDefaultConfig
                0x0000000010006bf8       0x1e modules/hal_nxp/hal_nxp/lib..__modules__hal__nxp.a(fsl_lpuart.c.obj)
                0x0000000010006bf8                LPUART_GetDefaultConfig
 .text.FLASH_Init
                0x0000000010006c16       0x3a modules/hal_nxp/hal_nxp/lib..__modules__hal__nxp.a(fsl_k4_flash.c.obj)
                0x0000000010006c16                FLASH_Init
 .text.FLASH_GetProperty
                0x0000000010006c50       0x54 modules/hal_nxp/hal_nxp/lib..__modules__hal__nxp.a(fsl_k4_flash.c.obj)
                0x0000000010006c50                FLASH_GetProperty
 .text.flash_command_complete
                0x0000000010006ca4       0x34 modules/hal_nxp/hal_nxp/lib..__modules__hal__nxp.a(fsl_k4_controller.c.obj)
 .text.FLASH_CMD_EraseSector
                0x0000000010006cd8       0x16 modules/hal_nxp/hal_nxp/lib..__modules__hal__nxp.a(fsl_k4_controller.c.obj)
                0x0000000010006cd8                FLASH_CMD_EraseSector
 .text.FLASH_CMD_ProgramPhrase
                0x0000000010006cee       0x1c modules/hal_nxp/hal_nxp/lib..__modules__hal__nxp.a(fsl_k4_controller.c.obj)
                0x0000000010006cee                FLASH_CMD_ProgramPhrase
 .text.CCM32K_Enable32kFro
                0x0000000010006d0a       0x18 modules/hal_nxp/hal_nxp/lib..__modules__hal__nxp.a(fsl_ccm32k.c.obj)
                0x0000000010006d0a                CCM32K_Enable32kFro
 .text.CCM32K_Set32kOscConfig
                0x0000000010006d22       0x5e modules/hal_nxp/hal_nxp/lib..__modules__hal__nxp.a(fsl_ccm32k.c.obj)
                0x0000000010006d22                CCM32K_Set32kOscConfig
 .text.mbedtls_asn1_get_len
                0x0000000010006d80       0x68 modules/mbedtls/libmbedTLSBase.a(asn1parse.c.obj)
                0x0000000010006d80                mbedtls_asn1_get_len
 .text.mbedtls_asn1_get_tag
                0x0000000010006de8       0x28 modules/mbedtls/libmbedTLSBase.a(asn1parse.c.obj)
                0x0000000010006de8                mbedtls_asn1_get_tag
 .text.mbedtls_asn1_get_mpi
                0x0000000010006e10       0x26 modules/mbedtls/libmbedTLSBase.a(asn1parse.c.obj)
                0x0000000010006e10                mbedtls_asn1_get_mpi
 .text.mbedtls_mpi_core_bitlen
                0x0000000010006e36       0x1e modules/mbedtls/libmbedTLSBase.a(bignum_core.c.obj)
                0x0000000010006e36                mbedtls_mpi_core_bitlen
 .text.mbedtls_mpi_core_bigendian_to_host
                0x0000000010006e54       0x26 modules/mbedtls/libmbedTLSBase.a(bignum_core.c.obj)
                0x0000000010006e54                mbedtls_mpi_core_bigendian_to_host
 .text.mbedtls_mpi_core_read_be
                0x0000000010006e7a       0x4a modules/mbedtls/libmbedTLSBase.a(bignum_core.c.obj)
                0x0000000010006e7a                mbedtls_mpi_core_read_be
 .text.mbedtls_mpi_core_write_be
                0x0000000010006ec4       0x64 modules/mbedtls/libmbedTLSBase.a(bignum_core.c.obj)
                0x0000000010006ec4                mbedtls_mpi_core_write_be
 .text.mbedtls_mpi_core_shift_r
                0x0000000010006f28       0x74 modules/mbedtls/libmbedTLSBase.a(bignum_core.c.obj)
                0x0000000010006f28                mbedtls_mpi_core_shift_r
 .text.mbedtls_mpi_core_shift_l
                0x0000000010006f9c       0x6c modules/mbedtls/libmbedTLSBase.a(bignum_core.c.obj)
                0x0000000010006f9c                mbedtls_mpi_core_shift_l
 .text.mbedtls_mpi_core_add
                0x0000000010007008       0x2c modules/mbedtls/libmbedTLSBase.a(bignum_core.c.obj)
                0x0000000010007008                mbedtls_mpi_core_add
 .text.mbedtls_mpi_core_sub
                0x0000000010007034       0x3a modules/mbedtls/libmbedTLSBase.a(bignum_core.c.obj)
                0x0000000010007034                mbedtls_mpi_core_sub
 .text.mbedtls_mpi_core_mla
                0x000000001000706e      0x178 modules/mbedtls/libmbedTLSBase.a(bignum_core.c.obj)
                0x000000001000706e                mbedtls_mpi_core_mla
 .text.mbedtls_mpi_core_montmul_init
                0x00000000100071e6       0x22 modules/mbedtls/libmbedTLSBase.a(bignum_core.c.obj)
                0x00000000100071e6                mbedtls_mpi_core_montmul_init
 .text.mbedtls_mpi_core_montmul
                0x0000000010007208       0x96 modules/mbedtls/libmbedTLSBase.a(bignum_core.c.obj)
                0x0000000010007208                mbedtls_mpi_core_montmul
 .text.mbedtls_mpi_core_get_mont_r2_unsafe
                0x000000001000729e       0x34 modules/mbedtls/libmbedTLSBase.a(bignum_core.c.obj)
                0x000000001000729e                mbedtls_mpi_core_get_mont_r2_unsafe
 .text.mbedtls_mpi_core_exp_mod_working_limbs
                0x00000000100072d2       0x16 modules/mbedtls/libmbedTLSBase.a(bignum_core.c.obj)
                0x00000000100072d2                mbedtls_mpi_core_exp_mod_working_limbs
 .text.mbedtls_mpi_core_exp_mod
                0x00000000100072e8       0x20 modules/mbedtls/libmbedTLSBase.a(bignum_core.c.obj)
                0x00000000100072e8                mbedtls_mpi_core_exp_mod
 .text.mbedtls_mpi_core_exp_mod_unsafe
                0x0000000010007308       0x22 modules/mbedtls/libmbedTLSBase.a(bignum_core.c.obj)
                0x0000000010007308                mbedtls_mpi_core_exp_mod_unsafe
 .text.mbedtls_mpi_core_sub_int
                0x000000001000732a       0x22 modules/mbedtls/libmbedTLSBase.a(bignum_core.c.obj)
                0x000000001000732a                mbedtls_mpi_core_sub_int
 .text.mbedtls_mpi_core_check_zero_ct
                0x000000001000734c       0x18 modules/mbedtls/libmbedTLSBase.a(bignum_core.c.obj)
                0x000000001000734c                mbedtls_mpi_core_check_zero_ct
 .text.mbedtls_mpi_core_to_mont_rep
                0x0000000010007364       0x18 modules/mbedtls/libmbedTLSBase.a(bignum_core.c.obj)
                0x0000000010007364                mbedtls_mpi_core_to_mont_rep
 .text.mbedtls_mpi_core_from_mont_rep
                0x000000001000737c       0x20 modules/mbedtls/libmbedTLSBase.a(bignum_core.c.obj)
                0x000000001000737c                mbedtls_mpi_core_from_mont_rep
 .text.mbedtls_mpi_init
                0x000000001000739c        0xa modules/mbedtls/libmbedTLSBase.a(bignum.c.obj)
                0x000000001000739c                mbedtls_mpi_init
 .text.mbedtls_mpi_free
                0x00000000100073a6       0x1c modules/mbedtls/libmbedTLSBase.a(bignum.c.obj)
                0x00000000100073a6                mbedtls_mpi_free
 .text.mbedtls_mpi_grow
                0x00000000100073c2       0x48 modules/mbedtls/libmbedTLSBase.a(bignum.c.obj)
                0x00000000100073c2                mbedtls_mpi_grow
 .text.mbedtls_mpi_resize_clear
                0x000000001000740a       0x36 modules/mbedtls/libmbedTLSBase.a(bignum.c.obj)
 .text.mbedtls_mpi_shrink
                0x0000000010007440       0x62 modules/mbedtls/libmbedTLSBase.a(bignum.c.obj)
                0x0000000010007440                mbedtls_mpi_shrink
 .text.mbedtls_mpi_copy
                0x00000000100074a2       0x6a modules/mbedtls/libmbedTLSBase.a(bignum.c.obj)
                0x00000000100074a2                mbedtls_mpi_copy
 .text.mbedtls_mpi_lset
                0x000000001000750c       0x38 modules/mbedtls/libmbedTLSBase.a(bignum.c.obj)
                0x000000001000750c                mbedtls_mpi_lset
 .text.mbedtls_mpi_get_bit
                0x0000000010007544       0x20 modules/mbedtls/libmbedTLSBase.a(bignum.c.obj)
                0x0000000010007544                mbedtls_mpi_get_bit
 .text.mbedtls_mpi_bitlen
                0x0000000010007564        0x8 modules/mbedtls/libmbedTLSBase.a(bignum.c.obj)
                0x0000000010007564                mbedtls_mpi_bitlen
 .text.mbedtls_mpi_size
                0x000000001000756c        0xc modules/mbedtls/libmbedTLSBase.a(bignum.c.obj)
                0x000000001000756c                mbedtls_mpi_size
 .text.mbedtls_mpi_read_binary
                0x0000000010007578       0x2c modules/mbedtls/libmbedTLSBase.a(bignum.c.obj)
                0x0000000010007578                mbedtls_mpi_read_binary
 .text.mbedtls_mpi_write_binary
                0x00000000100075a4        0xc modules/mbedtls/libmbedTLSBase.a(bignum.c.obj)
                0x00000000100075a4                mbedtls_mpi_write_binary
 .text.mbedtls_mpi_shift_l
                0x00000000100075b0       0x3a modules/mbedtls/libmbedTLSBase.a(bignum.c.obj)
                0x00000000100075b0                mbedtls_mpi_shift_l
 .text.mbedtls_mpi_shift_r
                0x00000000100075ea       0x12 modules/mbedtls/libmbedTLSBase.a(bignum.c.obj)
                0x00000000100075ea                mbedtls_mpi_shift_r
 .text.mbedtls_mpi_cmp_abs
                0x00000000100075fc       0x5e modules/mbedtls/libmbedTLSBase.a(bignum.c.obj)
                0x00000000100075fc                mbedtls_mpi_cmp_abs
 .text.mbedtls_mpi_cmp_mpi
                0x000000001000765a       0x90 modules/mbedtls/libmbedTLSBase.a(bignum.c.obj)
                0x000000001000765a                mbedtls_mpi_cmp_mpi
 .text.mbedtls_mpi_cmp_int
                0x00000000100076ea       0x30 modules/mbedtls/libmbedTLSBase.a(bignum.c.obj)
                0x00000000100076ea                mbedtls_mpi_cmp_int
 .text.mbedtls_mpi_add_abs
                0x000000001000771a       0x90 modules/mbedtls/libmbedTLSBase.a(bignum.c.obj)
                0x000000001000771a                mbedtls_mpi_add_abs
 .text.mbedtls_mpi_sub_abs
                0x00000000100077aa       0xa2 modules/mbedtls/libmbedTLSBase.a(bignum.c.obj)
                0x00000000100077aa                mbedtls_mpi_sub_abs
 .text.add_sub_mpi
                0x000000001000784c       0x62 modules/mbedtls/libmbedTLSBase.a(bignum.c.obj)
 .text.mbedtls_mpi_add_mpi
                0x00000000100078ae        0x6 modules/mbedtls/libmbedTLSBase.a(bignum.c.obj)
                0x00000000100078ae                mbedtls_mpi_add_mpi
 .text.mbedtls_mpi_sub_mpi
                0x00000000100078b4        0x8 modules/mbedtls/libmbedTLSBase.a(bignum.c.obj)
                0x00000000100078b4                mbedtls_mpi_sub_mpi
 .text.mbedtls_mpi_mul_int
                0x00000000100078bc       0x62 modules/mbedtls/libmbedTLSBase.a(bignum.c.obj)
                0x00000000100078bc                mbedtls_mpi_mul_int
 .text.mbedtls_mpi_mod_mpi
                0x000000001000791e       0x64 modules/mbedtls/libmbedTLSBase.a(bignum.c.obj)
                0x000000001000791e                mbedtls_mpi_mod_mpi
 .text.mbedtls_mpi_exp_mod_optionally_safe
                0x0000000010007982      0x1da modules/mbedtls/libmbedTLSBase.a(bignum.c.obj)
 .text.mbedtls_mpi_exp_mod_unsafe
                0x0000000010007b5c       0x14 modules/mbedtls/libmbedTLSBase.a(bignum.c.obj)
                0x0000000010007b5c                mbedtls_mpi_exp_mod_unsafe
 .text.mbedtls_zeroize_and_free
                0x0000000010007b70       0x14 modules/mbedtls/libmbedTLSBase.a(platform_util.c.obj)
                0x0000000010007b70                mbedtls_zeroize_and_free
 .text.exit     0x0000000010007b84        0x6 modules/mbedtls/libmbedTLSBase.a(platform.c.obj)
 .text.mbedtls_rsa_import
                0x0000000010007b8a       0x86 modules/mbedtls/libmbedTLSBase.a(rsa.c.obj)
                0x0000000010007b8a                mbedtls_rsa_import
 .text.mbedtls_rsa_init
                0x0000000010007c10       0x14 modules/mbedtls/libmbedTLSBase.a(rsa.c.obj)
                0x0000000010007c10                mbedtls_rsa_init
 .text.mbedtls_rsa_get_len
                0x0000000010007c24        0x4 modules/mbedtls/libmbedTLSBase.a(rsa.c.obj)
                0x0000000010007c24                mbedtls_rsa_get_len
 .text.mbedtls_rsa_free
                0x0000000010007c28       0x72 modules/mbedtls/libmbedTLSBase.a(rsa.c.obj)
                0x0000000010007c28                mbedtls_rsa_free
 .text.mbedtls_bswap32
                0x0000000010007c9a        0x4 modules/mbedtls/libmbedTLSBase.a(sha256.c.obj)
 .text.mbedtls_sha256_init
                0x0000000010007c9e        0x8 modules/mbedtls/libmbedTLSBase.a(sha256.c.obj)
                0x0000000010007c9e                mbedtls_sha256_init
 .text.mbedtls_sha256_free
                0x0000000010007ca6        0xa modules/mbedtls/libmbedTLSBase.a(sha256.c.obj)
                0x0000000010007ca6                mbedtls_sha256_free
 .text.mbedtls_sha256_update
                0x0000000010007cb0       0x7e modules/mbedtls/libmbedTLSBase.a(sha256.c.obj)
                0x0000000010007cb0                mbedtls_sha256_update
 .text.mbedtls_sha256_finish
                0x0000000010007d2e      0x13e modules/mbedtls/libmbedTLSBase.a(sha256.c.obj)
                0x0000000010007d2e                mbedtls_sha256_finish
 .text._mbedtls_init
                0x0000000010007e6c        0x4 modules/mbedtls/libmbedTLSBase.a(zephyr_init.c.obj)
 .text.boot_swap_info_off
                0x0000000010007e70        0xc modules/mcuboot/libmcuboot_util.a(bootutil_public.c.obj)
                0x0000000010007e70                boot_swap_info_off
 .text.boot_magic_compatible_check
                0x0000000010007e7c       0x1c modules/mcuboot/libmcuboot_util.a(bootutil_public.c.obj)
                0x0000000010007e7c                boot_magic_compatible_check
 .text.bootutil_buffer_is_erased
                0x0000000010007e98       0x26 modules/mcuboot/libmcuboot_util.a(bootutil_public.c.obj)
                0x0000000010007e98                bootutil_buffer_is_erased
 .text.boot_read_flag
                0x0000000010007ebe       0x38 modules/mcuboot/libmcuboot_util.a(bootutil_public.c.obj)
 .text.boot_write_trailer
                0x0000000010007ef6       0x5a modules/mcuboot/libmcuboot_util.a(bootutil_public.c.obj)
                0x0000000010007ef6                boot_write_trailer
 .text.boot_write_trailer_flag
                0x0000000010007f50       0x14 modules/mcuboot/libmcuboot_util.a(bootutil_public.c.obj)
                0x0000000010007f50                boot_write_trailer_flag
 .text.boot_write_image_ok
                0x0000000010007f64        0xe modules/mcuboot/libmcuboot_util.a(bootutil_public.c.obj)
                0x0000000010007f64                boot_write_image_ok
 .text.boot_read_image_ok
                0x0000000010007f72        0xc modules/mcuboot/libmcuboot_util.a(bootutil_public.c.obj)
                0x0000000010007f72                boot_read_image_ok
 .text.boot_read_swap_state_by_id
                0x0000000010007f7e       0x28 modules/mcuboot/libmcuboot_util.a(bootutil_public.c.obj)
                0x0000000010007f7e                boot_read_swap_state_by_id
 .text.boot_write_swap_info
                0x0000000010007fa6       0x22 modules/mcuboot/libmcuboot_util.a(bootutil_public.c.obj)
                0x0000000010007fa6                boot_write_swap_info
 .text.boot_write_copy_done
                0x0000000010007fc8       0x10 modules/mcuboot/libmcuboot_util.a(bootutil_public.c.obj)
                0x0000000010007fc8                boot_write_copy_done
 .text.z_impl_k_busy_wait
                0x0000000010007fd8       0x1c zephyr/kernel/libkernel.a(busy_wait.c.obj)
                0x0000000010007fd8                z_impl_k_busy_wait
 .text.z_device_state_init
                0x0000000010007ff4        0x2 zephyr/kernel/libkernel.a(device.c.obj)
                0x0000000010007ff4                z_device_state_init
 .text.z_impl_device_is_ready
                0x0000000010007ff6       0x16 zephyr/kernel/libkernel.a(device.c.obj)
                0x0000000010007ff6                z_impl_device_is_ready
 .text.arch_system_halt
                0x000000001000800c       0x10 zephyr/kernel/libkernel.a(fatal.c.obj)
                0x000000001000800c                arch_system_halt
 .text.k_sys_fatal_error_handler
                0x000000001000801c        0x6 zephyr/kernel/libkernel.a(fatal.c.obj)
                0x000000001000801c                k_sys_fatal_error_handler
 .text.do_device_init
                0x0000000010008022       0x30 zephyr/kernel/libkernel.a(init.c.obj)
 .text.z_early_memset
                0x0000000010008052        0x4 zephyr/kernel/libkernel.a(init.c.obj)
                0x0000000010008052                z_early_memset
 .text.z_early_memcpy
                0x0000000010008056        0x4 zephyr/kernel/libkernel.a(init.c.obj)
                0x0000000010008056                z_early_memcpy
 .text.z_init_static
                0x000000001000805a        0x2 zephyr/kernel/libkernel.a(init_static.c.obj)
                0x000000001000805a                z_init_static
 .text.idle     0x000000001000805c       0x16 zephyr/kernel/libkernel.a(idle.c.obj)
                0x000000001000805c                idle
 .text.z_impl_k_sem_init
                0x0000000010008072       0x18 zephyr/kernel/libkernel.a(sem.c.obj)
                0x0000000010008072                z_impl_k_sem_init
 .text.sys_dlist_remove
                0x000000001000808a       0x10 zephyr/kernel/libkernel.a(sched.c.obj)
 .text.unpend_thread_no_timeout
                0x000000001000809a       0x14 zephyr/kernel/libkernel.a(sched.c.obj)
 .text.add_to_waitq_locked
                0x00000000100080ae       0x50 zephyr/kernel/libkernel.a(sched.c.obj)
 .text.z_ready_thread
                0x00000000100080fe       0x1e zephyr/kernel/libkernel.a(sched.c.obj)
                0x00000000100080fe                z_ready_thread
 .text.z_sched_wake_thread
                0x000000001000811c       0x3a zephyr/kernel/libkernel.a(sched.c.obj)
                0x000000001000811c                z_sched_wake_thread
 .text.z_thread_timeout
                0x0000000010008156        0x8 zephyr/kernel/libkernel.a(sched.c.obj)
                0x0000000010008156                z_thread_timeout
 .text.z_impl_k_sleep
                0x000000001000815e       0x32 zephyr/kernel/libkernel.a(sched.c.obj)
                0x000000001000815e                z_impl_k_sleep
 .text.next_timeout
                0x0000000010008190       0x32 zephyr/kernel/libkernel.a(timeout.c.obj)
 .text.z_abort_timeout
                0x00000000100081c2       0x42 zephyr/kernel/libkernel.a(timeout.c.obj)
                0x00000000100081c2                z_abort_timeout
 .text.sys_clock_tick_get_32
                0x0000000010008204        0x8 zephyr/kernel/libkernel.a(timeout.c.obj)
                0x0000000010008204                sys_clock_tick_get_32
 .text.z_impl_k_uptime_ticks
                0x000000001000820c        0x4 zephyr/kernel/libkernel.a(timeout.c.obj)
                0x000000001000820c                z_impl_k_uptime_ticks
 .text.z_impl_k_uptime_ticks.__stub
                0x0000000010008210       0x18 linker stubs
 *(SORT_BY_ALIGNMENT(.TEXT.*))
 *(SORT_BY_ALIGNMENT(.gnu.linkonce.t.*))
 *(SORT_BY_ALIGNMENT(.glue_7t))
 .glue_7t       0x0000000010008228        0x0 linker stubs
 *(SORT_BY_ALIGNMENT(.glue_7))
 .glue_7        0x0000000010008228        0x0 linker stubs
 *(SORT_BY_ALIGNMENT(.vfp11_veneer))
 .vfp11_veneer  0x0000000010008228        0x0 linker stubs
 *(SORT_BY_ALIGNMENT(.v4_bx))
 .v4_bx         0x0000000010008228        0x0 linker stubs
                0x0000000010008228                . = ALIGN (0x4)
                0x0000000010008228                __text_region_end = .

.ARM.exidx      0x0000000010008228        0x8
                0x0000000010008228                __exidx_start = .
 *(SORT_BY_ALIGNMENT(.ARM.exidx*) SORT_BY_ALIGNMENT(gnu.linkonce.armexidx.*))
 .ARM.exidx     0x0000000010008228        0x8 c:/users/cjwsa/zephyr-sdk-0.17.0/arm-zephyr-eabi/bin/../lib/gcc/arm-zephyr-eabi/12.2.0/thumb/v8-m.main/nofp\libgcc.a(_udivmoddi4.o)
                0x0000000010008230                __exidx_end = .
                0x0000000010008230                __rodata_region_start = .

initlevel       0x0000000010008230       0x70
                0x0000000010008230                __init_start = .
                0x0000000010008230                __init_EARLY_start = .
 *(SORT_BY_NAME(SORT_BY_ALIGNMENT(.z_init_EARLY?_*)))
 *(SORT_BY_NAME(SORT_BY_ALIGNMENT(.z_init_EARLY??_*)))
                0x0000000010008230                __init_PRE_KERNEL_1_start = .
 *(SORT_BY_NAME(SORT_BY_ALIGNMENT(.z_init_PRE_KERNEL_1?_*)))
 *(SORT_BY_NAME(SORT_BY_ALIGNMENT(.z_init_PRE_KERNEL_1??_*)))
 .z_init_PRE_KERNEL_130_00011_
                0x0000000010008230        0x8 zephyr/drivers/clock_control/libdrivers__clock_control.a(clock_control_mcux_scg_k4.c.obj)
 .z_init_PRE_KERNEL_140_00012_
                0x0000000010008238        0x8 zephyr/drivers/pinctrl/libdrivers__pinctrl.a(pinctrl_nxp_port.c.obj)
 .z_init_PRE_KERNEL_140_00046_
                0x0000000010008240        0x8 zephyr/drivers/pinctrl/libdrivers__pinctrl.a(pinctrl_nxp_port.c.obj)
 .z_init_PRE_KERNEL_140_00048_
                0x0000000010008248        0x8 zephyr/drivers/pinctrl/libdrivers__pinctrl.a(pinctrl_nxp_port.c.obj)
 .z_init_PRE_KERNEL_140_00055_
                0x0000000010008250        0x8 zephyr/drivers/pinctrl/libdrivers__pinctrl.a(pinctrl_nxp_port.c.obj)
 .z_init_PRE_KERNEL_150_00064_
                0x0000000010008258        0x8 zephyr/drivers/serial/libdrivers__serial.a(uart_mcux_lpuart.c.obj)
 .z_init_PRE_KERNEL_150_00065_
                0x0000000010008260        0x8 zephyr/drivers/serial/libdrivers__serial.a(uart_mcux_lpuart.c.obj)
 .z_init_PRE_KERNEL_160_0_
                0x0000000010008268        0x8 zephyr/drivers/console/libdrivers__console.a(uart_console.c.obj)
                0x0000000010008270                __init_PRE_KERNEL_2_start = .
 *(SORT_BY_NAME(SORT_BY_ALIGNMENT(.z_init_PRE_KERNEL_2?_*)))
 .z_init_PRE_KERNEL_20_0_
                0x0000000010008270        0x8 zephyr/drivers/timer/libdrivers__timer.a(cortex_m_systick.c.obj)
 *(SORT_BY_NAME(SORT_BY_ALIGNMENT(.z_init_PRE_KERNEL_2??_*)))
                0x0000000010008278                __init_POST_KERNEL_start = .
 *(SORT_BY_NAME(SORT_BY_ALIGNMENT(.z_init_POST_KERNEL?_*)))
 *(SORT_BY_NAME(SORT_BY_ALIGNMENT(.z_init_POST_KERNEL??_*)))
 .z_init_POST_KERNEL40_00013_
                0x0000000010008278        0x8 zephyr/drivers/gpio/libdrivers__gpio.a(gpio_mcux.c.obj)
 .z_init_POST_KERNEL40_0_
                0x0000000010008280        0x8 modules/mbedtls/libmbedTLSBase.a(zephyr_init.c.obj)
 .z_init_POST_KERNEL50_00039_
                0x0000000010008288        0x8 zephyr/drivers/flash/libdrivers__flash.a(soc_flash_mcux.c.obj)
 .z_init_POST_KERNEL50_00075_
                0x0000000010008290        0x8 zephyr/drivers/spi/libdrivers__spi.a(spi_nxp_lpspi.c.obj)
 .z_init_POST_KERNEL80_00076_
                0x0000000010008298        0x8 zephyr/drivers/flash/libdrivers__flash.a(spi_nor.c.obj)
                0x00000000100082a0                __init_APPLICATION_start = .
 *(SORT_BY_NAME(SORT_BY_ALIGNMENT(.z_init_APPLICATION?_*)))
 *(SORT_BY_NAME(SORT_BY_ALIGNMENT(.z_init_APPLICATION??_*)))
                0x00000000100082a0                __init_SMP_start = .
 *(SORT_BY_NAME(SORT_BY_ALIGNMENT(.z_init_SMP?_*)))
 *(SORT_BY_NAME(SORT_BY_ALIGNMENT(.z_init_SMP??_*)))
                0x00000000100082a0                __init_end = .
                0x00000000100082a0                __deferred_init_list_start = .
 *(SORT_BY_ALIGNMENT(.z_deferred_init*))
                0x00000000100082a0                __deferred_init_list_end = .

device_area     0x00000000100082a0       0xdc
                0x00000000100082a0                _device_list_start = .
 *(SORT_BY_NAME(SORT_BY_ALIGNMENT(._device.static.*_?_*)))
 *(SORT_BY_NAME(SORT_BY_ALIGNMENT(._device.static.*_??_*)))
 ._device.static.1_30_
                0x00000000100082a0       0x14 zephyr/drivers/clock_control/libdrivers__clock_control.a(clock_control_mcux_scg_k4.c.obj)
                0x00000000100082a0                __device_dts_ord_11
 ._device.static.1_40_
                0x00000000100082b4       0x50 zephyr/drivers/pinctrl/libdrivers__pinctrl.a(pinctrl_nxp_port.c.obj)
                0x00000000100082b4                __device_dts_ord_55
                0x00000000100082c8                __device_dts_ord_12
                0x00000000100082dc                __device_dts_ord_48
                0x00000000100082f0                __device_dts_ord_46
 ._device.static.1_50_
                0x0000000010008304       0x28 zephyr/drivers/serial/libdrivers__serial.a(uart_mcux_lpuart.c.obj)
                0x0000000010008304                __device_dts_ord_65
                0x0000000010008318                __device_dts_ord_64
 ._device.static.3_40_
                0x000000001000832c       0x14 zephyr/drivers/gpio/libdrivers__gpio.a(gpio_mcux.c.obj)
                0x000000001000832c                __device_dts_ord_13
 ._device.static.3_50_
                0x0000000010008340       0x14 zephyr/drivers/flash/libdrivers__flash.a(soc_flash_mcux.c.obj)
                0x0000000010008340                __device_dts_ord_39
 ._device.static.3_50_
                0x0000000010008354       0x14 zephyr/drivers/spi/libdrivers__spi.a(spi_nxp_lpspi.c.obj)
                0x0000000010008354                __device_dts_ord_75
 ._device.static.3_80_
                0x0000000010008368       0x14 zephyr/drivers/flash/libdrivers__flash.a(spi_nor.c.obj)
                0x0000000010008368                __device_dts_ord_76
 *(SORT_BY_NAME(SORT_BY_ALIGNMENT(._device.static.*_???_*)))
 *(SORT_BY_NAME(SORT_BY_ALIGNMENT(._device.static.*_????_*)))
 *(SORT_BY_NAME(SORT_BY_ALIGNMENT(._device.static.*_?????_*)))
                0x000000001000837c                _device_list_end = .

sw_isr_table    0x000000001000837c      0x258
                0x000000001000837c                . = ALIGN (0x4)
 *(SORT_BY_ALIGNMENT(.gnu.linkonce.sw_isr_table*))
 .gnu.linkonce.sw_isr_table
                0x000000001000837c      0x258 zephyr/arch/common/libisr_tables.a(isr_tables.c.obj)
                0x000000001000837c                _sw_isr_table

initlevel_error
                0x0000000010008230        0x0
 *(SORT_BY_NAME(SORT_BY_ALIGNMENT(.z_init_[_A-Z0-9]*)))
                0x0000000000000001                ASSERT ((SIZEOF (initlevel_error) == 0x0), Undefined initialization levels used.)

app_shmem_regions
                0x00000000100085d4        0x0
                0x00000000100085d4                __app_shmem_regions_start = .
 *(SORT_BY_NAME(SORT_BY_ALIGNMENT(.app_regions.*)))
                0x00000000100085d4                __app_shmem_regions_end = .

k_p4wq_initparam_area
                0x00000000100085d4        0x0
                0x00000000100085d4                _k_p4wq_initparam_list_start = .
 *(SORT_BY_NAME(SORT_BY_ALIGNMENT(._k_p4wq_initparam.static.*)))
                0x00000000100085d4                _k_p4wq_initparam_list_end = .

_static_thread_data_area
                0x00000000100085d4        0x0
                0x00000000100085d4                __static_thread_data_list_start = .
 *(SORT_BY_NAME(SORT_BY_ALIGNMENT(.__static_thread_data.static.*)))
                0x00000000100085d4                __static_thread_data_list_end = .

device_deps     0x00000000100085d4        0x0
                0x00000000100085d4                __device_deps_start = .
 *(SORT_BY_NAME(SORT_BY_ALIGNMENT(.__device_deps_pass2*)))
                0x00000000100085d4                __device_deps_end = .

flash_driver_api_area
                0x00000000100085d4       0x30
                0x00000000100085d4                _flash_driver_api_list_start = .
 *(SORT_BY_NAME(SORT_BY_ALIGNMENT(._flash_driver_api.static.*)))
 ._flash_driver_api.static.flash_mcux_api_
                0x00000000100085d4       0x18 zephyr/drivers/flash/libdrivers__flash.a(soc_flash_mcux.c.obj)
 ._flash_driver_api.static.spi_nor_api_
                0x00000000100085ec       0x18 zephyr/drivers/flash/libdrivers__flash.a(spi_nor.c.obj)
                0x0000000010008604                _flash_driver_api_list_end = .

gpio_driver_api_area
                0x0000000010008604       0x24
                0x0000000010008604                _gpio_driver_api_list_start = .
 *(SORT_BY_NAME(SORT_BY_ALIGNMENT(._gpio_driver_api.static.*)))
 ._gpio_driver_api.static.gpio_mcux_driver_api_
                0x0000000010008604       0x24 zephyr/drivers/gpio/libdrivers__gpio.a(gpio_mcux.c.obj)
                0x0000000010008628                _gpio_driver_api_list_end = .

spi_driver_api_area
                0x0000000010008628        0x8
                0x0000000010008628                _spi_driver_api_list_start = .
 *(SORT_BY_NAME(SORT_BY_ALIGNMENT(._spi_driver_api.static.*)))
 ._spi_driver_api.static.spi_mcux_driver_api_
                0x0000000010008628        0x8 zephyr/drivers/spi/libdrivers__spi.a(spi_nxp_lpspi.c.obj)
                0x0000000010008630                _spi_driver_api_list_end = .

shared_irq_driver_api_area
                0x0000000010008630        0x0
                0x0000000010008630                _shared_irq_driver_api_list_start = .
 *(SORT_BY_NAME(SORT_BY_ALIGNMENT(._shared_irq_driver_api.static.*)))
                0x0000000010008630                _shared_irq_driver_api_list_end = .

crypto_driver_api_area
                0x0000000010008630        0x0
                0x0000000010008630                _crypto_driver_api_list_start = .
 *(SORT_BY_NAME(SORT_BY_ALIGNMENT(._crypto_driver_api.static.*)))
                0x0000000010008630                _crypto_driver_api_list_end = .

adc_driver_api_area
                0x0000000010008630        0x0
                0x0000000010008630                _adc_driver_api_list_start = .
 *(SORT_BY_NAME(SORT_BY_ALIGNMENT(._adc_driver_api.static.*)))
                0x0000000010008630                _adc_driver_api_list_end = .

auxdisplay_driver_api_area
                0x0000000010008630        0x0
                0x0000000010008630                _auxdisplay_driver_api_list_start = .
 *(SORT_BY_NAME(SORT_BY_ALIGNMENT(._auxdisplay_driver_api.static.*)))
                0x0000000010008630                _auxdisplay_driver_api_list_end = .

bbram_driver_api_area
                0x0000000010008630        0x0
                0x0000000010008630                _bbram_driver_api_list_start = .
 *(SORT_BY_NAME(SORT_BY_ALIGNMENT(._bbram_driver_api.static.*)))
                0x0000000010008630                _bbram_driver_api_list_end = .

bt_hci_driver_api_area
                0x0000000010008630        0x0
                0x0000000010008630                _bt_hci_driver_api_list_start = .
 *(SORT_BY_NAME(SORT_BY_ALIGNMENT(._bt_hci_driver_api.static.*)))
                0x0000000010008630                _bt_hci_driver_api_list_end = .

can_driver_api_area
                0x0000000010008630        0x0
                0x0000000010008630                _can_driver_api_list_start = .
 *(SORT_BY_NAME(SORT_BY_ALIGNMENT(._can_driver_api.static.*)))
                0x0000000010008630                _can_driver_api_list_end = .

cellular_driver_api_area
                0x0000000010008630        0x0
                0x0000000010008630                _cellular_driver_api_list_start = .
 *(SORT_BY_NAME(SORT_BY_ALIGNMENT(._cellular_driver_api.static.*)))
                0x0000000010008630                _cellular_driver_api_list_end = .

charger_driver_api_area
                0x0000000010008630        0x0
                0x0000000010008630                _charger_driver_api_list_start = .
 *(SORT_BY_NAME(SORT_BY_ALIGNMENT(._charger_driver_api.static.*)))
                0x0000000010008630                _charger_driver_api_list_end = .

clock_control_driver_api_area
                0x0000000010008630       0x1c
                0x0000000010008630                _clock_control_driver_api_list_start = .
 *(SORT_BY_NAME(SORT_BY_ALIGNMENT(._clock_control_driver_api.static.*)))
 ._clock_control_driver_api.static.mcux_scg_driver_api_
                0x0000000010008630       0x1c zephyr/drivers/clock_control/libdrivers__clock_control.a(clock_control_mcux_scg_k4.c.obj)
                0x000000001000864c                _clock_control_driver_api_list_end = .

comparator_driver_api_area
                0x000000001000864c        0x0
                0x000000001000864c                _comparator_driver_api_list_start = .
 *(SORT_BY_NAME(SORT_BY_ALIGNMENT(._comparator_driver_api.static.*)))
                0x000000001000864c                _comparator_driver_api_list_end = .

coredump_driver_api_area
                0x000000001000864c        0x0
                0x000000001000864c                _coredump_driver_api_list_start = .
 *(SORT_BY_NAME(SORT_BY_ALIGNMENT(._coredump_driver_api.static.*)))
                0x000000001000864c                _coredump_driver_api_list_end = .

counter_driver_api_area
                0x000000001000864c        0x0
                0x000000001000864c                _counter_driver_api_list_start = .
 *(SORT_BY_NAME(SORT_BY_ALIGNMENT(._counter_driver_api.static.*)))
                0x000000001000864c                _counter_driver_api_list_end = .

dac_driver_api_area
                0x000000001000864c        0x0
                0x000000001000864c                _dac_driver_api_list_start = .
 *(SORT_BY_NAME(SORT_BY_ALIGNMENT(._dac_driver_api.static.*)))
                0x000000001000864c                _dac_driver_api_list_end = .

dai_driver_api_area
                0x000000001000864c        0x0
                0x000000001000864c                _dai_driver_api_list_start = .
 *(SORT_BY_NAME(SORT_BY_ALIGNMENT(._dai_driver_api.static.*)))
                0x000000001000864c                _dai_driver_api_list_end = .

display_driver_api_area
                0x000000001000864c        0x0
                0x000000001000864c                _display_driver_api_list_start = .
 *(SORT_BY_NAME(SORT_BY_ALIGNMENT(._display_driver_api.static.*)))
                0x000000001000864c                _display_driver_api_list_end = .

dma_driver_api_area
                0x000000001000864c        0x0
                0x000000001000864c                _dma_driver_api_list_start = .
 *(SORT_BY_NAME(SORT_BY_ALIGNMENT(._dma_driver_api.static.*)))
                0x000000001000864c                _dma_driver_api_list_end = .

edac_driver_api_area
                0x000000001000864c        0x0
                0x000000001000864c                _edac_driver_api_list_start = .
 *(SORT_BY_NAME(SORT_BY_ALIGNMENT(._edac_driver_api.static.*)))
                0x000000001000864c                _edac_driver_api_list_end = .

eeprom_driver_api_area
                0x000000001000864c        0x0
                0x000000001000864c                _eeprom_driver_api_list_start = .
 *(SORT_BY_NAME(SORT_BY_ALIGNMENT(._eeprom_driver_api.static.*)))
                0x000000001000864c                _eeprom_driver_api_list_end = .

emul_bbram_driver_api_area
                0x000000001000864c        0x0
                0x000000001000864c                _emul_bbram_driver_api_list_start = .
 *(SORT_BY_NAME(SORT_BY_ALIGNMENT(._emul_bbram_driver_api.static.*)))
                0x000000001000864c                _emul_bbram_driver_api_list_end = .

fuel_gauge_emul_driver_api_area
                0x000000001000864c        0x0
                0x000000001000864c                _fuel_gauge_emul_driver_api_list_start = .
 *(SORT_BY_NAME(SORT_BY_ALIGNMENT(._fuel_gauge_emul_driver_api.static.*)))
                0x000000001000864c                _fuel_gauge_emul_driver_api_list_end = .

emul_sensor_driver_api_area
                0x000000001000864c        0x0
                0x000000001000864c                _emul_sensor_driver_api_list_start = .
 *(SORT_BY_NAME(SORT_BY_ALIGNMENT(._emul_sensor_driver_api.static.*)))
                0x000000001000864c                _emul_sensor_driver_api_list_end = .

entropy_driver_api_area
                0x000000001000864c        0x0
                0x000000001000864c                _entropy_driver_api_list_start = .
 *(SORT_BY_NAME(SORT_BY_ALIGNMENT(._entropy_driver_api.static.*)))
                0x000000001000864c                _entropy_driver_api_list_end = .

espi_driver_api_area
                0x000000001000864c        0x0
                0x000000001000864c                _espi_driver_api_list_start = .
 *(SORT_BY_NAME(SORT_BY_ALIGNMENT(._espi_driver_api.static.*)))
                0x000000001000864c                _espi_driver_api_list_end = .

espi_saf_driver_api_area
                0x000000001000864c        0x0
                0x000000001000864c                _espi_saf_driver_api_list_start = .
 *(SORT_BY_NAME(SORT_BY_ALIGNMENT(._espi_saf_driver_api.static.*)))
                0x000000001000864c                _espi_saf_driver_api_list_end = .

fpga_driver_api_area
                0x000000001000864c        0x0
                0x000000001000864c                _fpga_driver_api_list_start = .
 *(SORT_BY_NAME(SORT_BY_ALIGNMENT(._fpga_driver_api.static.*)))
                0x000000001000864c                _fpga_driver_api_list_end = .

fuel_gauge_driver_api_area
                0x000000001000864c        0x0
                0x000000001000864c                _fuel_gauge_driver_api_list_start = .
 *(SORT_BY_NAME(SORT_BY_ALIGNMENT(._fuel_gauge_driver_api.static.*)))
                0x000000001000864c                _fuel_gauge_driver_api_list_end = .

gnss_driver_api_area
                0x000000001000864c        0x0
                0x000000001000864c                _gnss_driver_api_list_start = .
 *(SORT_BY_NAME(SORT_BY_ALIGNMENT(._gnss_driver_api.static.*)))
                0x000000001000864c                _gnss_driver_api_list_end = .

haptics_driver_api_area
                0x000000001000864c        0x0
                0x000000001000864c                _haptics_driver_api_list_start = .
 *(SORT_BY_NAME(SORT_BY_ALIGNMENT(._haptics_driver_api.static.*)))
                0x000000001000864c                _haptics_driver_api_list_end = .

hwspinlock_driver_api_area
                0x000000001000864c        0x0
                0x000000001000864c                _hwspinlock_driver_api_list_start = .
 *(SORT_BY_NAME(SORT_BY_ALIGNMENT(._hwspinlock_driver_api.static.*)))
                0x000000001000864c                _hwspinlock_driver_api_list_end = .

i2c_driver_api_area
                0x000000001000864c        0x0
                0x000000001000864c                _i2c_driver_api_list_start = .
 *(SORT_BY_NAME(SORT_BY_ALIGNMENT(._i2c_driver_api.static.*)))
                0x000000001000864c                _i2c_driver_api_list_end = .

i2c_target_driver_api_area
                0x000000001000864c        0x0
                0x000000001000864c                _i2c_target_driver_api_list_start = .
 *(SORT_BY_NAME(SORT_BY_ALIGNMENT(._i2c_target_driver_api.static.*)))
                0x000000001000864c                _i2c_target_driver_api_list_end = .

i2s_driver_api_area
                0x000000001000864c        0x0
                0x000000001000864c                _i2s_driver_api_list_start = .
 *(SORT_BY_NAME(SORT_BY_ALIGNMENT(._i2s_driver_api.static.*)))
                0x000000001000864c                _i2s_driver_api_list_end = .

i3c_driver_api_area
                0x000000001000864c        0x0
                0x000000001000864c                _i3c_driver_api_list_start = .
 *(SORT_BY_NAME(SORT_BY_ALIGNMENT(._i3c_driver_api.static.*)))
                0x000000001000864c                _i3c_driver_api_list_end = .

ipm_driver_api_area
                0x000000001000864c        0x0
                0x000000001000864c                _ipm_driver_api_list_start = .
 *(SORT_BY_NAME(SORT_BY_ALIGNMENT(._ipm_driver_api.static.*)))
                0x000000001000864c                _ipm_driver_api_list_end = .

kscan_driver_api_area
                0x000000001000864c        0x0
                0x000000001000864c                _kscan_driver_api_list_start = .
 *(SORT_BY_NAME(SORT_BY_ALIGNMENT(._kscan_driver_api.static.*)))
                0x000000001000864c                _kscan_driver_api_list_end = .

led_driver_api_area
                0x000000001000864c        0x0
                0x000000001000864c                _led_driver_api_list_start = .
 *(SORT_BY_NAME(SORT_BY_ALIGNMENT(._led_driver_api.static.*)))
                0x000000001000864c                _led_driver_api_list_end = .

led_strip_driver_api_area
                0x000000001000864c        0x0
                0x000000001000864c                _led_strip_driver_api_list_start = .
 *(SORT_BY_NAME(SORT_BY_ALIGNMENT(._led_strip_driver_api.static.*)))
                0x000000001000864c                _led_strip_driver_api_list_end = .

lora_driver_api_area
                0x000000001000864c        0x0