Archive member included to satisfy reference by file (symbol)

app/libapp.a(main.c.obj)      (--whole-archive)
zephyr/libzephyr.a(heap.c.obj)
                              (--whole-archive)
zephyr/libzephyr.a(cbprintf_packaged.c.obj)
                              (--whole-archive)
zephyr/libzephyr.a(printk.c.obj)
                              (--whole-archive)
zephyr/libzephyr.a(sem.c.obj)
                              (--whole-archive)
zephyr/libzephyr.a(thread_entry.c.obj)
                              (--whole-archive)
zephyr/libzephyr.a(cbprintf_complete.c.obj)
                              (--whole-archive)
zephyr/libzephyr.a(assert.c.obj)
                              (--whole-archive)
zephyr/libzephyr.a(dec.c.obj)
                              (--whole-archive)
zephyr/libzephyr.a(hex.c.obj)
                              (--whole-archive)
zephyr/libzephyr.a(rb.c.obj)  (--whole-archive)
zephyr/libzephyr.a(timeutil.c.obj)
                              (--whole-archive)
zephyr/libzephyr.a(bitarray.c.obj)
                              (--whole-archive)
zephyr/libzephyr.a(ring_buffer.c.obj)
                              (--whole-archive)
zephyr/libzephyr.a(configs.c.obj)
                              (--whole-archive)
zephyr/libzephyr.a(soc.c.obj)
                              (--whole-archive)
zephyr/libzephyr.a(mcxw71_platform_init.S.obj)
                              (--whole-archive)
zephyr/libzephyr.a(mem_attr.c.obj)
                              (--whole-archive)
zephyr/libzephyr.a(tracing_none.c.obj)
                              (--whole-archive)
zephyr/arch/common/libarch__common.a(sw_isr_common.c.obj)
                              (--whole-archive)
zephyr/arch/arch/arm/core/libarch__arm__core.a(fatal.c.obj)
                              (--whole-archive)
zephyr/arch/arch/arm/core/libarch__arm__core.a(nmi.c.obj)
                              (--whole-archive)
zephyr/arch/arch/arm/core/libarch__arm__core.a(nmi_on_reset.S.obj)
                              (--whole-archive)
zephyr/arch/arch/arm/core/libarch__arm__core.a(tls.c.obj)
                              (--whole-archive)
zephyr/arch/arch/arm/core/cortex_m/libarch__arm__core__cortex_m.a(exc_exit.c.obj)
                              (--whole-archive)
zephyr/arch/arch/arm/core/cortex_m/libarch__arm__core__cortex_m.a(fault.c.obj)
                              (--whole-archive)
zephyr/arch/arch/arm/core/cortex_m/libarch__arm__core__cortex_m.a(fault_s.S.obj)
                              (--whole-archive)
zephyr/arch/arch/arm/core/cortex_m/libarch__arm__core__cortex_m.a(fpu.c.obj)
                              (--whole-archive)
zephyr/arch/arch/arm/core/cortex_m/libarch__arm__core__cortex_m.a(reset.S.obj)
                              (--whole-archive)
zephyr/arch/arch/arm/core/cortex_m/libarch__arm__core__cortex_m.a(scb.c.obj)
                              (--whole-archive)
zephyr/arch/arch/arm/core/cortex_m/libarch__arm__core__cortex_m.a(thread_abort.c.obj)
                              (--whole-archive)
zephyr/arch/arch/arm/core/cortex_m/libarch__arm__core__cortex_m.a(vector_table.S.obj)
                              (--whole-archive)
zephyr/arch/arch/arm/core/cortex_m/libarch__arm__core__cortex_m.a(swap_helper.S.obj)
                              (--whole-archive)
zephyr/arch/arch/arm/core/cortex_m/libarch__arm__core__cortex_m.a(irq_manage.c.obj)
                              (--whole-archive)
zephyr/arch/arch/arm/core/cortex_m/libarch__arm__core__cortex_m.a(prep_c.c.obj)
                              (--whole-archive)
zephyr/arch/arch/arm/core/cortex_m/libarch__arm__core__cortex_m.a(thread.c.obj)
                              (--whole-archive)
zephyr/arch/arch/arm/core/cortex_m/libarch__arm__core__cortex_m.a(cpu_idle.c.obj)
                              (--whole-archive)
zephyr/arch/arch/arm/core/cortex_m/libarch__arm__core__cortex_m.a(irq_init.c.obj)
                              (--whole-archive)
zephyr/arch/arch/arm/core/cortex_m/libarch__arm__core__cortex_m.a(isr_wrapper.c.obj)
                              (--whole-archive)
zephyr/arch/arch/arm/core/cortex_m/libarch__arm__core__cortex_m.a(__aeabi_read_tp.S.obj)
                              (--whole-archive)
zephyr/arch/arch/arm/core/cortex_m/cmse/libarch__arm__core__cortex_m__cmse.a(arm_core_cmse.c.obj)
                              (--whole-archive)
zephyr/arch/arch/arm/core/mpu/libarch__arm__core__mpu.a(arm_core_mpu.c.obj)
                              (--whole-archive)
zephyr/arch/arch/arm/core/mpu/libarch__arm__core__mpu.a(arm_mpu.c.obj)
                              (--whole-archive)
zephyr/arch/arch/arm/core/mpu/libarch__arm__core__mpu.a(arm_mpu_regions.c.obj)
                              (--whole-archive)
zephyr/lib/libc/picolibc/liblib__libc__picolibc.a(assert.c.obj)
                              (--whole-archive)
zephyr/lib/libc/picolibc/liblib__libc__picolibc.a(cbprintf.c.obj)
                              (--whole-archive)
[...]
Memory Configuration

Name             Origin             Length             Attributes
FLASH            0x0000000010010000 0x0000000000068000 xr
RAM              0x0000000030000000 0x000000000001a000 xw
RetainedMem      0x000000003001a000 0x0000000000002000 rw
rpmsg_sh_mem     0x00000000589c8800 0x0000000000001800 rw
IDT_LIST         0x00000000ffff7fff 0x0000000000008000 xw
*default*        0x0000000000000000 0xffffffffffffffff

Linker script and memory map

                0x0000000010012728                vfprintf = __l_vfprintf
                0x0000000000000000                vfscanf = __l_vfscanf
LOAD zephyr/CMakeFiles/zephyr_final.dir/misc/empty_file.c.obj
LOAD zephyr/CMakeFiles/zephyr_final.dir/isr_tables.c.obj
LOAD zephyr/CMakeFiles/offsets.dir/./arch/arm/core/offsets/offsets.c.obj
LOAD app/libapp.a
LOAD zephyr/libzephyr.a
LOAD zephyr/arch/common/libarch__common.a
LOAD zephyr/arch/arch/arm/core/libarch__arm__core.a
LOAD zephyr/arch/arch/arm/core/cortex_m/libarch__arm__core__cortex_m.a
LOAD zephyr/arch/arch/arm/core/cortex_m/cmse/libarch__arm__core__cortex_m__cmse.a
LOAD zephyr/arch/arch/arm/core/mpu/libarch__arm__core__mpu.a
LOAD zephyr/lib/libc/picolibc/liblib__libc__picolibc.a
LOAD zephyr/lib/libc/common/liblib__libc__common.a
LOAD zephyr/drivers/clock_control/libdrivers__clock_control.a
LOAD zephyr/drivers/console/libdrivers__console.a
LOAD zephyr/drivers/gpio/libdrivers__gpio.a
LOAD zephyr/drivers/pinctrl/libdrivers__pinctrl.a
LOAD zephyr/drivers/serial/libdrivers__serial.a
LOAD zephyr/drivers/timer/libdrivers__timer.a
LOAD modules/hal_nxp/hal_nxp/lib..__modules__hal__nxp.a
LOAD zephyr/kernel/libkernel.a
LOAD zephyr/arch/common/libisr_tables.a
LOAD c:\users\cjwsa\zephyr-sdk-0.17.0\arm-zephyr-eabi\bin\../lib/gcc/../../picolibc/arm-zephyr-eabi/lib/thumb/v8-m.main/nofp\libc.a
LOAD c:/users/cjwsa/zephyr-sdk-0.17.0/arm-zephyr-eabi/bin/../lib/gcc/arm-zephyr-eabi/12.2.0/thumb/v8-m.main/nofp\libgcc.a
                0x0000000000002000                m_sector_size = 0x2000
                0x00000000000fffff                m_flash_end = 0xfffff
                0x0000000000002000                m_fsl_prodInfo_size = m_sector_size
                0x00000000000fe000                m_fsl_prodInfo_start = ((m_flash_end - m_fsl_prodInfo_size) + 0x1)
                0x00000000000fffff                m_fsl_prodInfo_end = m_flash_end
                0x00000000000fe000                PROD_DATA_BASE_ADDR = m_fsl_prodInfo_start
                0x0000000000000020                _region_min_align = 0x20

.rel.plt        0x0000000010010000        0x0
 *(SORT_BY_ALIGNMENT(.rel.plt))
                [!provide]                        PROVIDE (__rel_iplt_start = .)
 *(SORT_BY_ALIGNMENT(.rel.iplt))
 .rel.iplt      0x0000000010010000        0x0 zephyr/CMakeFiles/zephyr_final.dir/isr_tables.c.obj
                [!provide]                        PROVIDE (__rel_iplt_end = .)

.rela.plt       0x0000000000000000        0x0
 *(SORT_BY_ALIGNMENT(.rela.plt))
                [!provide]                        PROVIDE (__rela_iplt_start = .)
 *(SORT_BY_ALIGNMENT(.rela.iplt))
                [!provide]                        PROVIDE (__rela_iplt_end = .)

.rel.dyn
 *(SORT_BY_ALIGNMENT(.rel.*))

.rela.dyn
 *(SORT_BY_ALIGNMENT(.rela.*))

/DISCARD/
 *(SORT_BY_ALIGNMENT(.plt))

/DISCARD/
 *(SORT_BY_ALIGNMENT(.iplt))
                0x0000000010010000                __rom_region_start = 0x10010000

rom_start       0x0000000010010000      0x36c
                0x0000000010010000                __rom_start_address = .
 FILL mask 0x00
                0x0000000010010200                . = (. + (0x200 - (. - __rom_start_address)))
 *fill*         0x0000000010010000      0x200 00
                0x0000000010010200                . = ALIGN (0x4)
                0x0000000010010200                . = ALIGN (0x80)
                0x0000000010010200                . = ALIGN (0x200)
                0x0000000010010200                _vector_start = .
 *(SORT_BY_ALIGNMENT(.exc_vector_table))
 *(SORT_BY_ALIGNMENT(.exc_vector_table.*))
 .exc_vector_table._vector_table_section
                0x0000000010010200       0x40 zephyr/arch/arch/arm/core/cortex_m/libarch__arm__core__cortex_m.a(vector_table.S.obj)
                0x0000000010010200                _vector_table
 *(SORT_BY_ALIGNMENT(.vectors))
                0x000000001001036c                _vector_end = .
                0x0000000010010240                . = ALIGN (0x4)
 *(SORT_BY_ALIGNMENT(.gnu.linkonce.irq_vector_table*))
 .gnu.linkonce.irq_vector_table
                0x0000000010010240      0x12c zephyr/CMakeFiles/zephyr_final.dir/isr_tables.c.obj
                0x0000000010010240                _irq_vector_table
                0x000000001001036c                _vector_end = .

text            0x000000001001036c     0x32a0
                0x000000001001036c                __text_region_start = .
 *(SORT_BY_ALIGNMENT(.text))
 .text          0x000000001001036c       0x30 c:/users/cjwsa/zephyr-sdk-0.17.0/arm-zephyr-eabi/bin/../lib/gcc/arm-zephyr-eabi/12.2.0/thumb/v8-m.main/nofp\libgcc.a(_aeabi_uldivmod.o)
                0x000000001001036c                __aeabi_uldivmod
 .text          0x000000001001039c        0x4 c:/users/cjwsa/zephyr-sdk-0.17.0/arm-zephyr-eabi/bin/../lib/gcc/arm-zephyr-eabi/12.2.0/thumb/v8-m.main/nofp\libgcc.a(_dvmd_tls.o)
                0x000000001001039c                __aeabi_idiv0
                0x000000001001039c                __aeabi_ldiv0
 .text          0x00000000100103a0      0x29c c:/users/cjwsa/zephyr-sdk-0.17.0/arm-zephyr-eabi/bin/../lib/gcc/arm-zephyr-eabi/12.2.0/thumb/v8-m.main/nofp\libgcc.a(_udivmoddi4.o)
                0x00000000100103a0                __udivmoddi4
 *(SORT_BY_ALIGNMENT(.text.*))
 .text.main     0x000000001001063c       0x1c app/libapp.a(main.c.obj)
                0x000000001001063c                main
 .text.char_out
                0x0000000010010658        0xc zephyr/libzephyr.a(printk.c.obj)
 .text.__printk_hook_install
                0x0000000010010664        0xc zephyr/libzephyr.a(printk.c.obj)
                0x0000000010010664                __printk_hook_install
 .text.vprintk  0x0000000010010670       0x30 zephyr/libzephyr.a(printk.c.obj)
                0x0000000010010670                vprintk
 .text.z_thread_entry
                0x00000000100106a0       0x34 zephyr/libzephyr.a(thread_entry.c.obj)
                0x00000000100106a0                z_thread_entry
 .text.clock_init
                0x00000000100106d4      0x1f8 zephyr/libzephyr.a(soc.c.obj)
                0x00000000100106d4                clock_init
 .text.soc_early_init_hook
                0x00000000100108cc       0x2c zephyr/libzephyr.a(soc.c.obj)
                0x00000000100108cc                soc_early_init_hook
 .text._reset_section
                0x00000000100108f8       0x58 zephyr/libzephyr.a(mcxw71_platform_init.S.obj)
                0x00000000100108f8                soc_reset_hook
 .text.mem_attr_get_regions
                0x0000000010010950        0xc zephyr/libzephyr.a(mem_attr.c.obj)
                0x0000000010010950                mem_attr_get_regions
 .text.z_SysNmiOnReset
                0x000000001001095c        0x8 zephyr/arch/arch/arm/core/libarch__arm__core.a(nmi_on_reset.S.obj)
                0x000000001001095c                z_SysNmiOnReset
 .text.arch_tls_stack_setup
                0x0000000010010964       0x40 zephyr/arch/arch/arm/core/libarch__arm__core.a(tls.c.obj)
                0x0000000010010964                arch_tls_stack_setup
 .text._HandlerModeExit
                0x00000000100109a4       0x20 zephyr/arch/arch/arm/core/cortex_m/libarch__arm__core__cortex_m.a(exc_exit.c.obj)
                0x00000000100109a4                z_arm_int_exit
                0x00000000100109a4                z_arm_exc_exit
 .text.secure_fault.constprop.0
                0x00000000100109c4       0x74 zephyr/arch/arch/arm/core/cortex_m/libarch__arm__core__cortex_m.a(fault.c.obj)
 .text.usage_fault.constprop.0
                0x0000000010010a38       0x5c zephyr/arch/arch/arm/core/cortex_m/libarch__arm__core__cortex_m.a(fault.c.obj)
 .text.bus_fault.constprop.0
                0x0000000010010a94       0x6c zephyr/arch/arch/arm/core/cortex_m/libarch__arm__core__cortex_m.a(fault.c.obj)
 .text.mem_manage_fault.constprop.0
                0x0000000010010b00       0x78 zephyr/arch/arch/arm/core/cortex_m/libarch__arm__core__cortex_m.a(fault.c.obj)
 .text.z_arm_fault
                0x0000000010010b78      0x154 zephyr/arch/arch/arm/core/cortex_m/libarch__arm__core__cortex_m.a(fault.c.obj)
                0x0000000010010b78                z_arm_fault
 .text.z_arm_fault_init
                0x0000000010010ccc       0x18 zephyr/arch/arch/arm/core/cortex_m/libarch__arm__core__cortex_m.a(fault.c.obj)
                0x0000000010010ccc                z_arm_fault_init
 .text.__fault  0x0000000010010ce4       0x14 zephyr/arch/arch/arm/core/cortex_m/libarch__arm__core__cortex_m.a(fault_s.S.obj)
                0x0000000010010ce4                z_arm_bus_fault
                0x0000000010010ce4                z_arm_usage_fault
                0x0000000010010ce4                z_arm_mpu_fault
                0x0000000010010ce4                z_arm_exc_spurious
                0x0000000010010ce4                z_arm_debug_monitor
                0x0000000010010ce4                z_arm_hard_fault
                0x0000000010010ce4                z_arm_secure_fault
 .text._reset_section
                0x0000000010010cf8       0x60 zephyr/arch/arch/arm/core/cortex_m/libarch__arm__core__cortex_m.a(reset.S.obj)
                0x0000000010010cf8                __start
                0x0000000010010cf8                z_arm_reset
 .text.z_arm_clear_arm_mpu_config
                0x0000000010010d58       0x24 zephyr/arch/arch/arm/core/cortex_m/libarch__arm__core__cortex_m.a(scb.c.obj)
                0x0000000010010d58                z_arm_clear_arm_mpu_config
 .text.z_arm_init_arch_hw_at_boot
                0x0000000010010d7c       0x4c zephyr/arch/arch/arm/core/cortex_m/libarch__arm__core__cortex_m.a(scb.c.obj)
                0x0000000010010d7c                z_arm_init_arch_hw_at_boot
 .text.z_impl_k_thread_abort
                0x0000000010010dc8       0x2c zephyr/arch/arch/arm/core/cortex_m/libarch__arm__core__cortex_m.a(thread_abort.c.obj)
                0x0000000010010dc8                z_impl_k_thread_abort
 .text.z_arm_pendsv
                0x0000000010010df4       0x54 zephyr/arch/arch/arm/core/cortex_m/libarch__arm__core__cortex_m.a(swap_helper.S.obj)
                0x0000000010010df4                z_arm_pendsv
 .text.z_arm_svc
                0x0000000010010e48       0x24 zephyr/arch/arch/arm/core/cortex_m/libarch__arm__core__cortex_m.a(swap_helper.S.obj)
                0x0000000010010e48                z_arm_svc
 .text.arch_irq_enable
                0x0000000010010e6c       0x1c zephyr/arch/arch/arm/core/cortex_m/libarch__arm__core__cortex_m.a(irq_manage.c.obj)
                0x0000000010010e6c                arch_irq_enable
 .text.z_arm_irq_priority_set
                0x0000000010010e88       0x2c zephyr/arch/arch/arm/core/cortex_m/libarch__arm__core__cortex_m.a(irq_manage.c.obj)
                0x0000000010010e88                z_arm_irq_priority_set
 .text.z_prep_c
                0x0000000010010eb4       0x38 zephyr/arch/arch/arm/core/cortex_m/libarch__arm__core__cortex_m.a(prep_c.c.obj)
                0x0000000010010eb4                z_prep_c
 .text.arch_new_thread
                0x0000000010010eec       0x38 zephyr/arch/arch/arm/core/cortex_m/libarch__arm__core__cortex_m.a(thread.c.obj)
                0x0000000010010eec                arch_new_thread
 .text.arch_switch_to_main_thread
                0x0000000010010f24       0x38 zephyr/arch/arch/arm/core/cortex_m/libarch__arm__core__cortex_m.a(thread.c.obj)
                0x0000000010010f24                arch_switch_to_main_thread
 .text.z_arm_cpu_idle_init
                0x0000000010010f5c        0xc zephyr/arch/arch/arm/core/cortex_m/libarch__arm__core__cortex_m.a(cpu_idle.c.obj)
                0x0000000010010f5c                z_arm_cpu_idle_init
 .text.z_arm_interrupt_init
                0x0000000010010f68       0x18 zephyr/arch/arch/arm/core/cortex_m/libarch__arm__core__cortex_m.a(irq_init.c.obj)
                0x0000000010010f68                z_arm_interrupt_init
 .text._isr_wrapper
                0x0000000010010f80       0x24 zephyr/arch/arch/arm/core/cortex_m/libarch__arm__core__cortex_m.a(isr_wrapper.c.obj)
                0x0000000010010f80                _isr_wrapper
 .text.z_arm_configure_static_mpu_regions
                0x0000000010010fa4       0x38 zephyr/arch/arch/arm/core/mpu/libarch__arm__core__mpu.a(arm_core_mpu.c.obj)
                0x0000000010010fa4                z_arm_configure_static_mpu_regions
 .text.region_init
                0x0000000010010fdc       0x34 zephyr/arch/arch/arm/core/mpu/libarch__arm__core__mpu.a(arm_mpu.c.obj)
 .text.region_allocate_and_init
                0x0000000010011010       0x24 zephyr/arch/arch/arm/core/mpu/libarch__arm__core__mpu.a(arm_mpu.c.obj)
 .text.mpu_configure_regions_and_partition.constprop.0
                0x0000000010011034      0x148 zephyr/arch/arch/arm/core/mpu/libarch__arm__core__mpu.a(arm_mpu.c.obj)
 .text.arm_core_mpu_enable
                0x000000001001117c       0x18 zephyr/arch/arch/arm/core/mpu/libarch__arm__core__mpu.a(arm_mpu.c.obj)
                0x000000001001117c                arm_core_mpu_enable
 .text.arm_core_mpu_disable
                0x0000000010011194       0x14 zephyr/arch/arch/arm/core/mpu/libarch__arm__core__mpu.a(arm_mpu.c.obj)
                0x0000000010011194                arm_core_mpu_disable
 .text.arm_core_mpu_configure_static_mpu_regions
                0x00000000100111a8       0x14 zephyr/arch/arch/arm/core/mpu/libarch__arm__core__mpu.a(arm_mpu.c.obj)
                0x00000000100111a8                arm_core_mpu_configure_static_mpu_regions
 .text.arm_core_mpu_mark_areas_for_dynamic_regions
                0x00000000100111bc       0xb8 zephyr/arch/arch/arm/core/mpu/libarch__arm__core__mpu.a(arm_mpu.c.obj)
                0x00000000100111bc                arm_core_mpu_mark_areas_for_dynamic_regions
 .text.z_arm_mpu_init
                0x0000000010011274      0x11c zephyr/arch/arch/arm/core/mpu/libarch__arm__core__mpu.a(arm_mpu.c.obj)
                0x0000000010011274                z_arm_mpu_init
 .text.z_impl_zephyr_fputc
                0x0000000010011390       0x10 zephyr/lib/libc/picolibc/liblib__libc__picolibc.a(stdio.c.obj)
                0x0000000010011390                z_impl_zephyr_fputc
 .text.__stdout_hook_install
                0x00000000100113a0       0x18 zephyr/lib/libc/picolibc/liblib__libc__picolibc.a(stdio.c.obj)
                0x00000000100113a0                __stdout_hook_install
 .text.malloc_prepare
                0x00000000100113b8       0x24 zephyr/lib/libc/common/liblib__libc__common.a(malloc.c.obj)
 .text.uart_console_init
                0x00000000100113dc       0x28 zephyr/drivers/console/libdrivers__console.a(uart_console.c.obj)
 .text.console_out
                0x0000000010011404       0x28 zephyr/drivers/console/libdrivers__console.a(uart_console.c.obj)
 .text.pinctrl_configure_pins
                0x000000001001142c       0x40 zephyr/drivers/pinctrl/libdrivers__pinctrl.a(pinctrl_nxp_port.c.obj)
                0x000000001001142c                pinctrl_configure_pins
 .text.elapsed  0x000000001001146c       0x4c zephyr/drivers/timer/libdrivers__timer.a(cortex_m_systick.c.obj)
 .text.sys_clock_driver_init
                0x00000000100114b8       0x38 zephyr/drivers/timer/libdrivers__timer.a(cortex_m_systick.c.obj)
 .text.sys_clock_isr
                0x00000000100114f0       0x60 zephyr/drivers/timer/libdrivers__timer.a(cortex_m_systick.c.obj)
                0x00000000100114f0                sys_clock_isr
 .text.sys_clock_set_timeout
                0x0000000010011550       0xfc zephyr/drivers/timer/libdrivers__timer.a(cortex_m_systick.c.obj)
                0x0000000010011550                sys_clock_set_timeout
 .text.sys_clock_elapsed
                0x000000001001164c       0x3c zephyr/drivers/timer/libdrivers__timer.a(cortex_m_systick.c.obj)
                0x000000001001164c                sys_clock_elapsed
 .text.CLOCK_DeinitSysOsc
                0x0000000010011688       0x28 modules/hal_nxp/hal_nxp/lib..__modules__hal__nxp.a(fsl_clock.c.obj)
                0x0000000010011688                CLOCK_DeinitSysOsc
 .text.CLOCK_InitSysOsc
                0x00000000100116b0       0x34 modules/hal_nxp/hal_nxp/lib..__modules__hal__nxp.a(fsl_clock.c.obj)
                0x00000000100116b0                CLOCK_InitSysOsc
 .text.CLOCK_GetSysOscFreq
                0x00000000100116e4       0x1c modules/hal_nxp/hal_nxp/lib..__modules__hal__nxp.a(fsl_clock.c.obj)
                0x00000000100116e4                CLOCK_GetSysOscFreq
 .text.CLOCK_DeinitSirc
                0x0000000010011700       0x24 modules/hal_nxp/hal_nxp/lib..__modules__hal__nxp.a(fsl_clock.c.obj)
                0x0000000010011700                CLOCK_DeinitSirc
 .text.CLOCK_InitSirc
                0x0000000010011724       0x20 modules/hal_nxp/hal_nxp/lib..__modules__hal__nxp.a(fsl_clock.c.obj)
                0x0000000010011724                CLOCK_InitSirc
 .text.CLOCK_GetSircFreq
                0x0000000010011744       0x1c modules/hal_nxp/hal_nxp/lib..__modules__hal__nxp.a(fsl_clock.c.obj)
                0x0000000010011744                CLOCK_GetSircFreq
 .text.CLOCK_DeinitFirc
                0x0000000010011760       0x28 modules/hal_nxp/hal_nxp/lib..__modules__hal__nxp.a(fsl_clock.c.obj)
                0x0000000010011760                CLOCK_DeinitFirc
 .text.CLOCK_InitFirc
                0x0000000010011788       0x78 modules/hal_nxp/hal_nxp/lib..__modules__hal__nxp.a(fsl_clock.c.obj)
                0x0000000010011788                CLOCK_InitFirc
 .text.CLOCK_GetFircFreq
                0x0000000010011800       0x24 modules/hal_nxp/hal_nxp/lib..__modules__hal__nxp.a(fsl_clock.c.obj)
                0x0000000010011800                CLOCK_GetFircFreq
 .text.CLOCK_GetRtcOscFreq
                0x0000000010011824       0x1c modules/hal_nxp/hal_nxp/lib..__modules__hal__nxp.a(fsl_clock.c.obj)
                0x0000000010011824                CLOCK_GetRtcOscFreq
 .text.CLOCK_GetSysClkFreq
                0x0000000010011840       0x60 modules/hal_nxp/hal_nxp/lib..__modules__hal__nxp.a(fsl_clock.c.obj)
                0x0000000010011840                CLOCK_GetSysClkFreq
 .text.SystemInit
                0x00000000100118a0       0x4c modules/hal_nxp/hal_nxp/lib..__modules__hal__nxp.a(system_MCXW716C.c.obj)
                0x00000000100118a0                SystemInit
 .text.LPUART_GetInstance
                0x00000000100118ec       0x30 modules/hal_nxp/hal_nxp/lib..__modules__hal__nxp.a(fsl_lpuart.c.obj)
                0x00000000100118ec                LPUART_GetInstance
 .text.LPUART_Init
                0x000000001001191c      0x1c0 modules/hal_nxp/hal_nxp/lib..__modules__hal__nxp.a(fsl_lpuart.c.obj)
                0x000000001001191c                LPUART_Init
 .text.LPUART_Deinit
                0x0000000010011adc       0x44 modules/hal_nxp/hal_nxp/lib..__modules__hal__nxp.a(fsl_lpuart.c.obj)
                0x0000000010011adc                LPUART_Deinit
 .text.LPUART_GetStatusFlags
                0x0000000010011b20       0x18 modules/hal_nxp/hal_nxp/lib..__modules__hal__nxp.a(fsl_lpuart.c.obj)
                0x0000000010011b20                LPUART_GetStatusFlags
 .text.LPUART_ClearStatusFlags
                0x0000000010011b38       0x3c modules/hal_nxp/hal_nxp/lib..__modules__hal__nxp.a(fsl_lpuart.c.obj)
                0x0000000010011b38                LPUART_ClearStatusFlags
 .text.z_fatal_error
                0x0000000010011b74       0x30 zephyr/kernel/libkernel.a(fatal.c.obj)
                0x0000000010011b74                z_fatal_error
 .text.z_sys_init_run_level
                0x0000000010011ba4       0x2c zephyr/kernel/libkernel.a(init.c.obj)
 .text.bg_thread_main
                0x0000000010011bd0       0xc4 zephyr/kernel/libkernel.a(init.c.obj)
 .text.z_bss_zero
                0x0000000010011c94       0x18 zephyr/kernel/libkernel.a(init.c.obj)
                0x0000000010011c94                z_bss_zero
 .text.z_init_cpu
                0x0000000010011cac       0x68 zephyr/kernel/libkernel.a(init.c.obj)
                0x0000000010011cac                z_init_cpu
 .text.z_cstart
                0x0000000010011d14       0xe4 zephyr/kernel/libkernel.a(init.c.obj)
                0x0000000010011d14                z_cstart
 .text.z_setup_new_thread
                0x0000000010011df8       0x7c zephyr/kernel/libkernel.a(thread.c.obj)
                0x0000000010011df8                z_setup_new_thread
 .text.z_dummy_thread_init
                0x0000000010011e74       0x18 zephyr/kernel/libkernel.a(thread.c.obj)
                0x0000000010011e74                z_dummy_thread_init
 .text.z_swap_irqlock
                0x0000000010011e8c       0x30 zephyr/kernel/libkernel.a(sched.c.obj)
 .text.ready_thread
                0x0000000010011ebc       0x84 zephyr/kernel/libkernel.a(sched.c.obj)
 .text.unready_thread
                0x0000000010011f40       0x54 zephyr/kernel/libkernel.a(sched.c.obj)
 .text.move_thread_to_end_of_prio_q
                0x0000000010011f94       0x90 zephyr/kernel/libkernel.a(sched.c.obj)
                0x0000000010011f94                move_thread_to_end_of_prio_q
 .text.z_reschedule
                0x0000000010012024       0x24 zephyr/kernel/libkernel.a(sched.c.obj)
                0x0000000010012024                z_reschedule
 .text.z_reschedule_irqlock
                0x0000000010012048       0x28 zephyr/kernel/libkernel.a(sched.c.obj)
                0x0000000010012048                z_reschedule_irqlock
 .text.k_sched_lock
                0x0000000010012070       0x28 zephyr/kernel/libkernel.a(sched.c.obj)
                0x0000000010012070                k_sched_lock
 .text.k_sched_unlock
                0x0000000010012098       0x68 zephyr/kernel/libkernel.a(sched.c.obj)
                0x0000000010012098                k_sched_unlock
 .text.z_sched_init
                0x0000000010012100       0x10 zephyr/kernel/libkernel.a(sched.c.obj)
                0x0000000010012100                z_sched_init
 .text.z_impl_k_yield
                0x0000000010012110       0x88 zephyr/kernel/libkernel.a(sched.c.obj)
                0x0000000010012110                z_impl_k_yield
 .text.z_tick_sleep
                0x0000000010012198       0x80 zephyr/kernel/libkernel.a(sched.c.obj)
 .text.z_impl_k_wakeup
                0x0000000010012218       0x48 zephyr/kernel/libkernel.a(sched.c.obj)
                0x0000000010012218                z_impl_k_wakeup
 .text.z_impl_k_sched_current_thread_query
                0x0000000010012260        0xc zephyr/kernel/libkernel.a(sched.c.obj)
                0x0000000010012260                z_impl_k_sched_current_thread_query
 .text.z_thread_abort
                0x000000001001226c      0x138 zephyr/kernel/libkernel.a(sched.c.obj)
                0x000000001001226c                z_thread_abort
 .text.slice_timeout
                0x00000000100123a4       0x20 zephyr/kernel/libkernel.a(timeslicing.c.obj)
 .text.thread_is_sliceable
                0x00000000100123c4       0x3c zephyr/kernel/libkernel.a(timeslicing.c.obj)
                0x00000000100123c4                thread_is_sliceable
 .text.z_reset_time_slice
                0x0000000010012400       0x50 zephyr/kernel/libkernel.a(timeslicing.c.obj)
                0x0000000010012400                z_reset_time_slice
 .text.z_time_slice
                0x0000000010012450       0x60 zephyr/kernel/libkernel.a(timeslicing.c.obj)
                0x0000000010012450                z_time_slice
 .text.z_data_copy
                0x00000000100124b0       0x38 zephyr/kernel/libkernel.a(xip.c.obj)
                0x00000000100124b0                z_data_copy
 .text.first    0x00000000100124e8       0x10 zephyr/kernel/libkernel.a(timeout.c.obj)
 .text.elapsed  0x00000000100124f8       0x14 zephyr/kernel/libkernel.a(timeout.c.obj)
 .text.remove_timeout
                0x000000001001250c       0x38 zephyr/kernel/libkernel.a(timeout.c.obj)
 .text.z_add_timeout
                0x0000000010012544       0xec zephyr/kernel/libkernel.a(timeout.c.obj)
                0x0000000010012544                z_add_timeout
 .text.sys_clock_announce
                0x0000000010012630       0xbc zephyr/kernel/libkernel.a(timeout.c.obj)
                0x0000000010012630                sys_clock_announce
 .text.sys_clock_tick_get
                0x00000000100126ec       0x30 zephyr/kernel/libkernel.a(timeout.c.obj)
                0x00000000100126ec                sys_clock_tick_get
 .text.boot_banner
                0x000000001001271c        0xc zephyr/kernel/libkernel.a(banner.c.obj)
                0x000000001001271c                boot_banner
 .text.__l_vfprintf
                0x0000000010012728      0x4b4 c:\users\cjwsa\zephyr-sdk-0.17.0\arm-zephyr-eabi\bin\../lib/gcc/../../picolibc/arm-zephyr-eabi/lib/thumb/v8-m.main/nofp\libc.a(libc_tinystdio_vflprintf.c.o)
                0x0000000010012728                __l_vfprintf
 .text._OffsetAbsSyms
                0x0000000010012bdc        0x2 zephyr/CMakeFiles/offsets.dir/./arch/arm/core/offsets/offsets.c.obj
                0x0000000010012bdc                _OffsetAbsSyms
 .text.chunk_size
                0x0000000010012bde        0xa zephyr/libzephyr.a(heap.c.obj)
 .text.free_list_add
                0x0000000010012be8       0x4e zephyr/libzephyr.a(heap.c.obj)
 .text.sys_heap_init
                0x0000000010012c36       0x7a zephyr/libzephyr.a(heap.c.obj)
                0x0000000010012c36                sys_heap_init
 .text.arch_printk_char_out
                0x0000000010012cb0        0x4 zephyr/libzephyr.a(printk.c.obj)
                0x0000000010012cb0                arch_printk_char_out
 .text.printk   0x0000000010012cb4       0x1a zephyr/libzephyr.a(printk.c.obj)
                0x0000000010012cb4                printk
 .text._ConfigAbsSyms
                0x0000000010012cce        0x2 zephyr/libzephyr.a(configs.c.obj)
                0x0000000010012cce                _ConfigAbsSyms
 .text.CLOCK_EnableClock
                0x0000000010012cd0       0x2e zephyr/libzephyr.a(soc.c.obj)
 .text.CLOCK_SetIpSrc.part.0.constprop.0
                0x0000000010012cfe       0x18 zephyr/libzephyr.a(soc.c.obj)
 .text.z_arm_fatal_error
                0x0000000010012d16        0xc zephyr/arch/arch/arm/core/libarch__arm__core.a(fatal.c.obj)
                0x0000000010012d16                z_arm_fatal_error
 .text.z_do_kernel_oops
                0x0000000010012d22        0x8 zephyr/arch/arch/arm/core/libarch__arm__core.a(fatal.c.obj)
                0x0000000010012d22                z_do_kernel_oops
 .text.z_arm_nmi
                0x0000000010012d2a        0xe zephyr/arch/arch/arm/core/libarch__arm__core.a(nmi.c.obj)
                0x0000000010012d2a                z_arm_nmi
 .text.z_irq_spurious
                0x0000000010012d38        0x8 zephyr/arch/arch/arm/core/cortex_m/libarch__arm__core__cortex_m.a(irq_manage.c.obj)
                0x0000000010012d38                z_irq_spurious
 .text.arch_irq_unlock_outlined
                0x0000000010012d40        0xe zephyr/arch/arch/arm/core/cortex_m/libarch__arm__core__cortex_m.a(thread.c.obj)
                0x0000000010012d40                arch_irq_unlock_outlined
 .text.arch_cpu_idle
                0x0000000010012d4e       0x1a zephyr/arch/arch/arm/core/cortex_m/libarch__arm__core__cortex_m.a(cpu_idle.c.obj)
                0x0000000010012d4e                arch_cpu_idle
 .text.arm_cmse_mpu_region_get
                0x0000000010012d68       0x12 zephyr/arch/arch/arm/core/cortex_m/cmse/libarch__arm__core__cortex_m__cmse.a(arm_core_cmse.c.obj)
                0x0000000010012d68                arm_cmse_mpu_region_get
 .text.mpu_configure_region
                0x0000000010012d7a       0x32 zephyr/arch/arch/arm/core/mpu/libarch__arm__core__mpu.a(arm_mpu.c.obj)
 .text.picolibc_put
                0x0000000010012dac        0xa zephyr/lib/libc/picolibc/liblib__libc__picolibc.a(stdio.c.obj)
 .text.mcux_scg_k4_on
                0x0000000010012db6        0x4 zephyr/drivers/clock_control/libdrivers__clock_control.a(clock_control_mcux_scg_k4.c.obj)
 .text.mcux_scg_k4_get_rate
                0x0000000010012dba       0x1a zephyr/drivers/clock_control/libdrivers__clock_control.a(clock_control_mcux_scg_k4.c.obj)
 .text.mcux_scg_k4_off
                0x0000000010012dd4        0x4 zephyr/drivers/clock_control/libdrivers__clock_control.a(clock_control_mcux_scg_k4.c.obj)
 .text.gpio_mcux_port_configure
                0x0000000010012dd8       0xa0 zephyr/drivers/gpio/libdrivers__gpio.a(gpio_mcux.c.obj)
 .text.gpio_mcux_port_get_raw
                0x0000000010012e78        0xc zephyr/drivers/gpio/libdrivers__gpio.a(gpio_mcux.c.obj)
 .text.gpio_mcux_port_set_masked_raw
                0x0000000010012e84       0x12 zephyr/drivers/gpio/libdrivers__gpio.a(gpio_mcux.c.obj)
 .text.gpio_mcux_port_set_bits_raw
                0x0000000010012e96        0xa zephyr/drivers/gpio/libdrivers__gpio.a(gpio_mcux.c.obj)
 .text.gpio_mcux_port_clear_bits_raw
                0x0000000010012ea0        0xa zephyr/drivers/gpio/libdrivers__gpio.a(gpio_mcux.c.obj)
 .text.gpio_mcux_port_toggle_bits
                0x0000000010012eaa        0xa zephyr/drivers/gpio/libdrivers__gpio.a(gpio_mcux.c.obj)
 .text.gpio_mcux_manage_callback
                0x0000000010012eb4       0x52 zephyr/drivers/gpio/libdrivers__gpio.a(gpio_mcux.c.obj)
 .text.gpio_mcux_port0_init
                0x0000000010012f06       0x16 zephyr/drivers/gpio/libdrivers__gpio.a(gpio_mcux.c.obj)
 .text.gpio_mcux_pin_interrupt_configure
                0x0000000010012f1c       0x7a zephyr/drivers/gpio/libdrivers__gpio.a(gpio_mcux.c.obj)
 .text.gpio_mcux_port_isr
                0x0000000010012f96       0x36 zephyr/drivers/gpio/libdrivers__gpio.a(gpio_mcux.c.obj)
 .text.pinctrl_lookup_state
                0x0000000010012fcc       0x26 zephyr/drivers/pinctrl/libdrivers__pinctrl.a(common.c.obj)
                0x0000000010012fcc                pinctrl_lookup_state
 .text.pinctrl_mcux_init
                0x0000000010012ff2       0x26 zephyr/drivers/pinctrl/libdrivers__pinctrl.a(pinctrl_nxp_port.c.obj)
 .text.mcux_lpuart_config_get
                0x0000000010013018       0x10 zephyr/drivers/serial/libdrivers__serial.a(uart_mcux_lpuart.c.obj)
 .text.mcux_lpuart_poll_out
                0x0000000010013028       0x2c zephyr/drivers/serial/libdrivers__serial.a(uart_mcux_lpuart.c.obj)
 .text.mcux_lpuart_poll_in
                0x0000000010013054       0x40 zephyr/drivers/serial/libdrivers__serial.a(uart_mcux_lpuart.c.obj)
 .text.mcux_lpuart_err_check
                0x0000000010013094       0x34 zephyr/drivers/serial/libdrivers__serial.a(uart_mcux_lpuart.c.obj)
 .text.mcux_lpuart_configure_init
                0x00000000100130c8      0x144 zephyr/drivers/serial/libdrivers__serial.a(uart_mcux_lpuart.c.obj)
 .text.pinctrl_apply_state.constprop.0
                0x000000001001320c       0x20 zephyr/drivers/serial/libdrivers__serial.a(uart_mcux_lpuart.c.obj)
 .text.mcux_lpuart_init
                0x000000001001322c       0x42 zephyr/drivers/serial/libdrivers__serial.a(uart_mcux_lpuart.c.obj)
 .text.mcux_lpuart_configure
                0x000000001001326e       0x30 zephyr/drivers/serial/libdrivers__serial.a(uart_mcux_lpuart.c.obj)
 .text.CLOCK_GetFreq
                0x000000001001329e       0x34 modules/hal_nxp/hal_nxp/lib..__modules__hal__nxp.a(fsl_clock.c.obj)
                0x000000001001329e                CLOCK_GetFreq
 .text.SystemInitHook
                0x00000000100132d2        0x2 modules/hal_nxp/hal_nxp/lib..__modules__hal__nxp.a(system_MCXW716C.c.obj)
                0x00000000100132d2                SystemInitHook
 .text.LPUART_GetDefaultConfig
                0x00000000100132d4       0x16 modules/hal_nxp/hal_nxp/lib..__modules__hal__nxp.a(fsl_lpuart.c.obj)
                0x00000000100132d4                LPUART_GetDefaultConfig
 .text.CCM32K_Enable32kFro
                0x00000000100132ea       0x18 modules/hal_nxp/hal_nxp/lib..__modules__hal__nxp.a(fsl_ccm32k.c.obj)
                0x00000000100132ea                CCM32K_Enable32kFro
 .text.CCM32K_Set32kOscConfig
                0x0000000010013302       0x5e modules/hal_nxp/hal_nxp/lib..__modules__hal__nxp.a(fsl_ccm32k.c.obj)
                0x0000000010013302                CCM32K_Set32kOscConfig
 .text.z_device_state_init
                0x0000000010013360        0x2 zephyr/kernel/libkernel.a(device.c.obj)
                0x0000000010013360                z_device_state_init
 .text.z_impl_device_is_ready
                0x0000000010013362       0x16 zephyr/kernel/libkernel.a(device.c.obj)
                0x0000000010013362                z_impl_device_is_ready
 .text.arch_system_halt
                0x0000000010013378       0x10 zephyr/kernel/libkernel.a(fatal.c.obj)
                0x0000000010013378                arch_system_halt
 .text.k_sys_fatal_error_handler
                0x0000000010013388        0x6 zephyr/kernel/libkernel.a(fatal.c.obj)
                0x0000000010013388                k_sys_fatal_error_handler
 .text.do_device_init
                0x000000001001338e       0x30 zephyr/kernel/libkernel.a(init.c.obj)
 .text.z_early_memset
                0x00000000100133be        0x4 zephyr/kernel/libkernel.a(init.c.obj)
                0x00000000100133be                z_early_memset
 .text.z_early_memcpy
                0x00000000100133c2        0x4 zephyr/kernel/libkernel.a(init.c.obj)
                0x00000000100133c2                z_early_memcpy
 .text.z_init_static
                0x00000000100133c6        0x2 zephyr/kernel/libkernel.a(init_static.c.obj)
                0x00000000100133c6                z_init_static
 .text.idle     0x00000000100133c8       0x16 zephyr/kernel/libkernel.a(idle.c.obj)
                0x00000000100133c8                idle
 .text.sys_dlist_remove
                0x00000000100133de       0x10 zephyr/kernel/libkernel.a(sched.c.obj)
 .text.unpend_thread_no_timeout
                0x00000000100133ee       0x14 zephyr/kernel/libkernel.a(sched.c.obj)
 .text.z_ready_thread
                0x0000000010013402       0x1e zephyr/kernel/libkernel.a(sched.c.obj)
                0x0000000010013402                z_ready_thread
 .text.z_sched_wake_thread
                0x0000000010013420       0x3a zephyr/kernel/libkernel.a(sched.c.obj)
                0x0000000010013420                z_sched_wake_thread
 .text.z_thread_timeout
                0x000000001001345a        0x8 zephyr/kernel/libkernel.a(sched.c.obj)
                0x000000001001345a                z_thread_timeout
 .text.z_impl_k_sleep
                0x0000000010013462       0x32 zephyr/kernel/libkernel.a(sched.c.obj)
                0x0000000010013462                z_impl_k_sleep
 .text.next_timeout
                0x0000000010013494       0x32 zephyr/kernel/libkernel.a(timeout.c.obj)
 .text.z_abort_timeout
                0x00000000100134c6       0x42 zephyr/kernel/libkernel.a(timeout.c.obj)
                0x00000000100134c6                z_abort_timeout
 .text.sys_clock_tick_get_32
                0x0000000010013508        0x8 zephyr/kernel/libkernel.a(timeout.c.obj)
                0x0000000010013508                sys_clock_tick_get_32
 .text.memcpy   0x0000000010013510       0x1a c:\users\cjwsa\zephyr-sdk-0.17.0\arm-zephyr-eabi\bin\../lib/gcc/../../picolibc/arm-zephyr-eabi/lib/thumb/v8-m.main/nofp\libc.a(memcpy.c.o)
                0x0000000010013510                __aeabi_memcpy
                0x0000000010013510                __aeabi_memcpy4
                0x0000000010013510                __aeabi_memcpy8
                0x0000000010013510                memcpy
 .text.memset   0x000000001001352a       0x10 c:\users\cjwsa\zephyr-sdk-0.17.0\arm-zephyr-eabi\bin\../lib/gcc/../../picolibc/arm-zephyr-eabi/lib/thumb/v8-m.main/nofp\libc.a(memset.c.o)
                0x000000001001352a                memset
 .text.strnlen  0x000000001001353a       0x18 c:\users\cjwsa\zephyr-sdk-0.17.0\arm-zephyr-eabi\bin\../lib/gcc/../../picolibc/arm-zephyr-eabi/lib/thumb/v8-m.main/nofp\libc.a(libc_string_strnlen.c.o)
                0x000000001001353a                strnlen
 .text.__ultoa_invert
                0x0000000010013552       0xac c:\users\cjwsa\zephyr-sdk-0.17.0\arm-zephyr-eabi\bin\../lib/gcc/../../picolibc/arm-zephyr-eabi/lib/thumb/v8-m.main/nofp\libc.a(libc_tinystdio_vflprintf.c.o)
 *(SORT_BY_ALIGNMENT(.TEXT.*))
 *fill*         0x00000000100135fe        0x2 
 .TEXT.__aeabi_read_tp
                0x0000000010013600        0xc zephyr/arch/arch/arm/core/cortex_m/libarch__arm__core__cortex_m.a(__aeabi_read_tp.S.obj)
                0x0000000010013600                __aeabi_read_tp
 *(SORT_BY_ALIGNMENT(.gnu.linkonce.t.*))
 *(SORT_BY_ALIGNMENT(.glue_7t))
 .glue_7t       0x000000001001360c        0x0 linker stubs
 *(SORT_BY_ALIGNMENT(.glue_7))
 .glue_7        0x000000001001360c        0x0 linker stubs
 *(SORT_BY_ALIGNMENT(.vfp11_veneer))
 .vfp11_veneer  0x000000001001360c        0x0 linker stubs
 *(SORT_BY_ALIGNMENT(.v4_bx))
 .v4_bx         0x000000001001360c        0x0 linker stubs
                0x000000001001360c                . = ALIGN (0x4)
                0x000000001001360c                __text_region_end = .

.ARM.exidx      0x000000001001360c        0x8
                0x000000001001360c                __exidx_start = .
 *(SORT_BY_ALIGNMENT(.ARM.exidx*) SORT_BY_ALIGNMENT(gnu.linkonce.armexidx.*))
 .ARM.exidx     0x000000001001360c        0x8 c:/users/cjwsa/zephyr-sdk-0.17.0/arm-zephyr-eabi/bin/../lib/gcc/arm-zephyr-eabi/12.2.0/thumb/v8-m.main/nofp\libgcc.a(_udivmoddi4.o)
                0x0000000010013614                __exidx_end = .
                0x0000000010013614                __rodata_region_start = .

initlevel       0x0000000010013614       0x58
                0x0000000010013614                __init_start = .
                0x0000000010013614                __init_EARLY_start = .
 *(SORT_BY_NAME(SORT_BY_ALIGNMENT(.z_init_EARLY?_*)))
 *(SORT_BY_NAME(SORT_BY_ALIGNMENT(.z_init_EARLY??_*)))
                0x0000000010013614                __init_PRE_KERNEL_1_start = .
 *(SORT_BY_NAME(SORT_BY_ALIGNMENT(.z_init_PRE_KERNEL_1?_*)))
 *(SORT_BY_NAME(SORT_BY_ALIGNMENT(.z_init_PRE_KERNEL_1??_*)))
 .z_init_PRE_KERNEL_130_00011_
                0x0000000010013614        0x8 zephyr/drivers/clock_control/libdrivers__clock_control.a(clock_control_mcux_scg_k4.c.obj)
 .z_init_PRE_KERNEL_140_00012_
                0x000000001001361c        0x8 zephyr/drivers/pinctrl/libdrivers__pinctrl.a(pinctrl_nxp_port.c.obj)
 .z_init_PRE_KERNEL_140_00046_
                0x0000000010013624        0x8 zephyr/drivers/pinctrl/libdrivers__pinctrl.a(pinctrl_nxp_port.c.obj)
 .z_init_PRE_KERNEL_140_00048_
                0x000000001001362c        0x8 zephyr/drivers/pinctrl/libdrivers__pinctrl.a(pinctrl_nxp_port.c.obj)
 .z_init_PRE_KERNEL_140_00055_
                0x0000000010013634        0x8 zephyr/drivers/pinctrl/libdrivers__pinctrl.a(pinctrl_nxp_port.c.obj)
 .z_init_PRE_KERNEL_150_00064_
                0x000000001001363c        0x8 zephyr/drivers/serial/libdrivers__serial.a(uart_mcux_lpuart.c.obj)
 .z_init_PRE_KERNEL_150_00065_
                0x0000000010013644        0x8 zephyr/drivers/serial/libdrivers__serial.a(uart_mcux_lpuart.c.obj)
 .z_init_PRE_KERNEL_160_0_
                0x000000001001364c        0x8 zephyr/drivers/console/libdrivers__console.a(uart_console.c.obj)
                0x0000000010013654                __init_PRE_KERNEL_2_start = .
 *(SORT_BY_NAME(SORT_BY_ALIGNMENT(.z_init_PRE_KERNEL_2?_*)))
 .z_init_PRE_KERNEL_20_0_
                0x0000000010013654        0x8 zephyr/drivers/timer/libdrivers__timer.a(cortex_m_systick.c.obj)
 *(SORT_BY_NAME(SORT_BY_ALIGNMENT(.z_init_PRE_KERNEL_2??_*)))
                0x000000001001365c                __init_POST_KERNEL_start = .
 *(SORT_BY_NAME(SORT_BY_ALIGNMENT(.z_init_POST_KERNEL?_*)))
 *(SORT_BY_NAME(SORT_BY_ALIGNMENT(.z_init_POST_KERNEL??_*)))
 .z_init_POST_KERNEL35_0_
                0x000000001001365c        0x8 zephyr/lib/libc/common/liblib__libc__common.a(malloc.c.obj)
 .z_init_POST_KERNEL40_00013_
                0x0000000010013664        0x8 zephyr/drivers/gpio/libdrivers__gpio.a(gpio_mcux.c.obj)
                0x000000001001366c                __init_APPLICATION_start = .
 *(SORT_BY_NAME(SORT_BY_ALIGNMENT(.z_init_APPLICATION?_*)))
 *(SORT_BY_NAME(SORT_BY_ALIGNMENT(.z_init_APPLICATION??_*)))
                0x000000001001366c                __init_SMP_start = .
 *(SORT_BY_NAME(SORT_BY_ALIGNMENT(.z_init_SMP?_*)))
 *(SORT_BY_NAME(SORT_BY_ALIGNMENT(.z_init_SMP??_*)))
                0x000000001001366c                __init_end = .
                0x000000001001366c                __deferred_init_list_start = .
 *(SORT_BY_ALIGNMENT(.z_deferred_init*))
                0x000000001001366c                __deferred_init_list_end = .

device_area     0x000000001001366c       0xa0
                0x000000001001366c                _device_list_start = .
 *(SORT_BY_NAME(SORT_BY_ALIGNMENT(._device.static.*_?_*)))
 *(SORT_BY_NAME(SORT_BY_ALIGNMENT(._device.static.*_??_*)))
 ._device.static.1_30_
                0x000000001001366c       0x14 zephyr/drivers/clock_control/libdrivers__clock_control.a(clock_control_mcux_scg_k4.c.obj)
                0x000000001001366c                __device_dts_ord_11
 ._device.static.1_40_
                0x0000000010013680       0x50 zephyr/drivers/pinctrl/libdrivers__pinctrl.a(pinctrl_nxp_port.c.obj)
                0x0000000010013680                __device_dts_ord_55
                0x0000000010013694                __device_dts_ord_12
                0x00000000100136a8                __device_dts_ord_48
                0x00000000100136bc                __device_dts_ord_46
 ._device.static.1_50_
                0x00000000100136d0       0x28 zephyr/drivers/serial/libdrivers__serial.a(uart_mcux_lpuart.c.obj)
                0x00000000100136d0                __device_dts_ord_65
                0x00000000100136e4                __device_dts_ord_64
 ._device.static.3_40_
                0x00000000100136f8       0x14 zephyr/drivers/gpio/libdrivers__gpio.a(gpio_mcux.c.obj)
                0x00000000100136f8                __device_dts_ord_13
 *(SORT_BY_NAME(SORT_BY_ALIGNMENT(._device.static.*_???_*)))
 *(SORT_BY_NAME(SORT_BY_ALIGNMENT(._device.static.*_????_*)))
 *(SORT_BY_NAME(SORT_BY_ALIGNMENT(._device.static.*_?????_*)))
                0x000000001001370c                _device_list_end = .

sw_isr_table    0x000000001001370c      0x258
                0x000000001001370c                . = ALIGN (0x4)
 *(SORT_BY_ALIGNMENT(.gnu.linkonce.sw_isr_table*))
 .gnu.linkonce.sw_isr_table
                0x000000001001370c      0x258 zephyr/CMakeFiles/zephyr_final.dir/isr_tables.c.obj
                0x000000001001370c                _sw_isr_table

initlevel_error
                0x0000000010013614        0x0
 *(SORT_BY_NAME(SORT_BY_ALIGNMENT(.z_init_[_A-Z0-9]*)))
                0x0000000000000001                ASSERT ((SIZEOF (initlevel_error) == 0x0), Undefined initialization levels used.)

app_shmem_regions
                0x0000000010013964        0x0
                0x0000000010013964                __app_shmem_regions_start = .
 *(SORT_BY_NAME(SORT_BY_ALIGNMENT(.app_regions.*)))
                0x0000000010013964                __app_shmem_regions_end = .

k_p4wq_initparam_area
                0x0000000010013964        0x0
                0x0000000010013964                _k_p4wq_initparam_list_start = .
 *(SORT_BY_NAME(SORT_BY_ALIGNMENT(._k_p4wq_initparam.static.*)))
                0x0000000010013964                _k_p4wq_initparam_list_end = .

_static_thread_data_area
                0x0000000010013964        0x0
                0x0000000010013964                __static_thread_data_list_start = .
 *(SORT_BY_NAME(SORT_BY_ALIGNMENT(.__static_thread_data.static.*)))
                0x0000000010013964                __static_thread_data_list_end = .

device_deps     0x0000000010013964        0x0
                0x0000000010013964                __device_deps_start = .
 *(SORT_BY_NAME(SORT_BY_ALIGNMENT(.__device_deps_pass2*)))
                0x0000000010013964                __device_deps_end = .

gpio_driver_api_area
                0x0000000010013964       0x24
                0x0000000010013964                _gpio_driver_api_list_start = .
 *(SORT_BY_NAME(SORT_BY_ALIGNMENT(._gpio_driver_api.static.*)))
 ._gpio_driver_api.static.gpio_mcux_driver_api_
                0x0000000010013964       0x24 zephyr/drivers/gpio/libdrivers__gpio.a(gpio_mcux.c.obj)
                0x0000000010013988                _gpio_driver_api_list_end = .

shared_irq_driver_api_area
                0x0000000010013988        0x0
                0x0000000010013988                _shared_irq_driver_api_list_start = .
 *(SORT_BY_NAME(SORT_BY_ALIGNMENT(._shared_irq_driver_api.static.*)))
                0x0000000010013988                _shared_irq_driver_api_list_end = .

crypto_driver_api_area
                0x0000000010013988        0x0
                0x0000000010013988                _crypto_driver_api_list_start = .
 *(SORT_BY_NAME(SORT_BY_ALIGNMENT(._crypto_driver_api.static.*)))
                0x0000000010013988                _crypto_driver_api_list_end = .

adc_driver_api_area
                0x0000000010013988        0x0
                0x0000000010013988                _adc_driver_api_list_start = .
 *(SORT_BY_NAME(SORT_BY_ALIGNMENT(._adc_driver_api.static.*)))
                0x0000000010013988                _adc_driver_api_list_end = .

auxdisplay_driver_api_area
                0x0000000010013988        0x0
                0x0000000010013988                _auxdisplay_driver_api_list_start = .
 *(SORT_BY_NAME(SORT_BY_ALIGNMENT(._auxdisplay_driver_api.static.*)))
                0x0000000010013988                _auxdisplay_driver_api_list_end = .

bbram_driver_api_area
                0x0000000010013988        0x0
                0x0000000010013988                _bbram_driver_api_list_start = .
 *(SORT_BY_NAME(SORT_BY_ALIGNMENT(._bbram_driver_api.static.*)))
                0x0000000010013988                _bbram_driver_api_list_end = .

bt_hci_driver_api_area
                0x0000000010013988        0x0
                0x0000000010013988                _bt_hci_driver_api_list_start = .
 *(SORT_BY_NAME(SORT_BY_ALIGNMENT(._bt_hci_driver_api.static.*)))
                0x0000000010013988                _bt_hci_driver_api_list_end = .

can_driver_api_area
                0x0000000010013988        0x0
                0x0000000010013988                _can_driver_api_list_start = .
 *(SORT_BY_NAME(SORT_BY_ALIGNMENT(._can_driver_api.static.*)))
                0x0000000010013988                _can_driver_api_list_end = .

cellular_driver_api_area
                0x0000000010013988        0x0
                0x0000000010013988                _cellular_driver_api_list_start = .
 *(SORT_BY_NAME(SORT_BY_ALIGNMENT(._cellular_driver_api.static.*)))
                0x0000000010013988                _cellular_driver_api_list_end = .

charger_driver_api_area
                0x0000000010013988        0x0
                0x0000000010013988                _charger_driver_api_list_start = .
 *(SORT_BY_NAME(SORT_BY_ALIGNMENT(._charger_driver_api.static.*)))
                0x0000000010013988                _charger_driver_api_list_end = .

clock_control_driver_api_area
                0x0000000010013988       0x1c
                0x0000000010013988                _clock_control_driver_api_list_start = .
 *(SORT_BY_NAME(SORT_BY_ALIGNMENT(._clock_control_driver_api.static.*)))
 ._clock_control_driver_api.static.mcux_scg_driver_api_
                0x0000000010013988       0x1c zephyr/drivers/clock_control/libdrivers__clock_control.a(clock_control_mcux_scg_k4.c.obj)
                0x00000000100139a4                _clock_control_driver_api_list_end = .

comparator_driver_api_area
                0x00000000100139a4        0x0
                0x00000000100139a4                _comparator_driver_api_list_start = .
 *(SORT_BY_NAME(SORT_BY_ALIGNMENT(._comparator_driver_api.static.*)))
                0x00000000100139a4                _comparator_driver_api_list_end = .

coredump_driver_api_area
                0x00000000100139a4        0x0
                0x00000000100139a4                _coredump_driver_api_list_start = .
 *(SORT_BY_NAME(SORT_BY_ALIGNMENT(._coredump_driver_api.static.*)))
                0x00000000100139a4                _coredump_driver_api_list_end = .

counter_driver_api_area
                0x00000000100139a4        0x0
                0x00000000100139a4                _counter_driver_api_list_start = .
 *(SORT_BY_NAME(SORT_BY_ALIGNMENT(._counter_driver_api.static.*)))
                0x00000000100139a4                _counter_driver_api_list_end = .

dac_driver_api_area
                0x00000000100139a4        0x0
                0x00000000100139a4                _dac_driver_api_list_start = .
 *(SORT_BY_NAME(SORT_BY_ALIGNMENT(._dac_driver_api.static.*)))
                0x00000000100139a4                _dac_driver_api_list_end = .

dai_driver_api_area
                0x00000000100139a4        0x0
                0x00000000100139a4                _dai_driver_api_list_start = .
 *(SORT_BY_NAME(SORT_BY_ALIGNMENT(._dai_driver_api.static.*)))
                0x00000000100139a4                _dai_driver_api_list_end = .

display_driver_api_area
                0x00000000100139a4        0x0
                0x00000000100139a4                _display_driver_api_list_start = .
 *(SORT_BY_NAME(SORT_BY_ALIGNMENT(._display_driver_api.static.*)))
                0x00000000100139a4                _display_driver_api_list_end = .

dma_driver_api_area
                0x00000000100139a4        0x0
                0x00000000100139a4                _dma_driver_api_list_start = .
 *(SORT_BY_NAME(SORT_BY_ALIGNMENT(._dma_driver_api.static.*)))
                0x00000000100139a4                _dma_driver_api_list_end = .

edac_driver_api_area
                0x00000000100139a4        0x0
                0x00000000100139a4                _edac_driver_api_list_start = .
 *(SORT_BY_NAME(SORT_BY_ALIGNMENT(._edac_driver_api.static.*)))
                0x00000000100139a4                _edac_driver_api_list_end = .

eeprom_driver_api_area
                0x00000000100139a4        0x0
                0x00000000100139a4                _eeprom_driver_api_list_start = .
 *(SORT_BY_NAME(SORT_BY_ALIGNMENT(._eeprom_driver_api.static.*)))
                0x00000000100139a4                _eeprom_driver_api_list_end = .

emul_bbram_driver_api_area
                0x00000000100139a4        0x0
                0x00000000100139a4                _emul_bbram_driver_api_list_start = .
 *(SORT_BY_NAME(SORT_BY_ALIGNMENT(._emul_bbram_driver_api.static.*)))
                0x00000000100139a4                _emul_bbram_driver_api_list_end = .

fuel_gauge_emul_driver_api_area
                0x00000000100139a4        0x0
                0x00000000100139a4                _fuel_gauge_emul_driver_api_list_start = .
 *(SORT_BY_NAME(SORT_BY_ALIGNMENT(._fuel_gauge_emul_driver_api.static.*)))
                0x00000000100139a4                _fuel_gauge_emul_driver_api_list_end = .

emul_sensor_driver_api_area
                0x00000000100139a4        0x0
                0x00000000100139a4                _emul_sensor_driver_api_list_start = .
 *(SORT_BY_NAME(SORT_BY_ALIGNMENT(._emul_sensor_driver_api.static.*)))
                0x00000000100139a4                _emul_sensor_driver_api_list_end = .

entropy_driver_api_area
                0x00000000100139a4        0x0
                0x00000000100139a4                _entropy_driver_api_list_start = .
 *(SORT_BY_NAME(SORT_BY_ALIGNMENT(._entropy_driver_api.static.*)))
                0x00000000100139a4                _entropy_driver_api_list_end = .

espi_driver_api_area
                0x00000000100139a4        0x0
                0x00000000100139a4                _espi_driver_api_list_start = .
 *(SORT_BY_NAME(SORT_BY_ALIGNMENT(._espi_driver_api.static.*)))
                0x00000000100139a4                _espi_driver_api_list_end = .

espi_saf_driver_api_area
                0x00000000100139a4        0x0
                0x00000000100139a4                _espi_saf_driver_api_list_start = .
 *(SORT_BY_NAME(SORT_BY_ALIGNMENT(._espi_saf_driver_api.static.*)))
                0x00000000100139a4                _espi_saf_driver_api_list_end = .

flash_driver_api_area
                0x00000000100139a4        0x0
                0x00000000100139a4                _flash_driver_api_list_start = .
 *(SORT_BY_NAME(SORT_BY_ALIGNMENT(._flash_driver_api.static.*)))
                0x00000000100139a4                _flash_driver_api_list_end = .

fpga_driver_api_area
                0x00000000100139a4        0x0
                0x00000000100139a4                _fpga_driver_api_list_start = .
 *(SORT_BY_NAME(SORT_BY_ALIGNMENT(._fpga_driver_api.static.*)))
                0x00000000100139a4                _fpga_driver_api_list_end = .

fuel_gauge_driver_api_area
                0x00000000100139a4        0x0
                0x00000000100139a4                _fuel_gauge_driver_api_list_start = .
 *(SORT_BY_NAME(SORT_BY_ALIGNMENT(._fuel_gauge_driver_api.static.*)))
                0x00000000100139a4                _fuel_gauge_driver_api_list_end = .

gnss_driver_api_area
                0x00000000100139a4        0x0
                0x00000000100139a4                _gnss_driver_api_list_start = .
 *(SORT_BY_NAME(SORT_BY_ALIGNMENT(._gnss_driver_api.static.*)))
                0x00000000100139a4                _gnss_driver_api_list_end = .

haptics_driver_api_area
                0x00000000100139a4        0x0
                0x00000000100139a4                _haptics_driver_api_list_start = .
 *(SORT_BY_NAME(SORT_BY_ALIGNMENT(._haptics_driver_api.static.*)))
                0x00000000100139a4                _haptics_driver_api_list_end = .

hwspinlock_driver_api_area
                0x00000000100139a4        0x0
                0x00000000100139a4                _hwspinlock_driver_api_list_start = .
 *(SORT_BY_NAME(SORT_BY_ALIGNMENT(._hwspinlock_driver_api.static.*)))
                0x00000000100139a4                _hwspinlock_driver_api_list_end = .

i2c_driver_api_area
                0x00000000100139a4        0x0
                0x00000000100139a4                _i2c_driver_api_list_start = .
 *(SORT_BY_NAME(SORT_BY_ALIGNMENT(._i2c_driver_api.static.*)))
                0x00000000100139a4                _i2c_driver_api_list_end = .

i2c_target_driver_api_area
                0x00000000100139a4        0x0
                0x00000000100139a4                _i2c_target_driver_api_list_start = .
 *(SORT_BY_NAME(SORT_BY_ALIGNMENT(._i2c_target_driver_api.static.*)))
                0x00000000100139a4                _i2c_target_driver_api_list_end = .

i2s_driver_api_area
                0x00000000100139a4        0x0
                0x00000000100139a4                _i2s_driver_api_list_start = .
 *(SORT_BY_NAME(SORT_BY_ALIGNMENT(._i2s_driver_api.static.*)))
                0x00000000100139a4                _i2s_driver_api_list_end = .

i3c_driver_api_area
                0x00000000100139a4        0x0
                0x00000000100139a4                _i3c_driver_api_list_start = .
 *(SORT_BY_NAME(SORT_BY_ALIGNMENT(._i3c_driver_api.static.*)))
                0x00000000100139a4                _i3c_driver_api_list_end = .

ipm_driver_api_area
                0x00000000100139a4        0x0
                0x00000000100139a4                _ipm_driver_api_list_start = .
 *(SORT_BY_NAME(SORT_BY_ALIGNMENT(._ipm_driver_api.static.*)))
                0x00000000100139a4                _ipm_driver_api_list_end = .

kscan_driver_api_area
                0x00000000100139a4        0x0
                0x00000000100139a4                _kscan_driver_api_list_start = .
 *(SORT_BY_NAME(SORT_BY_ALIGNMENT(._kscan_driver_api.static.*)))
                0x00000000100139a4                _kscan_driver_api_list_end = .

led_driver_api_area
                0x00000000100139a4        0x0
                0x00000000100139a4                _led_driver_api_list_start = .
 *(SORT_BY_NAME(SORT_BY_ALIGNMENT(._led_driver_api.static.*)))
                0x00000000100139a4                _led_driver_api_list_end = .

led_strip_driver_api_area
                0x00000000100139a4        0x0
                0x00000000100139a4                _led_strip_driver_api_list_start = .
 *(SORT_BY_NAME(SORT_BY_ALIGNMENT(._led_strip_driver_api.static.*)))
                0x00000000100139a4                _led_strip_driver_api_list_end = .

lora_driver_api_area
                0x00000000100139a4        0x0
                0x00000000100139a4                _lora_driver_api_list_start = .
 *(SORT_BY_NAME(SORT_BY_ALIGNMENT(._lora_driver_api.static.*)))
                0x00000000100139a4                _lora_driver_api_list_end = .

mbox_driver_api_area
                0x00000000100139a4        0x0
                0x00000000100139a4                _mbox_driver_api_list_start = .
 *(SORT_BY_NAME(SORT_BY_ALIGNMENT(._mbox_driver_api.static.*)))
                0x00000000100139a4                _mbox_driver_api_list_end = .

mdio_driver_api_area
                0x00000000100139a4        0x0
                0x00000000100139a4                _mdio_driver_api_list_start = .
 *(SORT_BY_NAME(SORT_BY_ALIGNMENT(._mdio_driver_api.static.*)))
                0x00000000100139a4                _mdio_driver_api_list_end = .

mipi_dbi_driver_api_area
                0x00000000100139a4        0x0
                0x00000000100139a4                _mipi_dbi_driver_api_list_start = .
 *(SORT_BY_NAME(SORT_BY_ALIGNMENT(._mipi_dbi_driver_api.static.*)))
                0x00000000100139a4                _mipi_dbi_driver_api_list_end = .

mipi_dsi_driver_api_area
                0x00000000100139a4        0x0
                0x00000000100139a4                _mipi_dsi_driver_api_list_start = .
 *(SORT_BY_NAME(SORT_BY_ALIGNMENT(._mipi_dsi_driver_api.static.*)))
                0x00000000100139a4                _mipi_dsi_driver_api_list_end = .

mspi_driver_api_area
                0x00000000100139a4        0x0
                0x00000000100139a4                _mspi_driver_api_list_start = .
 *(SORT_BY_NAME(SORT_BY_ALIGNMENT(._mspi_driver_api.static.*)))
                0x00000000100139a4                _mspi_driver_api_list_end = .

peci_driver_api_area
                0x00000000100139a4        0x0
                0x00000000100139a4                _peci_driver_api_list_start = .
 *(SORT_BY_NAME(SORT_BY_ALIGNMENT(._peci_driver_api.static.*)))
                0x00000000100139a4                _peci_driver_api_list_end = .

ps2_driver_api_area
                0x00000000100139a4        0x0
                0x00000000100139a4                _ps2_driver_api_list_start = .
 *(SORT_BY_NAME(SORT_BY_ALIGNMENT(._ps2_driver_api.static.*)))
                0x00000000100139a4                _ps2_driver_api_list_end = .

ptp_clock_driver_api_area
                0x00000000100139a4        0x0
                0x00000000100139a4                _ptp_clock_driver_api_list_start = .
 *(SORT_BY_NAME(SORT_BY_ALIGNMENT(._ptp_clock_driver_api.static.*)))
                0x00000000100139a4                _ptp_clock_driver_api_list_end = .

pwm_driver_api_area
                0x00000000100139a4        0x0
                0x00000000100139a4                _pwm_driver_api_list_start = .
 *(SORT_BY_NAME(SORT_BY_ALIGNMENT(._pwm_driver_api.static.*)))
                0x00000000100139a4                _pwm_driver_api_list_end = .

regulator_parent_driver_api_area
                0x00000000100139a4        0x0
                0x00000000100139a4                _regulator_parent_driver_api_list_start = .
 *(SORT_BY_NAME(SORT_BY_ALIGNMENT(._regulator_parent_driver_api.static.*)))
                0x00000000100139a4                _regulator_parent_driver_api_list_end = .

regulator_driver_api_area
                0x00000000100139a4        0x0
                0x00000000100139a4                _regulator_driver_api_list_start = .
 *(SORT_BY_NAME(SORT_BY_ALIGNMENT(._regulator_driver_api.static.*)))
                0x00000000100139a4                _regulator_driver_api_list_end = .

reset_driver_api_area
                0x00000000100139a4        0x0
                0x00000000100139a4                _reset_driver_api_list_start = .
 *(SORT_BY_NAME(SORT_BY_ALIGNMENT(._reset_driver_api.static.*)))
                0x00000000100139a4                _reset_driver_api_list_end = .

retained_mem_driver_api_area
                0x00000000100139a4        0x0
                0x00000000100139a4                _retained_mem_driver_api_list_start = .
 *(SORT_BY_NAME(SORT_BY_ALIGNMENT(._retained_mem_driver_api.static.*)))
                0x00000000100139a4                _retained_mem_driver_api_list_end = .

rtc_driver_api_area
                0x00000000100139a4        0x0
                0x00000000100139a4                _rtc_driver_api_list_start = .
 *(SORT_BY_NAME(SORT_BY_ALIGNMENT(._rtc_driver_api.static.*)))
                0x00000000100139a4                _rtc_driver_api_list_end = .

sdhc_driver_api_area
                0x00000000100139a4        0x0
                0x00000000100139a4                _sdhc_driver_api_list_start = .
 *(SORT_BY_NAME(SORT_BY_ALIGNMENT(._sdhc_driver_api.static.*)))
                0x00000000100139a4                _sdhc_driver_api_list_end = .

sensor_driver_api_area
                0x00000000100139a4        0x0
                0x00000000100139a4                _sensor_driver_api_list_start = .
 *(SORT_BY_NAME(SORT_BY_ALIGNMENT(._sensor_driver_api.static.*)))
                0x00000000100139a4                _sensor_driver_api_list_end = .

smbus_driver_api_area
                0x00000000100139a4        0x0
                0x00000000100139a4                _smbus_driver_api_list_start = .
 *(SORT_BY_NAME(SORT_BY_ALIGNMENT(._smbus_driver_api.static.*)))
                0x00000000100139a4                _smbus_driver_api_list_end = .

spi_driver_api_area
                0x00000000100139a4        0x0
                0x00000000100139a4                _spi_driver_api_list_start = .
 *(SORT_BY_NAME(SORT_BY_ALIGNMENT(._spi_driver_api.static.*)))
                0x00000000100139a4                _spi_driver_api_list_end = .

stepper_driver_api_area
                0x00000000100139a4        0x0
                0x00000000100139a4                _stepper_driver_api_list_start = .
 *(SORT_BY_NAME(SORT_BY_ALIGNMENT(._stepper_driver_api.static.*)))
                0x00000000100139a4                _stepper_driver_api_list_end = .

syscon_driver_api_area
                0x00000000100139a4        0x0
                0x00000000100139a4                _syscon_driver_api_list_start = .
 *(SORT_BY_NAME(SORT_BY_ALIGNMENT(._syscon_driver_api.static.*)))
                0x00000000100139a4                _syscon_driver_api_list_end = .

tee_driver_api_area
                0x00000000100139a4        0x0
                0x00000000100139a4                _tee_driver_api_list_start = .
 *(SORT_BY_NAME(SORT_BY_ALIGNMENT(._tee_driver_api.static.*)))
                0x00000000100139a4                _tee_driver_api_list_end = .

video_driver_api_area
                0x00000000100139a4        0x0
                0x00000000100139a4                _video_driver_api_list_start = .
 *(SORT_BY_NAME(SORT_BY_ALIGNMENT(._video_driver_api.static.*)))
                0x00000000100139a4                _video_driver_api_list_end = .

w1_driver_api_area
                0x00000000100139a4        0x0
                0x00000000100139a4                _w1_driver_api_list_start = .
 *(SORT_BY_NAME(SORT_BY_ALIGNMENT(._w1_driver_api.static.*)))
                0x00000000100139a4                _w1_driver_api_list_end = .

wdt_driver_api_area
                0x00000000100139a4        0x0
                0x00000000100139a4                _wdt_driver_api_list_start = .
 *(SORT_BY_NAME(SORT_BY_ALIGNMENT(._wdt_driver_api.static.*)))
                0x00000000100139a4                _wdt_driver_api_list_end = .

can_transceiver_driver_api_area
                0x00000000100139a4        0x0
                0x00000000100139a4                _can_transceiver_driver_api_list_start = .
 *(SORT_BY_NAME(SORT_BY_ALIGNMENT(._can_transceiver_driver_api.static.*)))
                0x00000000100139a4                _can_transceiver_driver_api_list_end = .

nrf_clock_control_driver_api_area
                0x00000000100139a4        0x0
                0x00000000100139a4                _nrf_clock_control_driver_api_list_start = .
 *(SORT_BY_NAME(SORT_BY_ALIGNMENT(._nrf_clock_control_driver_api.static.*)))
                0x00000000100139a4                _nrf_clock_control_driver_api_list_end = .

i3c_target_driver_api_area
                0x00000000100139a4        0x0
                0x00000000100139a4                _i3c_target_driver_api_list_start = .
 *(SORT_BY_NAME(SORT_BY_ALIGNMENT(._i3c_target_driver_api.static.*)))
                0x00000000100139a4                _i3c_target_driver_api_list_end = .

its_driver_api_area
                0x00000000100139a4        0x0
                0x00000000100139a4                _its_driver_api_list_start = .
 *(SORT_BY_NAME(SORT_BY_ALIGNMENT(._its_driver_api.static.*)))
                0x00000000100139a4                _its_driver_api_list_end = .

vtd_driver_api_area
                0x00000000100139a4        0x0
                0x00000000100139a4                _vtd_driver_api_list_start = .
 *(SORT_BY_NAME(SORT_BY_ALIGNMENT(._vtd_driver_api.static.*)))
                0x00000000100139a4                _vtd_driver_api_list_end = .

tgpio_driver_api_area
                0x00000000100139a4        0x0
                0x00000000100139a4                _tgpio_driver_api_list_start = .
 *(SORT_BY_NAME(SORT_BY_ALIGNMENT(._tgpio_driver_api.static.*)))
                0x00000000100139a4                _tgpio_driver_api_list_end = .

pcie_ctrl_driver_api_area
                0x00000000100139a4        0x0
                0x00000000100139a4                _pcie_ctrl_driver_api_list_start = .
 *(SORT_BY_NAME(SORT_BY_ALIGNMENT(._pcie_ctrl_driver_api.static.*)))
                0x00000000100139a4                _pcie_ctrl_driver_api_list_end = .

pcie_ep_driver_api_area
                0x00000000100139a4        0x0
                0x00000000100139a4                _pcie_ep_driver_api_list_start = .
 *(SORT_BY_NAME(SORT_BY_ALIGNMENT(._pcie_ep_driver_api.static.*)))
                0x00000000100139a4                _pcie_ep_driver_api_list_end = .

svc_driver_api_area
                0x00000000100139a4        0x0
                0x00000000100139a4                _svc_driver_api_list_start = .
 *(SORT_BY_NAME(SORT_BY_ALIGNMENT(._svc_driver_api.static.*)))
                0x00000000100139a4                _svc_driver_api_list_end = .

uart_driver_api_area
                0x00000000100139a4       0x14
                0x00000000100139a4                _uart_driver_api_list_start = .
 *(SORT_BY_NAME(SORT_BY_ALIGNMENT(._uart_driver_api.static.*)))
 ._uart_driver_api.static.mcux_lpuart_driver_api_
                0x00000000100139a4       0x14 zephyr/drivers/serial/libdrivers__serial.a(uart_mcux_lpuart.c.obj)
                0x00000000100139b8                _uart_driver_api_list_end = .

bc12_emul_driver_api_area
                0x00000000100139b8        0x0
                0x00000000100139b8                _bc12_emul_driver_api_list_start = .
 *(SORT_BY_NAME(SORT_BY_ALIGNMENT(._bc12_emul_driver_api.static.*)))
                0x00000000100139b8                _bc12_emul_driver_api_list_end = .

bc12_driver_api_area
                0x00000000100139b8        0x0
                0x00000000100139b8                _bc12_driver_api_list_start = .
 *(SORT_BY_NAME(SORT_BY_ALIGNMENT(._bc12_driver_api.static.*)))
                0x00000000100139b8                _bc12_driver_api_list_end = .

usbc_ppc_driver_api_area
                0x00000000100139b8        0x0
                0x00000000100139b8                _usbc_ppc_driver_api_list_start = .
 *(SORT_BY_NAME(SORT_BY_ALIGNMENT(._usbc_ppc_driver_api.static.*)))
                0x00000000100139b8                _usbc_ppc_driver_api_list_end = .

tcpc_driver_api_area
                0x00000000100139b8        0x0
                0x00000000100139b8                _tcpc_driver_api_list_start = .
 *(SORT_BY_NAME(SORT_BY_ALIGNMENT(._tcpc_driver_api.static.*)))
                0x00000000100139b8                _tcpc_driver_api_list_end = .

usbc_vbus_driver_api_area
                0x00000000100139b8        0x0
                0x00000000100139b8                _usbc_vbus_driver_api_list_start = .
 *(SORT_BY_NAME(SORT_BY_ALIGNMENT(._usbc_vbus_driver_api.static.*)))
                0x00000000100139b8                _usbc_vbus_driver_api_list_end = .

ivshmem_driver_api_area
                0x00000000100139b8        0x0
                0x00000000100139b8                _ivshmem_driver_api_list_start = .
 *(SORT_BY_NAME(SORT_BY_ALIGNMENT(._ivshmem_driver_api.static.*)))
                0x00000000100139b8                _ivshmem_driver_api_list_end = .

ethphy_driver_api_area
                0x00000000100139b8        0x0
                0x00000000100139b8                _ethphy_driver_api_list_start = .
 *(SORT_BY_NAME(SORT_BY_ALIGNMENT(._ethphy_driver_api.static.*)))
                0x00000000100139b8                _ethphy_driver_api_list_end = .

ztest           0x00000000100139b8        0x0
                0x00000000100139b8                _ztest_expected_result_entry_list_start = .
 *(SORT_BY_NAME(SORT_BY_ALIGNMENT(._ztest_expected_result_entry.static.*)))
                0x00000000100139b8                _ztest_expected_result_entry_list_end = .
                0x00000000100139b8                _ztest_suite_node_list_start = .
 *(SORT_BY_NAME(SORT_BY_ALIGNMENT(._ztest_suite_node.static.*)))
                0x00000000100139b8                _ztest_suite_node_list_end = .
                0x00000000100139b8                _ztest_unit_test_list_start = .
 *(SORT_BY_NAME(SORT_BY_ALIGNMENT(._ztest_unit_test.static.*)))
                0x00000000100139b8                _ztest_unit_test_list_end = .
                0x00000000100139b8                _ztest_test_rule_list_start = .
 *(SORT_BY_NAME(SORT_BY_ALIGNMENT(._ztest_test_rule.static.*)))
                0x00000000100139b8                _ztest_test_rule_list_end = .

init_array      0x00000000100139b8        0x0
 *(SORT_BY_NAME(SORT_BY_ALIGNMENT(.ctors*)))
 *(SORT_BY_NAME(SORT_BY_ALIGNMENT(.init_array*)))
                0x0000000000000001                ASSERT ((SIZEOF (init_array) == 0x0), GNU-style constructors required but STATIC_INIT_GNU not enabled)

bt_l2cap_fixed_chan_area
                0x00000000100139b8        0x0
                0x00000000100139b8                _bt_l2cap_fixed_chan_list_start = .
 *(SORT_BY_NAME(SORT_BY_ALIGNMENT(._bt_l2cap_fixed_chan.static.*)))
                0x00000000100139b8                _bt_l2cap_fixed_chan_list_end = .

bt_gatt_service_static_area
                0x00000000100139b8        0x0
                0x00000000100139b8                _bt_gatt_service_static_list_start = .
 *(SORT_BY_NAME(SORT_BY_ALIGNMENT(._bt_gatt_service_static.static.*)))
                0x00000000100139b8                _bt_gatt_service_static_list_end = .

log_strings_area
                0x00000000100139b8        0x0
                0x00000000100139b8                _log_strings_list_start = .
 *(SORT_BY_NAME(SORT_BY_ALIGNMENT(._log_strings.static.*)))
                0x00000000100139b8                _log_strings_list_end = .

log_stmesp_ptr_area
                0x00000000100139b8        0x0
                0x00000000100139b8                _log_stmesp_ptr_list_start = .
 *(SORT_BY_NAME(SORT_BY_ALIGNMENT(._log_stmesp_ptr.static.*)))
                0x00000000100139b8                _log_stmesp_ptr_list_end = .

log_stmesp_str_area
                0x00000000100139b8        0x0
                0x00000000100139b8                _log_stmesp_str_list_start = .
 *(SORT_BY_NAME(SORT_BY_ALIGNMENT(._log_stmesp_str.static.*)))
                0x00000000100139b8                _log_stmesp_str_list_end = .

log_const_area  0x00000000100139b8        0x0
                0x00000000100139b8                _log_const_list_start = .
 *(SORT_BY_NAME(SORT_BY_ALIGNMENT(._log_const.static.*)))
                0x00000000100139b8                _log_const_list_end = .

log_backend_area
                0x00000000100139b8        0x0
                0x00000000100139b8                _log_backend_list_start = .
 *(SORT_BY_NAME(SORT_BY_ALIGNMENT(._log_backend.static.*)))
                0x00000000100139b8                _log_backend_list_end = .

log_link_area   0x00000000100139b8        0x0
                0x00000000100139b8                _log_link_list_start = .
 *(SORT_BY_NAME(SORT_BY_ALIGNMENT(._log_link.static.*)))
                0x00000000100139b8                _log_link_list_end = .

tracing_backend_area
                0x00000000100139b8        0x0
                0x00000000100139b8                _tracing_backend_list_start = .
 *(SORT_BY_NAME(SORT_BY_ALIGNMENT(._tracing_backend.static.*)))
                0x00000000100139b8                _tracing_backend_list_end = .

zephyr_dbg_info
 *(SORT_BY_ALIGNMENT(.dbg_thread_info))

intc_table_area
                0x00000000100139b8        0x0
                0x00000000100139b8                _intc_table_list_start = .
 *(SORT_BY_NAME(SORT_BY_ALIGNMENT(._intc_table.static.*)))
                0x00000000100139b8                _intc_table_list_end = .

symbol_to_keep  0x00000000100139b8        0x0
                0x00000000100139b8                __symbol_to_keep_start = .
 *(SORT_BY_NAME(SORT_BY_ALIGNMENT(.symbol_to_keep*)))
                0x00000000100139b8                __symbol_to_keep_end = .

shell_area      0x00000000100139b8        0x0
                0x00000000100139b8                _shell_list_start = .
 *(SORT_BY_NAME(SORT_BY_ALIGNMENT(._shell.static.*)))
                0x00000000100139b8                _shell_list_end = .

shell_root_cmds_area
                0x00000000100139b8        0x0
                0x00000000100139b8                _shell_root_cmds_list_start = .
 *(SORT_BY_NAME(SORT_BY_ALIGNMENT(._shell_root_cmds.static.*)))
                0x00000000100139b8                _shell_root_cmds_list_end = .

shell_subcmds_area
                0x00000000100139b8        0x0
                0x00000000100139b8                _shell_subcmds_list_start = .
 *(SORT_BY_NAME(SORT_BY_ALIGNMENT(._shell_subcmds.static.*)))
                0x00000000100139b8                _shell_subcmds_list_end = .

shell_dynamic_subcmds_area
                0x00000000100139b8        0x0
                0x00000000100139b8                _shell_dynamic_subcmds_list_start = .
 *(SORT_BY_NAME(SORT_BY_ALIGNMENT(._shell_dynamic_subcmds.static.*)))
                0x00000000100139b8                _shell_dynamic_subcmds_list_end = .

cfb_font_area   0x00000000100139b8        0x0
                0x00000000100139b8                _cfb_font_list_start = .
 *(SORT_BY_NAME(SORT_BY_ALIGNMENT(._cfb_font.static.*)))
                0x00000000100139b8                _cfb_font_list_end = .

tdata           0x00000000100139b8        0x0
 *(SORT_BY_ALIGNMENT(.tdata) SORT_BY_ALIGNMENT(.tdata.*) SORT_BY_ALIGNMENT(.gnu.linkonce.td.*))

tbss            0x00000000100139b8        0x4
 *(SORT_BY_ALIGNMENT(.tbss) SORT_BY_ALIGNMENT(.tbss.*) SORT_BY_ALIGNMENT(.gnu.linkonce.tb.*) SORT_BY_ALIGNMENT(.tcommon))
 .tbss.z_tls_current
                0x00000000100139b8        0x4 zephyr/libzephyr.a(thread_entry.c.obj)
                0x00000000100139b8                z_tls_current
                0x00000000100139b8                PROVIDE (__tdata_start = LOADADDR (tdata))
                0x0000000000000001                PROVIDE (__tdata_align = ALIGNOF (tdata))
                0x0000000000000000                PROVIDE (__tdata_size = (((SIZEOF (tdata) + __tdata_align) - 0x1) & ~ ((__tdata_align - 0x1))))
                [!provide]                        PROVIDE (__tdata_end = (__tdata_start + __tdata_size))
                0x0000000000000004                PROVIDE (__tbss_align = ALIGNOF (tbss))
                [!provide]                        PROVIDE (__tbss_start = ADDR (tbss))
                0x0000000000000004                PROVIDE (__tbss_size = (((SIZEOF (tbss) + __tbss_align) - 0x1) & ~ ((__tbss_align - 0x1))))
                [!provide]                        PROVIDE (__tbss_end = (__tbss_start + __tbss_size))
                [!provide]                        PROVIDE (__tls_start = __tdata_start)
                [!provide]                        PROVIDE (__tls_end = __tbss_end)
                [!provide]                        PROVIDE (__tls_size = (__tbss_end - __tdata_start))

rodata          0x00000000100139b8      0x234
 *(SORT_BY_ALIGNMENT(.rodata))
 .rodata        0x00000000100139b8       0x18 zephyr/libzephyr.a(soc.c.obj)
 *(SORT_BY_ALIGNMENT(.rodata.*))
 .rodata.mem_attr_region
                0x00000000100139d0       0x10 zephyr/libzephyr.a(mem_attr.c.obj)
 .rodata.static_regions
                0x00000000100139e0        0xc zephyr/arch/arch/arm/core/mpu/libarch__arm__core__mpu.a(arm_core_mpu.c.obj)
 .rodata.mpu_config
                0x00000000100139ec        0x8 zephyr/arch/arch/arm/core/mpu/libarch__arm__core__mpu.a(arm_mpu_regions.c.obj)
                0x00000000100139ec                mpu_config
 .rodata.mpu_regions
                0x00000000100139f4       0x20 zephyr/arch/arch/arm/core/mpu/libarch__arm__core__mpu.a(arm_mpu_regions.c.obj)
 .rodata.gpio_mcux_port0_config
                0x0000000010013a14       0x14 zephyr/drivers/gpio/libdrivers__gpio.a(gpio_mcux.c.obj)
 .rodata.pinctrl_mcux_3_config
                0x0000000010013a28        0x8 zephyr/drivers/pinctrl/libdrivers__pinctrl.a(pinctrl_nxp_port.c.obj)
 .rodata.pinctrl_mcux_2_config
                0x0000000010013a30        0x8 zephyr/drivers/pinctrl/libdrivers__pinctrl.a(pinctrl_nxp_port.c.obj)
 .rodata.pinctrl_mcux_1_config
                0x0000000010013a38        0x8 zephyr/drivers/pinctrl/libdrivers__pinctrl.a(pinctrl_nxp_port.c.obj)
 .rodata.pinctrl_mcux_0_config
                0x0000000010013a40        0x8 zephyr/drivers/pinctrl/libdrivers__pinctrl.a(pinctrl_nxp_port.c.obj)
 .rodata.ports  0x0000000010013a48       0x10 zephyr/drivers/pinctrl/libdrivers__pinctrl.a(pinctrl_nxp_port.c.obj)
 .rodata.mcux_lpuart_1_config
                0x0000000010013a58       0x1c zephyr/drivers/serial/libdrivers__serial.a(uart_mcux_lpuart.c.obj)
 .rodata.__pinctrl_dev_config__device_dts_ord_65
                0x0000000010013a74        0x8 zephyr/drivers/serial/libdrivers__serial.a(uart_mcux_lpuart.c.obj)
 .rodata.__pinctrl_states__device_dts_ord_65
                0x0000000010013a7c        0x8 zephyr/drivers/serial/libdrivers__serial.a(uart_mcux_lpuart.c.obj)
 .rodata.__pinctrl_state_pins_0__device_dts_ord_65
                0x0000000010013a84        0x8 zephyr/drivers/serial/libdrivers__serial.a(uart_mcux_lpuart.c.obj)
 .rodata.mcux_lpuart_0_config
                0x0000000010013a8c       0x1c zephyr/drivers/serial/libdrivers__serial.a(uart_mcux_lpuart.c.obj)
 .rodata.__pinctrl_dev_config__device_dts_ord_64
                0x0000000010013aa8        0x8 zephyr/drivers/serial/libdrivers__serial.a(uart_mcux_lpuart.c.obj)
 .rodata.__pinctrl_states__device_dts_ord_64
                0x0000000010013ab0        0x8 zephyr/drivers/serial/libdrivers__serial.a(uart_mcux_lpuart.c.obj)
 .rodata.__pinctrl_state_pins_0__device_dts_ord_64
                0x0000000010013ab8        0x8 zephyr/drivers/serial/libdrivers__serial.a(uart_mcux_lpuart.c.obj)
 .rodata.fircFreq.1
                0x0000000010013ac0       0x10 modules/hal_nxp/hal_nxp/lib..__modules__hal__nxp.a(fsl_clock.c.obj)
 .rodata.s_lpuartClock
                0x0000000010013ad0        0x8 modules/hal_nxp/hal_nxp/lib..__modules__hal__nxp.a(fsl_lpuart.c.obj)
 .rodata.levels.0
                0x0000000010013ad8       0x18 zephyr/kernel/libkernel.a(init.c.obj)
 .rodata.main.str1.1
                0x0000000010013af0       0x2f app/libapp.a(main.c.obj)
 .rodata.str1.1
                0x0000000010013b1f        0xc zephyr/libzephyr.a(mem_attr.c.obj)
 .rodata.str1.1
                0x0000000010013b2b        0xf zephyr/arch/arch/arm/core/mpu/libarch__arm__core__mpu.a(arm_mpu_regions.c.obj)
 .rodata.str1.1
                0x0000000010013b3a       0x17 zephyr/drivers/clock_control/libdrivers__clock_control.a(clock_control_mcux_scg_k4.c.obj)
 .rodata.str1.1
                0x0000000010013b51        0xb zephyr/drivers/gpio/libdrivers__gpio.a(gpio_mcux.c.obj)
 .rodata.str1.1
                0x0000000010013b5c       0x38 zephyr/drivers/pinctrl/libdrivers__pinctrl.a(pinctrl_nxp_port.c.obj)
 .rodata.str1.1
                0x0000000010013b94       0x1a zephyr/drivers/serial/libdrivers__serial.a(uart_mcux_lpuart.c.obj)
 .rodata.z_cstart.str1.1
                0x0000000010013bae        0x5 zephyr/kernel/libkernel.a(init.c.obj)
 .rodata.boot_banner.str1.1
                0x0000000010013bb3       0x28 zephyr/kernel/libkernel.a(banner.c.obj)
 .rodata.__l_vfprintf.str1.1
                0x0000000010013bdb        0xf c:\users\cjwsa\zephyr-sdk-0.17.0\arm-zephyr-eabi\bin\../lib/gcc/../../picolibc/arm-zephyr-eabi/lib/thumb/v8-m.main/nofp\libc.a(libc_tinystdio_vflprintf.c.o)
 *(SORT_BY_ALIGNMENT(.gnu.linkonce.r.*))
                0x0000000010013bec                . = ALIGN (0x4)
 *fill*         0x0000000010013bea        0x2 
                0x0000000010013bec                __rodata_region_end = .
                0x0000000010013c00                . = ALIGN (_region_min_align)
                0x0000000010013c00                __rom_region_end = ((__rom_region_start + .) - ADDR (rom_start))

/DISCARD/
 *(SORT_BY_ALIGNMENT(.got.plt))
 *(SORT_BY_ALIGNMENT(.igot.plt))
 *(SORT_BY_ALIGNMENT(.got))
 *(SORT_BY_ALIGNMENT(.igot))
                0x0000000030000000                . = 0x30000000
                0x0000000030000000                . = ALIGN (_region_min_align)
                0x0000000030000000                _image_ram_start = .

.ramfunc        0x0000000030000000        0x0 load address 0x0000000010013bec
                0x0000000030000000                __ramfunc_region_start = .
                0x0000000030000000                . = ALIGN (_region_min_align)
                0x0000000030000000                __ramfunc_start = .
 *(SORT_BY_ALIGNMENT(.ramfunc))
 *(SORT_BY_ALIGNMENT(.ramfunc.*))
                0x0000000030000000                . = ALIGN (0x4)
 *(SORT_BY_ALIGNMENT(CodeQuickAccess))
                0x0000000030000000                . = ALIGN (_region_min_align)
                0x0000000030000000                __ramfunc_end = .
                0x0000000000000000                __ramfunc_size = (__ramfunc_end - __ramfunc_start)
                0x0000000010013bec                __ramfunc_load_start = LOADADDR (.ramfunc)

datas           0x0000000030000000       0x20 load address 0x0000000010013bec
                0x0000000030000000                __data_region_start = .
                0x0000000030000000                __data_start = .
 *(SORT_BY_ALIGNMENT(.data))
 *(SORT_BY_ALIGNMENT(.data.*))
 .data._char_out
                0x0000000030000000        0x4 zephyr/libzephyr.a(printk.c.obj)
 .data.__stdout
                0x0000000030000004       0x10 zephyr/lib/libc/picolibc/liblib__libc__picolibc.a(stdio.c.obj)
 .data.SystemCoreClock
                0x0000000030000014        0x4 modules/hal_nxp/hal_nxp/lib..__modules__hal__nxp.a(system_MCXW716C.c.obj)
                0x0000000030000014                SystemCoreClock
 .data.timeout_list
                0x0000000030000018        0x8 zephyr/kernel/libkernel.a(timeout.c.obj)
 *(SORT_BY_ALIGNMENT(.kernel.*))
                0x0000000030000020                . = ALIGN (0x4)
 *(SORT_BY_ALIGNMENT(DataQuickAccess))
                0x0000000030000020                __data_end = .
                0x0000000000000020                __data_size = (__data_end - __data_start)
                0x0000000010013bec                __data_load_start = LOADADDR (datas)
                0x0000000010013bec                __data_region_load_start = LOADADDR (datas)

device_states   0x0000000030000020       0x10 load address 0x0000000010013c0c
                0x0000000030000020                __device_states_start = .
 *(SORT_BY_ALIGNMENT(.z_devstate))
 .z_devstate    0x0000000030000020        0x2 zephyr/drivers/clock_control/libdrivers__clock_control.a(clock_control_mcux_scg_k4.c.obj)
 .z_devstate    0x0000000030000022        0x2 zephyr/drivers/gpio/libdrivers__gpio.a(gpio_mcux.c.obj)
 .z_devstate    0x0000000030000024        0x8 zephyr/drivers/pinctrl/libdrivers__pinctrl.a(pinctrl_nxp_port.c.obj)
 .z_devstate    0x000000003000002c        0x4 zephyr/drivers/serial/libdrivers__serial.a(uart_mcux_lpuart.c.obj)
 *(SORT_BY_ALIGNMENT(.z_devstate.*))
                0x0000000030000030                __device_states_end = .

log_mpsc_pbuf_area
                0x0000000030000030        0x0 load address 0x0000000010013c1c
                0x0000000030000030                _log_mpsc_pbuf_list_start = .
 *(SORT_BY_NAME(SORT_BY_ALIGNMENT(._log_mpsc_pbuf.static.*)))
                0x0000000030000030                _log_mpsc_pbuf_list_end = .

log_msg_ptr_area
                0x0000000030000030        0x0 load address 0x0000000010013c1c
                0x0000000030000030                _log_msg_ptr_list_start = .
 *(SORT_BY_NAME(SORT_BY_ALIGNMENT(._log_msg_ptr.static.*)))
                0x0000000030000030                _log_msg_ptr_list_end = .

log_dynamic_area
                0x0000000030000030        0x0 load address 0x0000000010013c1c
                0x0000000030000030                _log_dynamic_list_start = .
 *(SORT_BY_NAME(SORT_BY_ALIGNMENT(._log_dynamic.static.*)))
                0x0000000030000030                _log_dynamic_list_end = .

k_timer_area    0x0000000030000030        0x0 load address 0x0000000010013c1c
                0x0000000030000030                _k_timer_list_start = .
 *(SORT_BY_NAME(SORT_BY_ALIGNMENT(._k_timer.static.*)))
                0x0000000030000030                _k_timer_list_end = .

k_mem_slab_area
                0x0000000030000030        0x0 load address 0x0000000010013c1c
                0x0000000030000030                _k_mem_slab_list_start = .
 *(SORT_BY_NAME(SORT_BY_ALIGNMENT(._k_mem_slab.static.*)))
                0x0000000030000030                _k_mem_slab_list_end = .

k_heap_area     0x0000000030000030        0x0 load address 0x0000000010013c1c
                0x0000000030000030                _k_heap_list_start = .
 *(SORT_BY_NAME(SORT_BY_ALIGNMENT(._k_heap.static.*)))
                0x0000000030000030                _k_heap_list_end = .

k_mutex_area    0x0000000030000030        0x0 load address 0x0000000010013c1c
                0x0000000030000030                _k_mutex_list_start = .
 *(SORT_BY_NAME(SORT_BY_ALIGNMENT(._k_mutex.static.*)))
                0x0000000030000030                _k_mutex_list_end = .

k_stack_area    0x0000000030000030        0x0 load address 0x0000000010013c1c
                0x0000000030000030                _k_stack_list_start = .
 *(SORT_BY_NAME(SORT_BY_ALIGNMENT(._k_stack.static.*)))
                0x0000000030000030                _k_stack_list_end = .

k_msgq_area     0x0000000030000030        0x0 load address 0x0000000010013c1c
                0x0000000030000030                _k_msgq_list_start = .
 *(SORT_BY_NAME(SORT_BY_ALIGNMENT(._k_msgq.static.*)))
                0x0000000030000030                _k_msgq_list_end = .

k_mbox_area     0x0000000030000030        0x0 load address 0x0000000010013c1c
                0x0000000030000030                _k_mbox_list_start = .
 *(SORT_BY_NAME(SORT_BY_ALIGNMENT(._k_mbox.static.*)))
                0x0000000030000030                _k_mbox_list_end = .

k_pipe_area     0x0000000030000030        0x0 load address 0x0000000010013c1c
                0x0000000030000030                _k_pipe_list_start = .
 *(SORT_BY_NAME(SORT_BY_ALIGNMENT(._k_pipe.static.*)))
                0x0000000030000030                _k_pipe_list_end = .

k_sem_area      0x0000000030000030        0x0 load address 0x0000000010013c1c
                0x0000000030000030                _k_sem_list_start = .
 *(SORT_BY_NAME(SORT_BY_ALIGNMENT(._k_sem.static.*)))
                0x0000000030000030                _k_sem_list_end = .

k_event_area    0x0000000030000030        0x0 load address 0x0000000010013c1c
                0x0000000030000030                _k_event_list_start = .
 *(SORT_BY_NAME(SORT_BY_ALIGNMENT(._k_event.static.*)))
                0x0000000030000030                _k_event_list_end = .

k_queue_area    0x0000000030000030        0x0 load address 0x0000000010013c1c
                0x0000000030000030                _k_queue_list_start = .
 *(SORT_BY_NAME(SORT_BY_ALIGNMENT(._k_queue.static.*)))
                0x0000000030000030                _k_queue_list_end = .

k_fifo_area     0x0000000030000030        0x0 load address 0x0000000010013c1c
                0x0000000030000030                _k_fifo_list_start = .
 *(SORT_BY_NAME(SORT_BY_ALIGNMENT(._k_fifo.static.*)))
                0x0000000030000030                _k_fifo_list_end = .

k_lifo_area     0x0000000030000030        0x0 load address 0x0000000010013c1c
                0x0000000030000030                _k_lifo_list_start = .
 *(SORT_BY_NAME(SORT_BY_ALIGNMENT(._k_lifo.static.*)))
                0x0000000030000030                _k_lifo_list_end = .

k_condvar_area  0x0000000030000030        0x0 load address 0x0000000010013c1c
                0x0000000030000030                _k_condvar_list_start = .
 *(SORT_BY_NAME(SORT_BY_ALIGNMENT(._k_condvar.static.*)))
                0x0000000030000030                _k_condvar_list_end = .

sys_mem_blocks_ptr_area
                0x0000000030000030        0x0 load address 0x0000000010013c1c
                0x0000000030000030                _sys_mem_blocks_ptr_list_start = .
 *(SORT_BY_NAME(SORT_BY_ALIGNMENT(._sys_mem_blocks_ptr.static.*)))
                0x0000000030000030                _sys_mem_blocks_ptr_list_end = .

net_buf_pool_area
                0x0000000030000030        0x0 load address 0x0000000010013c1c
                0x0000000030000030                _net_buf_pool_list_start = .
 *(SORT_BY_NAME(SORT_BY_ALIGNMENT(._net_buf_pool.static.*)))
                0x0000000030000030                _net_buf_pool_list_end = .
                0x0000000030000030                __data_region_end = .

/DISCARD/
 *(SORT_BY_ALIGNMENT(.irq_info*))
 *(SORT_BY_ALIGNMENT(.intList*))

.stab
 *(SORT_BY_ALIGNMENT(.stab))

.stabstr
 *(SORT_BY_ALIGNMENT(.stabstr))

.stab.excl
 *(SORT_BY_ALIGNMENT(.stab.excl))

.stab.exclstr
 *(SORT_BY_ALIGNMENT(.stab.exclstr))

.stab.index
 *(SORT_BY_ALIGNMENT(.stab.index))

.stab.indexstr
 *(SORT_BY_ALIGNMENT(.stab.indexstr))

.gnu.build.attributes
 *(SORT_BY_ALIGNMENT(.gnu.build.attributes) SORT_BY_ALIGNMENT(.gnu.build.attributes.*))

.comment        0x0000000000000000       0x20
 *(SORT_BY_ALIGNMENT(.comment))
 .comment       0x0000000000000000       0x20 zephyr/CMakeFiles/zephyr_final.dir/isr_tables.c.obj
                                         0x21 (size before relaxing)
 .comment       0x0000000000000020       0x21 zephyr/CMakeFiles/offsets.dir/./arch/arm/core/offsets/offsets.c.obj
 .comment       0x0000000000000020       0x21 app/libapp.a(main.c.obj)
 .comment       0x0000000000000020       0x21 zephyr/libzephyr.a(heap.c.obj)
 .comment       0x0000000000000020       0x21 zephyr/libzephyr.a(printk.c.obj)
 .comment       0x0000000000000020       0x21 zephyr/libzephyr.a(thread_entry.c.obj)
 .comment       0x0000000000000020       0x21 zephyr/libzephyr.a(configs.c.obj)
 .comment       0x0000000000000020       0x21 zephyr/libzephyr.a(soc.c.obj)
 .comment       0x0000000000000020       0x21 zephyr/libzephyr.a(mem_attr.c.obj)
 .comment       0x0000000000000020       0x21 zephyr/arch/arch/arm/core/libarch__arm__core.a(fatal.c.obj)
 .comment       0x0000000000000020       0x21 zephyr/arch/arch/arm/core/libarch__arm__core.a(nmi.c.obj)
 .comment       0x0000000000000020       0x21 zephyr/arch/arch/arm/core/libarch__arm__core.a(tls.c.obj)
 .comment       0x0000000000000020       0x21 zephyr/arch/arch/arm/core/cortex_m/libarch__arm__core__cortex_m.a(exc_exit.c.obj)
 .comment       0x0000000000000020       0x21 zephyr/arch/arch/arm/core/cortex_m/libarch__arm__core__cortex_m.a(fault.c.obj)
 .comment       0x0000000000000020       0x21 zephyr/arch/arch/arm/core/cortex_m/libarch__arm__core__cortex_m.a(scb.c.obj)
 .comment       0x0000000000000020       0x21 zephyr/arch/arch/arm/core/cortex_m/libarch__arm__core__cortex_m.a(thread_abort.c.obj)
 .comment       0x0000000000000020       0x21 zephyr/arch/arch/arm/core/cortex_m/libarch__arm__core__cortex_m.a(irq_manage.c.obj)
 .comment       0x0000000000000020       0x21 zephyr/arch/arch/arm/core/cortex_m/libarch__arm__core__cortex_m.a(prep_c.c.obj)
 .comment       0x0000000000000020       0x21 zephyr/arch/arch/arm/core/cortex_m/libarch__arm__core__cortex_m.a(thread.c.obj)
 .comment       0x0000000000000020       0x21 zephyr/arch/arch/arm/core/cortex_m/libarch__arm__core__cortex_m.a(cpu_idle.c.obj)
 .comment       0x0000000000000020       0x21 zephyr/arch/arch/arm/core/cortex_m/libarch__arm__core__cortex_m.a(irq_init.c.obj)
 .comment       0x0000000000000020       0x21 zephyr/arch/arch/arm/core/cortex_m/libarch__arm__core__cortex_m.a(isr_wrapper.c.obj)
 .comment       0x0000000000000020       0x21 zephyr/arch/arch/arm/core/cortex_m/cmse/libarch__arm__core__cortex_m__cmse.a(arm_core_cmse.c.obj)
 .comment       0x0000000000000020       0x21 zephyr/arch/arch/arm/core/mpu/libarch__arm__core__mpu.a(arm_core_mpu.c.obj)
 .comment       0x0000000000000020       0x21 zephyr/arch/arch/arm/core/mpu/libarch__arm__core__mpu.a(arm_mpu.c.obj)
 .comment       0x0000000000000020       0x21 zephyr/arch/arch/arm/core/mpu/libarch__arm__core__mpu.a(arm_mpu_regions.c.obj)